drivers/core/device.c:627:24:_device_find_global_by_ofnode	16	static
drivers/core/device.c:264:14:alloc_priv	16	static
drivers/core/device.c:33:12:device_bind_common.constprop	40	static
drivers/core/device.c:219:5:device_bind_with_driver_data	24	static
drivers/core/device.c:228:5:device_bind	24	static
drivers/core/device.c:236:5:device_bind_ofnode	24	static
drivers/core/device.c:244:5:device_bind_by_name	40	static
drivers/core/device.c:308:5:device_probe	16	static
drivers/core/device.c:447:7:dev_get_platdata	8	static
drivers/core/device.c:457:7:dev_get_parent_platdata	8	static
drivers/core/device.c:467:7:dev_get_uclass_platdata	8	static
drivers/core/device.c:477:7:dev_get_priv	8	static
drivers/core/device.c:487:7:dev_get_uclass_priv	8	static
drivers/core/device.c:497:7:dev_get_parent_priv	8	static
drivers/core/device.c:549:5:device_get_child	16	static
drivers/core/device.c:561:5:device_find_child_by_seq	20	static
drivers/core/device.c:581:5:device_get_child_by_seq	24	static
drivers/core/device.c:599:5:device_find_child_by_of_offset	12	static
drivers/core/device.c:616:5:device_get_child_by_of_offset	24	static
drivers/core/device.c:644:5:device_find_global_by_ofnode	8	static
drivers/core/device.c:651:5:device_get_global_by_ofnode	16	static
drivers/core/device.c:659:5:device_find_first_child	0	static
drivers/core/device.c:671:5:device_find_next_child	0	static
drivers/core/device.c:686:5:device_find_first_inactive_child	16	static
drivers/core/device.c:704:5:device_find_first_child_by_uclass	12	static
drivers/core/device.c:721:5:device_find_child_by_name	24	static
drivers/core/device.c:738:17:dev_get_parent	0	static
drivers/core/device.c:743:7:dev_get_driver_data	0	static
drivers/core/device.c:748:13:dev_get_driver_ops	0	static
drivers/core/device.c:756:16:device_get_uclass_id	0	static
drivers/core/device.c:761:13:dev_get_uclass_name	0	static
drivers/core/device.c:769:6:device_has_children	0	static
drivers/core/device.c:774:6:device_has_active_children	16	static
drivers/core/device.c:788:6:device_is_last_sibling	0	static
drivers/core/device.c:797:6:device_set_name_alloced	0	static
drivers/core/device.c:802:5:device_set_name	8	static
drivers/core/device.c:813:6:device_is_compatible	8	static
drivers/core/device.c:818:6:of_machine_is_compatible	8	static
drivers/core/device.c:825:5:dev_disable_by_path	8	static
drivers/core/device.c:855:5:dev_enable_by_path	8	static
