
Discarded input sections

 .data          0x0000000000000000        0x0 arch/arm/cpu/armv7m/start.o
 .bss           0x0000000000000000        0x0 arch/arm/cpu/armv7m/start.o
 .text          0x0000000000000000        0x0 arch/arm/cpu/armv7m/built-in.o
 .text.disable_mpu
                0x0000000000000000       0x10 arch/arm/cpu/armv7m/built-in.o
 .text.enable_mpu
                0x0000000000000000       0x18 arch/arm/cpu/armv7m/built-in.o
 .text.mpu_config
                0x0000000000000000       0x4c arch/arm/cpu/armv7m/built-in.o
 .rodata.CSWTCH.1
                0x0000000000000000       0x1c arch/arm/cpu/armv7m/built-in.o
 .data          0x0000000000000000        0x0 arch/arm/cpu/armv7m/built-in.o
 .bss           0x0000000000000000        0x0 arch/arm/cpu/armv7m/built-in.o
 .text.setjmp   0x0000000000000000        0xc arch/arm/lib/built-in.o
 .text.longjmp  0x0000000000000000       0x14 arch/arm/lib/built-in.o
 .text.armv7_boot_nonsec_default
                0x0000000000000000        0x4 arch/arm/lib/built-in.o
 .text.enable_caches
                0x0000000000000000        0xc arch/arm/lib/built-in.o
 .text.invalidate_dcache_range
                0x0000000000000000        0x2 arch/arm/lib/built-in.o
 .text.flush_dcache_range
                0x0000000000000000        0x2 arch/arm/lib/built-in.o
 .text.flush_dcache_all
                0x0000000000000000        0xa arch/arm/lib/built-in.o
 .text.check_cache_range
                0x0000000000000000       0x20 arch/arm/lib/built-in.o
 .text.invalidate_l2_cache
                0x0000000000000000        0xc arch/arm/lib/built-in.o
 .text.fdt_psci
                0x0000000000000000        0x4 arch/arm/lib/built-in.o
 .rodata.enable_caches.str1.1
                0x0000000000000000       0x1d arch/arm/lib/built-in.o
 .rodata.check_cache_range.str1.1
                0x0000000000000000       0x35 arch/arm/lib/built-in.o
 .data          0x0000000000000000        0x0 arch/arm/lib/built-in.o
 .__efi_runtime_rel_start
                0x0000000000000000        0x0 arch/arm/lib/built-in.o
 .__efi_runtime_rel_stop
                0x0000000000000000        0x0 arch/arm/lib/built-in.o
 .__efi_runtime_start
                0x0000000000000000        0x0 arch/arm/lib/built-in.o
 .__efi_runtime_stop
                0x0000000000000000        0x0 arch/arm/lib/built-in.o
 .__secure_end  0x0000000000000000        0x0 arch/arm/lib/built-in.o
 .__secure_stack_end
                0x0000000000000000        0x0 arch/arm/lib/built-in.o
 .__secure_stack_start
                0x0000000000000000        0x0 arch/arm/lib/built-in.o
 .__secure_start
                0x0000000000000000        0x0 arch/arm/lib/built-in.o
 .bss           0x0000000000000000        0x0 arch/arm/lib/built-in.o
 .text          0x0000000000000000        0x0 arch/arm/mach-stm32/built-in.o
 .data          0x0000000000000000        0x0 arch/arm/mach-stm32/built-in.o
 .bss           0x0000000000000000        0x0 arch/arm/mach-stm32/built-in.o
 .text          0x0000000000000000        0x0 board/emcraft/stm32h7-som/built-in.o
 .data          0x0000000000000000        0x0 board/emcraft/stm32h7-som/built-in.o
 .bss           0x0000000000000000        0x0 board/emcraft/stm32h7-som/built-in.o
 .text          0x0000000000000000        0x0 cmd/built-in.o
 .text.do_go_exec
                0x0000000000000000        0x8 cmd/built-in.o
 .text.blk_common_cmd
                0x0000000000000000      0x1fc cmd/built-in.o
 .text.invalidate_icache_all
                0x0000000000000000        0xc cmd/built-in.o
 .text.flush_dcache_all
                0x0000000000000000        0xc cmd/built-in.o
 .rodata.blk_common_cmd.str1.1
                0x0000000000000000      0x101 cmd/built-in.o
 .rodata.invalidate_icache_all.str1.1
                0x0000000000000000       0x33 cmd/built-in.o
 .rodata.flush_dcache_all.str1.1
                0x0000000000000000       0x2e cmd/built-in.o
 .data          0x0000000000000000        0x0 cmd/built-in.o
 .bss           0x0000000000000000        0x0 cmd/built-in.o
 .text          0x0000000000000000        0x0 common/built-in.o
 .text.hash_parse_string
                0x0000000000000000       0x3c common/built-in.o
 .text.hash_block
                0x0000000000000000       0x4a common/built-in.o
 .text.unset_local_var
                0x0000000000000000       0x5c common/built-in.o
 .text.arch_cpu_init
                0x0000000000000000        0x4 common/built-in.o
 .text.dram_init_banksize
                0x0000000000000000        0x4 common/built-in.o
 .text.red_led_off
                0x0000000000000000        0x2 common/built-in.o
 .text.green_led_on
                0x0000000000000000        0x2 common/built-in.o
 .text.green_led_off
                0x0000000000000000        0x2 common/built-in.o
 .text.yellow_led_on
                0x0000000000000000        0x2 common/built-in.o
 .text.yellow_led_off
                0x0000000000000000        0x2 common/built-in.o
 .text.blue_led_on
[...]
Memory Configuration

Name             Origin             Length             Attributes
*default*        0x0000000000000000 0xffffffffffffffff

Linker script and memory map

Address of section .text set to 0x24001000
                0x0000000000000000                . = 0x0
                0x0000000000000000                . = ALIGN (0x4)

.text           0x0000000024001000      0x402
 *(.__image_copy_start)
 .__image_copy_start
                0x0000000024001000        0x0 arch/arm/lib/built-in.o
                0x0000000024001000                __image_copy_start
 *(.vectors)
 .vectors       0x0000000024001000      0x3fc arch/arm/lib/built-in.o
                0x0000000024001000                _start
 arch/arm/cpu/armv7m/start.o(.text*)
 .text          0x00000000240013fc        0x6 arch/arm/cpu/armv7m/start.o
                0x00000000240013fc                reset
                0x0000000024001400                c_runtime_cpu_setup

.glue_7         0x0000000024001404        0x0
 .glue_7        0x0000000024001404        0x0 linker stubs

.glue_7t        0x0000000024001404        0x0
 .glue_7t       0x0000000024001404        0x0 linker stubs

.vfp11_veneer   0x0000000024001404        0x0
 .vfp11_veneer  0x0000000024001404        0x0 linker stubs

.v4_bx          0x0000000024001404        0x0
 .v4_bx         0x0000000024001404        0x0 linker stubs

.iplt           0x0000000024001404        0x0
 .iplt          0x0000000024001404        0x0 arch/arm/cpu/armv7m/start.o

.__efi_runtime_start
 *(.__efi_runtime_start)

.efi_runtime
 *(.text.efi_runtime*)
 *(.rodata.efi_runtime*)
 *(.data.efi_runtime*)

.__efi_runtime_stop
 *(.__efi_runtime_stop)

.text_rest      0x0000000024001420    0x4bcdc
 *(.text*)
 .text.cleanup_before_linux
                0x0000000024001420       0x1a arch/arm/cpu/armv7m/built-in.o
                0x0000000024001420                cleanup_before_linux
 *fill*         0x000000002400143a        0x2 
 .text.reset_cpu
                0x000000002400143c       0x24 arch/arm/cpu/armv7m/built-in.o
                0x000000002400143c                reset_cpu
 .text.get_cline_size
                0x0000000024001460       0x34 arch/arm/cpu/armv7m/built-in.o
 .text.action_dcache_all
                0x0000000024001494       0x5c arch/arm/cpu/armv7m/built-in.o
 .text.dcache_status
                0x00000000240014f0       0x12 arch/arm/cpu/armv7m/built-in.o
                0x00000000240014f0                dcache_status
 *fill*         0x0000000024001502        0x2 
 .text.dcache_enable
                0x0000000024001504       0x38 arch/arm/cpu/armv7m/built-in.o
                0x0000000024001504                dcache_enable
 .text.dcache_disable
                0x000000002400153c       0x38 arch/arm/cpu/armv7m/built-in.o
                0x000000002400153c                dcache_disable
 .text.invalidate_dcache_range
                0x0000000024001574       0x3a arch/arm/cpu/armv7m/built-in.o
                0x0000000024001574                invalidate_dcache_range
 .text.flush_dcache_range
                0x00000000240015ae       0x3a arch/arm/cpu/armv7m/built-in.o
                0x00000000240015ae                flush_dcache_range
 .text.flush_dcache_all
                0x00000000240015e8       0x1c arch/arm/cpu/armv7m/built-in.o
                0x00000000240015e8                flush_dcache_all
 .text.invalidate_dcache_all
                0x0000000024001604       0x1c arch/arm/cpu/armv7m/built-in.o
                0x0000000024001604                invalidate_dcache_all
 .text.invalidate_icache_all
                0x0000000024001620       0x18 arch/arm/cpu/armv7m/built-in.o
                0x0000000024001620                invalidate_icache_all
 .text.icache_status
                0x0000000024001638       0x12 arch/arm/cpu/armv7m/built-in.o
                0x0000000024001638                icache_status
 .text.icache_enable
                0x000000002400164a       0x26 arch/arm/cpu/armv7m/built-in.o
                0x000000002400164a                icache_enable
 .text.icache_disable
                0x0000000024001670       0x22 arch/arm/cpu/armv7m/built-in.o
                0x0000000024001670                icache_disable
 .text.enable_caches
                0x0000000024001692        0xe arch/arm/cpu/armv7m/built-in.o
                0x0000000024001692                enable_caches
 .text          0x00000000240016a0      0x3a4 arch/arm/lib/built-in.o
                0x00000000240016c0                _main
                0x0000000024001740                memset
                0x00000000240017e0                memcpy
 .text.relocate_vectors
                0x0000000024001a44       0x50 arch/arm/lib/built-in.o
                0x0000000024001a44                relocate_vectors
                0x0000000024001a50                relocate_code
 .text.do_go_exec
                0x0000000024001a94        0xc arch/arm/lib/built-in.o
                0x0000000024001a94                do_go_exec
 .text.arch_fixup_fdt
                0x0000000024001aa0       0x24 arch/arm/lib/built-in.o
                0x0000000024001aa0                arch_fixup_fdt
 .text.arch_lmb_reserve
                0x0000000024001ac4       0x34 arch/arm/lib/built-in.o
                0x0000000024001ac4                arch_lmb_reserve
 .text.board_quiesce_devices
                0x0000000024001af8        0x2 arch/arm/lib/built-in.o
                0x0000000024001af8                board_quiesce_devices
 *fill*         0x0000000024001afa        0x2 
 .text.boot_jump_linux
                0x0000000024001afc       0x94 arch/arm/lib/built-in.o
 .text.setup_board_tags
                0x0000000024001b90        0x2 arch/arm/lib/built-in.o
                0x0000000024001b90                setup_board_tags
 *fill*         0x0000000024001b92        0x2 
 .text.boot_prep_linux
                0x0000000024001b94      0x138 arch/arm/lib/built-in.o
 .text.do_bootm_linux
                0x0000000024001ccc       0x44 arch/arm/lib/built-in.o
                0x0000000024001ccc                do_bootm_linux
 .text.boot_prep_vxworks
                0x0000000024001d10       0x34 arch/arm/lib/built-in.o
                0x0000000024001d10                boot_prep_vxworks
 .text.boot_jump_vxworks
                0x0000000024001d44        0xa arch/arm/lib/built-in.o
                0x0000000024001d44                boot_jump_vxworks
 .text.arch_reserve_stacks
                0x0000000024001d4e       0x16 arch/arm/lib/built-in.o
                0x0000000024001d4e                arch_reserve_stacks
 .text.interrupt_init
                0x0000000024001d64        0x4 arch/arm/lib/built-in.o
                0x0000000024001d64                interrupt_init
 .text.enable_interrupts
                0x0000000024001d68        0x2 arch/arm/lib/built-in.o
                0x0000000024001d68                enable_interrupts
 .text.disable_interrupts
                0x0000000024001d6a        0x4 arch/arm/lib/built-in.o
                0x0000000024001d6a                disable_interrupts
 *fill*         0x0000000024001d6e        0x2 
 .text.dump_regs
                0x0000000024001d70       0x30 arch/arm/lib/built-in.o
                0x0000000024001d70                dump_regs
 .text.bad_mode
                0x0000000024001da0        0xc arch/arm/lib/built-in.o
                0x0000000024001da0                bad_mode
 .text.do_hard_fault
                0x0000000024001dac       0x18 arch/arm/lib/built-in.o
                0x0000000024001dac                do_hard_fault
 .text.do_mm_fault
                0x0000000024001dc4       0x18 arch/arm/lib/built-in.o
                0x0000000024001dc4                do_mm_fault
 .text.do_bus_fault
                0x0000000024001ddc       0x18 arch/arm/lib/built-in.o
                0x0000000024001ddc                do_bus_fault
 .text.do_usage_fault
                0x0000000024001df4       0x18 arch/arm/lib/built-in.o
                0x0000000024001df4                do_usage_fault
 .text.do_invalid_entry
                0x0000000024001e0c       0x18 arch/arm/lib/built-in.o
                0x0000000024001e0c                do_invalid_entry
 .text.reset_misc
                0x0000000024001e24        0x2 arch/arm/lib/built-in.o
                0x0000000024001e24                reset_misc
 *fill*         0x0000000024001e26        0x2 
 .text.do_reset
                0x0000000024001e28       0x28 arch/arm/lib/built-in.o
                0x0000000024001e28                do_reset
 .text.flush_cache
                0x0000000024001e50        0x6 arch/arm/lib/built-in.o
                0x0000000024001e50                flush_cache
 .text.arch_cpu_init
                0x0000000024001e56        0x4 arch/arm/mach-stm32/built-in.o
                0x0000000024001e56                arch_cpu_init
 *fill*         0x0000000024001e5a        0x2 
 .text.stm32_syscon_probe
                0x0000000024001e5c       0x44 arch/arm/mach-stm32/built-in.o
 .text.prepare_abi
                0x0000000024001ea0        0x8 board/emcraft/stm32h7-som/built-in.o
 .text.arch_early_init_r
                0x0000000024001ea8       0x34 board/emcraft/stm32h7-som/built-in.o
                0x0000000024001ea8                arch_early_init_r
 .text.dram_init
                0x0000000024001edc       0xac board/emcraft/stm32h7-som/built-in.o
                0x0000000024001edc                dram_init
 .text.dram_init_banksize
                0x0000000024001f88        0xa board/emcraft/stm32h7-som/built-in.o
                0x0000000024001f88                dram_init_banksize
 .text.board_early_init_f
                0x0000000024001f92        0x4 board/emcraft/stm32h7-som/built-in.o
                0x0000000024001f92                board_early_init_f
 .text.get_board_rev
                0x0000000024001f96        0x4 board/emcraft/stm32h7-som/built-in.o
                0x0000000024001f96                get_board_rev
 *fill*         0x0000000024001f9a        0x2 
 .text.board_late_init
                0x0000000024001f9c      0x13c board/emcraft/stm32h7-som/built-in.o
                0x0000000024001f9c                board_late_init
 .text.board_init
                0x00000000240020d8       0x14 board/emcraft/stm32h7-som/built-in.o
                0x00000000240020d8                board_init
 .text.board_interface_eth_init
                0x00000000240020ec       0x38 board/emcraft/stm32h7-som/built-in.o
                0x00000000240020ec                board_interface_eth_init
 .text.do_go    0x0000000024002124       0x4c cmd/built-in.o
 .text.do_bootm
                0x0000000024002170       0xa0 cmd/built-in.o
                0x0000000024002170                do_bootm
 .text.do_bootd
                0x0000000024002210       0x18 cmd/built-in.o
                0x0000000024002210                do_bootd
 .text.image_info
                0x0000000024002228       0x5c cmd/built-in.o
 .text.do_iminfo
                0x0000000024002284       0x40 cmd/built-in.o
 .text.bootm_maybe_autostart
                0x00000000240022c4       0x4c cmd/built-in.o
                0x00000000240022c4                bootm_maybe_autostart
 .text.do_help  0x0000000024002310       0x2c cmd/built-in.o
 .text.do_version
                0x000000002400233c       0x30 cmd/built-in.o
 .text.source   0x000000002400236c       0xd0 cmd/built-in.o
                0x000000002400236c                source
 .text.do_source
                0x000000002400243c       0x50 cmd/built-in.o
 .text.print_num
                0x000000002400248c       0x10 cmd/built-in.o
 .text.do_bdinfo
                0x000000002400249c       0xc4 cmd/built-in.o
 .text.do_blkcache
                0x0000000024002560       0x3c cmd/built-in.o
 .text.blkc_configure
                0x000000002400259c       0x40 cmd/built-in.o
 .text.blkc_show
                0x00000000240025dc       0x28 cmd/built-in.o
 .text.parse_argv
                0x0000000024002604       0x3c cmd/built-in.o
 .text.do_icache
                0x0000000024002640       0x5c cmd/built-in.o
 .text.do_dcache
                0x000000002400269c       0x5c cmd/built-in.o
 .text.do_clk   0x00000000240026f8       0x3c cmd/built-in.o
 .text.soc_clk_dump
                0x0000000024002734       0x80 cmd/built-in.o
                0x0000000024002734                soc_clk_dump
 .text.do_clk_dump
                0x00000000240027b4       0x1c cmd/built-in.o
 .text.do_coninfo
                0x00000000240027d0       0x94 cmd/built-in.o
 .text.do_dm_dump_devres
                0x0000000024002864        0x4 cmd/built-in.o
 .text.do_dm    0x0000000024002868       0x44 cmd/built-in.o
 .text.do_dm_dump_uclass
                0x00000000240028ac        0xa cmd/built-in.o
 .text.do_dm_dump_all
                0x00000000240028b6        0xa cmd/built-in.o
 .text.do_echo  0x00000000240028c0       0x80 cmd/built-in.o
 .text.load_elf_image_phdr
                0x0000000024002940       0xc4 cmd/built-in.o
 .text.valid_elf_image
                0x0000000024002a04       0x30 cmd/built-in.o
                0x0000000024002a04                valid_elf_image
 .text.do_bootelf
                0x0000000024002a34      0x1a0 cmd/built-in.o
                0x0000000024002a34                do_bootelf
 .text.do_bootvx
                0x0000000024002bd4      0x230 cmd/built-in.o
                0x0000000024002bd4                do_bootvx
 .text.do_exit  0x0000000024002e04       0x20 cmd/built-in.o
 .text.do_fat_size
                0x0000000024002e24        0xe cmd/built-in.o
                0x0000000024002e24                do_fat_size
 .text.do_fat_fsload
                0x0000000024002e32        0xe cmd/built-in.o
                0x0000000024002e32                do_fat_fsload
 .text.do_fat_ls
                0x0000000024002e40        0xe cmd/built-in.o
 *fill*         0x0000000024002e4e        0x2 
 .text.do_fat_fsinfo
                0x0000000024002e50       0x54 cmd/built-in.o
 .text.fdt_valid
                0x0000000024002ea4       0x74 cmd/built-in.o
 .text.is_printable_string
                0x0000000024002f18       0x4c cmd/built-in.o
 .text.print_data.part.0
                0x0000000024002f64       0xfc cmd/built-in.o
 .text.set_working_fdt_addr
                0x0000000024003060       0x14 cmd/built-in.o
                0x0000000024003060                set_working_fdt_addr
 .text.do_fdt   0x0000000024003074      0xad0 cmd/built-in.o
 .text.flash_fill_sect_ranges
                0x0000000024003b44       0xe4 cmd/built-in.o
 .text.abbrev_spec
                0x0000000024003c28       0xc0 cmd/built-in.o
 .text.do_flinfo
                0x0000000024003ce8       0x40 cmd/built-in.o
 .text.flash_sect_roundb
                0x0000000024003d28       0x5c cmd/built-in.o
                0x0000000024003d28                flash_sect_roundb
 .text.addr_spec
                0x0000000024003d84       0x60 cmd/built-in.o
 .text.flash_sect_erase
                0x0000000024003de4       0x60 cmd/built-in.o
                0x0000000024003de4                flash_sect_erase
 .text.do_flerase
                0x0000000024003e44      0x104 cmd/built-in.o
 .text.flash_sect_protect
                0x0000000024003f48       0x7c cmd/built-in.o
                0x0000000024003f48                flash_sect_protect
 .text.do_protect
                0x0000000024003fc4      0x174 cmd/built-in.o
 .text.evalexp  0x0000000024004138       0x4c cmd/built-in.o
 .text.evalstr  0x0000000024004184       0x3c cmd/built-in.o
 .text.binary_test
                0x00000000240041c0       0xf4 cmd/built-in.o
 .text.do_itest
                0x00000000240042b4       0x4c cmd/built-in.o
 .text.bin_data_init
                0x0000000024004300       0x1c cmd/built-in.o
 .text.k_data_save
                0x000000002400431c       0x34 cmd/built-in.o
 .text.k_data_restore
                0x0000000024004350       0x34 cmd/built-in.o
 .text.getcxmodem
                0x0000000024004384       0x16 cmd/built-in.o
 *fill*         0x000000002400439a        0x2 
 .text.bin_data_char
                0x000000002400439c       0x1c cmd/built-in.o
 .text.chk1.constprop.0
                0x00000000240043b8       0x20 cmd/built-in.o
 .text.s1_sendpacket.constprop.0
                0x00000000240043d8       0x34 cmd/built-in.o
 .text.load_serial
                0x000000002400440c      0x13c cmd/built-in.o
 .text.do_load_serial
                0x0000000024004548       0x8c cmd/built-in.o
 .text.load_serial_ymodem.isra.0
                0x00000000240045d4       0xb0 cmd/built-in.o
 .text.do_load_serial_bin
                0x0000000024004684      0x518 cmd/built-in.o
 .text.do_mem_md
                0x0000000024004b9c       0xa0 cmd/built-in.o
 .text.do_mem_base
                0x0000000024004c3c       0x28 cmd/built-in.o
 .text.do_mem_crc
                0x0000000024004c64       0x2c cmd/built-in.o
 .text.do_mem_mtest
                0x0000000024004c90      0x160 cmd/built-in.o
 .text.do_mem_mw
                0x0000000024004df0       0x78 cmd/built-in.o
 .text.do_mem_loop
                0x0000000024004e68       0x82 cmd/built-in.o
 *fill*         0x0000000024004eea        0x2 
 .text.do_mem_cmp
                0x0000000024004eec       0xe8 cmd/built-in.o
 .text.mod_mem.part.0
                0x0000000024004fd4       0xec cmd/built-in.o
 .text.do_mem_mm
                0x00000000240050c0       0x12 cmd/built-in.o
 .text.do_mem_nm
                0x00000000240050d2       0x12 cmd/built-in.o
 .text.do_mem_cp
                0x00000000240050e4       0xac cmd/built-in.o
 .text.extract_range
                0x0000000024005190       0x7a cmd/built-in.o
 *fill*         0x000000002400520a        0x2 
 .text.do_mii   0x000000002400520c      0x618 cmd/built-in.o
 .text.do_mdio  0x0000000024005824      0x30c cmd/built-in.o
 .text.do_sleep
                0x0000000024005b30       0x80 cmd/built-in.o
 .text.do_timer
                0x0000000024005bb0       0x64 cmd/built-in.o
 .text.do_mmcops
                0x0000000024005c14       0x84 cmd/built-in.o
 .text.do_mmc_setdsr
                0x0000000024005c98       0x70 cmd/built-in.o
 .text.init_mmc_device
                0x0000000024005d08       0x48 cmd/built-in.o
 .text.do_mmc_rescan
                0x0000000024005d50       0x18 cmd/built-in.o
 .text.do_mmc_hwpartition
                0x0000000024005d68      0x3a4 cmd/built-in.o
 .text.do_mmc_list
                0x000000002400610c        0xc cmd/built-in.o
 .text.do_mmc_dev
                0x0000000024006118       0xc4 cmd/built-in.o
 .text.do_mmcinfo
                0x00000000240061dc      0x2bc cmd/built-in.o
 .text.do_mmc_part
                0x0000000024006498       0x38 cmd/built-in.o
 .text.do_mmc_erase
                0x00000000240064d0       0x9c cmd/built-in.o
 .text.do_mmc_write
                0x000000002400656c       0xb0 cmd/built-in.o
 .text.do_mmc_read
                0x000000002400661c       0x9c cmd/built-in.o
 .text.complete_mtd
                0x00000000240066b8       0x1c cmd/built-in.o
 .text.mtd_dump_buf
                0x00000000240066d4       0x84 cmd/built-in.o
 .text.mtd_show_parts
                0x0000000024006758       0x70 cmd/built-in.o
 .text.get_mtd_by_name
                0x00000000240067c8       0x2c cmd/built-in.o
 .text.do_mtd_list
                0x00000000240067f4      0x174 cmd/built-in.o
 .text.mtd_name_complete
                0x0000000024006968       0x98 cmd/built-in.o
 .text.do_mtd   0x0000000024006a00       0x58 cmd/built-in.o
 .text.do_mtd_bad
                0x0000000024006a58       0x7c cmd/built-in.o
 .text.mtd_is_aligned_with_block_size.isra.0
                0x0000000024006ad4       0x26 cmd/built-in.o
 *fill*         0x0000000024006afa        0x2 
 .text.do_mtd_erase
                0x0000000024006afc      0x190 cmd/built-in.o
 .text.mtd_is_aligned_with_min_io_size.isra.0
                0x0000000024006c8c       0x26 cmd/built-in.o
 .text.mtd_len_to_pages.isra.0
                0x0000000024006cb2       0x20 cmd/built-in.o
 *fill*         0x0000000024006cd2        0x2 
 .text.do_mtd_io
                0x0000000024006cd4      0x480 cmd/built-in.o
 .text.netboot_common
                0x0000000024007154      0x1d4 cmd/built-in.o
 .text.do_bootp
                0x0000000024007328        0x8 cmd/built-in.o
 .text.do_nfs   0x0000000024007330        0x8 cmd/built-in.o
 .text.do_tftpb
                0x0000000024007338       0x26 cmd/built-in.o
                0x0000000024007338                do_tftpb
 *fill*         0x000000002400735e        0x2 
 .text.do_pinmux
                0x0000000024007360       0x40 cmd/built-in.o
 .text.do_list  0x00000000240073a0       0x68 cmd/built-in.o
 .text.show_pinmux
                0x0000000024007408       0x90 cmd/built-in.o
 .text.do_status
                0x0000000024007498       0x9c cmd/built-in.o
 .text.do_dev   0x0000000024007534       0x54 cmd/built-in.o
 .text.bytes_per_second
                0x0000000024007588       0x2c cmd/built-in.o
 .text.do_spi_flash
                0x00000000240075b4      0x574 cmd/built-in.o
 .text.do_false
                0x0000000024007b28        0x4 cmd/built-in.o
 .text.do_true  0x0000000024007b2c        0x4 cmd/built-in.o
 .text.do_test  0x0000000024007b30      0x200 cmd/built-in.o
 .text.ubi_find_volume
                0x0000000024007d30       0x44 cmd/built-in.o
 .text.ubi_volume_continue_write
                0x0000000024007d74       0x68 cmd/built-in.o
 .text.ubi_detach
                0x0000000024007ddc       0x20 cmd/built-in.o
 .text.ubi_volume_begin_write
                0x0000000024007dfc       0x68 cmd/built-in.o
                0x0000000024007dfc                ubi_volume_begin_write
 .text.ubi_volume_write
                0x0000000024007e64        0x6 cmd/built-in.o
                0x0000000024007e64                ubi_volume_write
 *fill*         0x0000000024007e6a        0x2 
 .text.ubi_volume_read
                0x0000000024007e6c      0x170 cmd/built-in.o
                0x0000000024007e6c                ubi_volume_read
 .text.ubi_part
                0x0000000024007fdc       0x98 cmd/built-in.o
                0x0000000024007fdc                ubi_part
 .text.do_ubi   0x0000000024008074      0x5e8 cmd/built-in.o
 .text.do_ubifs_mkdir
                0x000000002400865c       0x38 cmd/built-in.o
                0x000000002400865c                do_ubifs_mkdir
 .text.do_ubifs_rmdir
                0x0000000024008694       0x2c cmd/built-in.o
                0x0000000024008694                do_ubifs_rmdir
 .text.do_ubifs_unlink
                0x00000000240086c0       0x2c cmd/built-in.o
                0x00000000240086c0                do_ubifs_unlink
 .text.do_ubifs_ls
                0x00000000240086ec       0x44 cmd/built-in.o
 .text.do_ubifs_load
                0x0000000024008730       0x74 cmd/built-in.o
 .text.do_ubifs_write
                0x00000000240087a4       0xbc cmd/built-in.o
 .text.cmd_ubifs_mount
                0x0000000024008860       0x30 cmd/built-in.o
                0x0000000024008860                cmd_ubifs_mount
 .text.do_ubifs_mount
                0x0000000024008890       0x10 cmd/built-in.o
 .text.ubifs_is_mounted
                0x00000000240088a0        0xc cmd/built-in.o
                0x00000000240088a0                ubifs_is_mounted
 .text.cmd_ubifs_umount
                0x00000000240088ac       0x30 cmd/built-in.o
                0x00000000240088ac                cmd_ubifs_umount
 .text.do_ubifs_umount
                0x00000000240088dc        0xe cmd/built-in.o
 *fill*         0x00000000240088ea        0x2 
 .text.do_imgextract
                0x00000000240088ec      0x1ac cmd/built-in.o
 .text.extract_val
                0x0000000024008a98       0x58 cmd/built-in.o
 .text.extract_env
                0x0000000024008af0       0xa0 cmd/built-in.o
 .text.set_gpt_info.constprop.0
                0x0000000024008b90      0x32c cmd/built-in.o
 .text.do_gpt   0x0000000024008ebc      0x1f8 cmd/built-in.o
 .text.do_env_delete
                0x00000000240090b4       0x6c cmd/built-in.o
 .text.do_env_save
                0x0000000024009120        0xe cmd/built-in.o
 *fill*         0x000000002400912e        0x2 
 .text.do_env   0x0000000024009130       0x3c cmd/built-in.o
 .text.env_print
                0x000000002400916c       0x78 cmd/built-in.o
 .text.do_env_print
                0x00000000240091e4       0x78 cmd/built-in.o
 .text.do_env_import
                0x000000002400925c      0x1a0 cmd/built-in.o
 .text.do_env_default
                0x00000000240093fc       0x5c cmd/built-in.o
 .text.do_env_exists
                0x0000000024009458       0x40 cmd/built-in.o
 .text._do_env_set.constprop.0
                0x0000000024009498      0x11c cmd/built-in.o
 .text.do_env_set
                0x00000000240095b4       0x14 cmd/built-in.o
 .text.get_env_id
                0x00000000240095c8        0xc cmd/built-in.o
                0x00000000240095c8                get_env_id
 .text.env_set  0x00000000240095d4       0x3c cmd/built-in.o
                0x00000000240095d4                env_set
 .text.env_set_ulong
                0x0000000024009610       0x16 cmd/built-in.o
                0x0000000024009610                env_set_ulong
 *fill*         0x0000000024009626        0x2 
 .text.env_set_hex
                0x0000000024009628       0x20 cmd/built-in.o
                0x0000000024009628                env_set_hex
 .text.do_env_export
                0x0000000024009648      0x15c cmd/built-in.o
 .text.eth_parse_enetaddr
                0x00000000240097a4       0x30 cmd/built-in.o
                0x00000000240097a4                eth_parse_enetaddr
 .text.envmatch
                0x00000000240097d4       0x48 cmd/built-in.o
                0x00000000240097d4                envmatch
 .text.env_get_f
                0x000000002400981c       0x84 cmd/built-in.o
                0x000000002400981c                env_get_f
 .text.env_get  0x00000000240098a0       0x50 cmd/built-in.o
                0x00000000240098a0                env_get
 .text.env_get_hex
                0x00000000240098f0       0x20 cmd/built-in.o
                0x00000000240098f0                env_get_hex
 .text.eth_env_get_enetaddr
                0x0000000024009910       0x34 cmd/built-in.o
                0x0000000024009910                eth_env_get_enetaddr
 .text.eth_env_set_enetaddr
                0x0000000024009944       0x30 cmd/built-in.o
                0x0000000024009944                eth_env_set_enetaddr
 .text.env_get_ulong
                0x0000000024009974       0x1c cmd/built-in.o
                0x0000000024009974                env_get_ulong
 .text.do_env_edit.part.0
                0x0000000024009990       0x6c cmd/built-in.o
 .text.do_env_edit
                0x00000000240099fc       0x1c cmd/built-in.o
 .text.board_init_f_alloc_reserve
                0x0000000024009a18        0xa common/built-in.o
                0x0000000024009a18                board_init_f_alloc_reserve
 .text.board_init_f_init_reserve
                0x0000000024009a22       0x14 common/built-in.o
                0x0000000024009a22                board_init_f_init_reserve
 .text.show_boot_progress
                0x0000000024009a36        0x4 common/built-in.o
                0x0000000024009a36                show_boot_progress
 *fill*         0x0000000024009a3a        0x2 
 .text.main_loop
                0x0000000024009a3c       0x34 common/built-in.o
                0x0000000024009a3c                main_loop
 .text.mdelay   0x0000000024009a70        0xa common/built-in.o
 .text.dummy    0x0000000024009a7a        0x2 common/built-in.o
 .text.get_version
                0x0000000024009a7c        0x4 common/built-in.o
                0x0000000024009a7c                get_version
 .text.jumptable_init
                0x0000000024009a80      0x160 common/built-in.o
                0x0000000024009a80                jumptable_init
 .text.hash_finish_crc32
                0x0000000024009be0       0x1c common/built-in.o
 .text.hash_finish_crc16_ccitt
                0x0000000024009bfc       0x1c common/built-in.o
 .text.hash_update_crc32
                0x0000000024009c18       0x14 common/built-in.o
 .text.hash_init_crc32
                0x0000000024009c2c       0x14 common/built-in.o
 .text.hash_init_crc16_ccitt
                0x0000000024009c40       0x14 common/built-in.o
 .text.hash_update_crc16_ccitt
                0x0000000024009c54       0x14 common/built-in.o
 .text.hash_finish_sha256
                0x0000000024009c68       0x22 common/built-in.o
 .text.hash_update_sha256
                0x0000000024009c8a       0x10 common/built-in.o
 .text.hash_init_sha256
                0x0000000024009c9a       0x16 common/built-in.o
 .text.hash_finish_sha1
                0x0000000024009cb0       0x22 common/built-in.o
 .text.hash_update_sha1
                0x0000000024009cd2       0x10 common/built-in.o
 .text.hash_init_sha1
                0x0000000024009ce2       0x16 common/built-in.o
 .text.hash_lookup_algo
                0x0000000024009cf8       0x38 common/built-in.o
                0x0000000024009cf8                hash_lookup_algo
 .text.hash_progressive_lookup_algo
                0x0000000024009d30       0x3c common/built-in.o
                0x0000000024009d30                hash_progressive_lookup_algo
 .text.hash_command
                0x0000000024009d6c      0x130 common/built-in.o
                0x0000000024009d6c                hash_command
 .text.b_reset  0x0000000024009e9c        0xe common/built-in.o
 .text.static_get
                0x0000000024009eaa       0x12 common/built-in.o
 .text.static_peek
                0x0000000024009ebc        0x6 common/built-in.o
 *fill*         0x0000000024009ec2        0x2 
 .text.mapset   0x0000000024009ec4       0x14 common/built-in.o
 .text.syntax_err
                0x0000000024009ed8        0xc common/built-in.o
 .text.xmalloc  0x0000000024009ee4       0x18 common/built-in.o
 .text.new_pipe
                0x0000000024009efc       0x16 common/built-in.o
 *fill*         0x0000000024009f12        0x2 
 .text.xrealloc
                0x0000000024009f14       0x18 common/built-in.o
 .text.is_assignment
                0x0000000024009f2c       0x30 common/built-in.o
 .text.do_showvar
                0x0000000024009f5c       0xa0 common/built-in.o
 .text.b_addchr
                0x0000000024009ffc       0x42 common/built-in.o
 .text.done_command.isra.0
                0x000000002400a03e       0x40 common/built-in.o
 .text.done_pipe.isra.0
                0x000000002400a07e       0x2c common/built-in.o
 *fill*         0x000000002400a0aa        0x2 
 .text.done_word
                0x000000002400a0ac      0x1c0 common/built-in.o
 .text.free_pipe_list.isra.0
                0x000000002400a26c       0x7c common/built-in.o
 .text.file_get
                0x000000002400a2e8      0x138 common/built-in.o
 .text.b_addqchr.isra.0
                0x000000002400a420       0x30 common/built-in.o
 .text.file_peek
                0x000000002400a450        0x6 common/built-in.o
 *fill*         0x000000002400a456        0x2 
 .text.get_local_var
                0x000000002400a458       0x58 common/built-in.o
                0x000000002400a458                get_local_var
 .text.set_local_var
                0x000000002400a4b0      0x108 common/built-in.o
                0x000000002400a4b0                set_local_var
 .text.insert_var_value_sub
                0x000000002400a5b8      0x1bc common/built-in.o
 .text.parse_string_outer
                0x000000002400a774       0x90 common/built-in.o
                0x000000002400a774                parse_string_outer
 .text.run_list_real
                0x000000002400a804      0x4d4 common/built-in.o
 .text.parse_stream_outer
                0x000000002400acd8      0x420 common/built-in.o
 .text.parse_file_outer
                0x000000002400b0f8       0x2c common/built-in.o
                0x000000002400b0f8                parse_file_outer
 .text.u_boot_hush_start
                0x000000002400b124       0x30 common/built-in.o
                0x000000002400b124                u_boot_hush_start
 .text.bootdelay_process
                0x000000002400b154      0x104 common/built-in.o
                0x000000002400b154                bootdelay_process
 .text.autoboot_command
                0x000000002400b258       0xa4 common/built-in.o
                0x000000002400b258                autoboot_command
 .text.log_init
                0x000000002400b2fc        0x8 common/built-in.o
 .text.display_text_info
                0x000000002400b304        0x4 common/built-in.o
 .text.setup_mon_len
                0x000000002400b308       0x18 common/built-in.o
 .text.reserve_round_4k
                0x000000002400b320       0x14 common/built-in.o
 .text.reserve_mmu
                0x000000002400b334       0x2e common/built-in.o
                0x000000002400b334                reserve_mmu
 .text.reserve_uboot
                0x000000002400b362       0x30 common/built-in.o
 .text.reserve_malloc
                0x000000002400b392       0x10 common/built-in.o
 .text.reserve_global_data
                0x000000002400b3a2       0x16 common/built-in.o
 .text.reserve_fdt
                0x000000002400b3b8       0x3a common/built-in.o
 .text.setup_reloc
                0x000000002400b3f2       0x2a common/built-in.o
 .text.reloc_fdt
                0x000000002400b41c       0x2c common/built-in.o
 .text.reserve_board
                0x000000002400b448       0x28 common/built-in.o
 .text.reserve_video
                0x000000002400b470       0x18 common/built-in.o
 .text.reserve_pram
                0x000000002400b488       0x20 common/built-in.o
 .text.init_baud_rate
                0x000000002400b4a8       0x1c common/built-in.o
 .text.announce_dram_init
                0x000000002400b4c4       0x10 common/built-in.o
 .text.initf_dm
                0x000000002400b4d4        0x6 common/built-in.o
 .text.initf_bootstage
                0x000000002400b4da        0xc common/built-in.o
 .text.arch_cpu_init_dm
                0x000000002400b4e6        0x4 common/built-in.o
                0x000000002400b4e6                arch_cpu_init_dm
 .text.setup_spl_handoff
                0x000000002400b4ea        0x4 common/built-in.o
 .text.mach_cpu_init
                0x000000002400b4ee        0x4 common/built-in.o
                0x000000002400b4ee                mach_cpu_init
 .text.reserve_trace
                0x000000002400b4f2        0x4 common/built-in.o
 .text.setup_machine
                0x000000002400b4f6        0x4 common/built-in.o
 .text.reserve_bootstage
                0x000000002400b4fa        0x4 common/built-in.o
 .text.reserve_bloblist
                0x000000002400b4fe        0x4 common/built-in.o
 .text.display_new_sp
                0x000000002400b502        0x4 common/built-in.o
 .text.reloc_bootstage
                0x000000002400b506        0x4 common/built-in.o
 .text.reloc_bloblist
                0x000000002400b50a        0x4 common/built-in.o
 .text.initf_console_record
                0x000000002400b50e        0x4 common/built-in.o
 .text.reserve_arch
                0x000000002400b512        0x4 common/built-in.o
                0x000000002400b512                reserve_arch
 .text.coloured_LED_init
                0x000000002400b516        0x2 common/built-in.o
                0x000000002400b516                coloured_LED_init
 .text.red_led_on
                0x000000002400b518        0x2 common/built-in.o
                0x000000002400b518                red_led_on
 .text.board_add_ram_info
                0x000000002400b51a        0x2 common/built-in.o
                0x000000002400b51a                board_add_ram_info
 .text.show_dram_config
                0x000000002400b51c       0x28 common/built-in.o
 .text.board_get_usable_ram_top
                0x000000002400b544        0x6 common/built-in.o
                0x000000002400b544                board_get_usable_ram_top
 .text.setup_dest_addr
                0x000000002400b54a       0x28 common/built-in.o
 .text.reserve_stacks
                0x000000002400b572       0x1a common/built-in.o
 .text.board_init_f
                0x000000002400b58c       0x4c common/built-in.o
                0x000000002400b58c                board_init_f
 .text.initr_trace
                0x000000002400b5d8        0x4 common/built-in.o
 .text.initr_reloc
                0x000000002400b5dc       0x14 common/built-in.o
 .text.initr_reloc_global_data
                0x000000002400b5f0       0x28 common/built-in.o
 .text.initr_mem
                0x000000002400b618       0x3c common/built-in.o
                0x000000002400b618                initr_mem
 .text.run_main_loop
                0x000000002400b654        0x8 common/built-in.o
 .text.initr_net
                0x000000002400b65c       0x14 common/built-in.o
 .text.initr_ethaddr
                0x000000002400b670       0x18 common/built-in.o
 .text.initr_enable_interrupts
                0x000000002400b688        0xa common/built-in.o
 .text.initr_jumptable
                0x000000002400b692        0xa common/built-in.o
 .text.initr_env
                0x000000002400b69c       0x48 common/built-in.o
 .text.initr_mmc
                0x000000002400b6e4       0x18 common/built-in.o
 .text.initr_serial
                0x000000002400b6fc        0xa common/built-in.o
 .text.initr_dm
                0x000000002400b706       0x16 common/built-in.o
 .text.initr_bootstage
                0x000000002400b71c        0xc common/built-in.o
 .text.initr_malloc
                0x000000002400b728       0x16 common/built-in.o
 .text.initr_caches
                0x000000002400b73e        0xa common/built-in.o
 .text.bootstage_relocate
                0x000000002400b748        0x4 common/built-in.o
 .text.initr_barrier
                0x000000002400b74c        0x4 common/built-in.o
 .text.initr_console_record
                0x000000002400b750        0x4 common/built-in.o
 .text.power_init_board
                0x000000002400b754        0x4 common/built-in.o
                0x000000002400b754                power_init_board
 .text.initr_announce
                0x000000002400b758        0x4 common/built-in.o
 .text.board_flash_wp_on
                0x000000002400b75c        0x4 common/built-in.o
                0x000000002400b75c                board_flash_wp_on
 .text.initr_flash
                0x000000002400b760       0x4c common/built-in.o
 .text.cpu_secondary_init_r
                0x000000002400b7ac        0x2 common/built-in.o
                0x000000002400b7ac                cpu_secondary_init_r
 .text.initr_secondary_cpu
                0x000000002400b7ae        0xa common/built-in.o
 .text.board_init_r
                0x000000002400b7b8       0x4c common/built-in.o
                0x000000002400b7b8                board_init_r
 .text.checkboard
                0x000000002400b804        0x4 common/built-in.o
                0x000000002400b804                checkboard
 .text.show_board_info
                0x000000002400b808       0x2c common/built-in.o
                0x000000002400b808                show_board_info
 .text.bootm_find_images
                0x000000002400b834       0x88 common/built-in.o
                0x000000002400b834                bootm_find_images
 .text.bootm_decomp_image
                0x000000002400b8bc      0x104 common/built-in.o
                0x000000002400b8bc                bootm_decomp_image
 .text.do_bootm_states
                0x000000002400b9c0      0x4dc common/built-in.o
                0x000000002400b9c0                do_bootm_states
 .text.copy_args
                0x000000002400be9c       0x32 common/built-in.o
 *fill*         0x000000002400bece        0x2 
 .text.do_bootm_vxworks
                0x000000002400bed0       0xdc common/built-in.o
                0x000000002400bed0                do_bootm_vxworks
 .text.do_bootm_plan9
                0x000000002400bfac       0x70 common/built-in.o
 .text.do_bootm_netbsd
                0x000000002400c01c       0xac common/built-in.o
 .text.do_bootm_qnxelf
                0x000000002400c0c8       0x50 common/built-in.o
 .text.do_bootm_standalone
                0x000000002400c118       0x40 common/built-in.o
 .text.do_bootm_rtems
                0x000000002400c158       0x30 common/built-in.o
 .text.arch_preboot_os
                0x000000002400c188        0x2 common/built-in.o
                0x000000002400c188                arch_preboot_os
 .text.board_preboot_os
                0x000000002400c18a        0x2 common/built-in.o
                0x000000002400c18a                board_preboot_os
 .text.boot_selected_os
                0x000000002400c18c       0x3e common/built-in.o
                0x000000002400c18c                boot_selected_os
 *fill*         0x000000002400c1ca        0x2 
 .text.bootm_os_get_boot_func
                0x000000002400c1cc        0xc common/built-in.o
                0x000000002400c1cc                bootm_os_get_boot_func
 .text.of_bus_default_map
                0x000000002400c1d8       0x70 common/built-in.o
 .text.of_bus_default_translate
                0x000000002400c248       0x66 common/built-in.o
 *fill*         0x000000002400c2ae        0x2 
 .text.fdt_support_default_count_cells
                0x000000002400c2b0       0x34 common/built-in.o
                0x000000002400c2b0                fdt_support_default_count_cells
 .text.fdt_find_and_setprop
                0x000000002400c2e4       0x46 common/built-in.o
                0x000000002400c2e4                fdt_find_and_setprop
 *fill*         0x000000002400c32a        0x2 
 .text.fdt_find_or_add_subnode
                0x000000002400c32c       0x40 common/built-in.o
                0x000000002400c32c                fdt_find_or_add_subnode
 .text.fdt_root
                0x000000002400c36c       0x60 common/built-in.o
                0x000000002400c36c                fdt_root
 .text.fdt_initrd
                0x000000002400c3cc      0x12c common/built-in.o
                0x000000002400c3cc                fdt_initrd
 .text.fdt_chosen
                0x000000002400c4f8       0x6c common/built-in.o
                0x000000002400c4f8                fdt_chosen
 .text.do_fixup_by_path
                0x000000002400c564       0x34 common/built-in.o
                0x000000002400c564                do_fixup_by_path
 .text.fdt_fixup_memory_banks
                0x000000002400c598      0x18c common/built-in.o
                0x000000002400c598                fdt_fixup_memory_banks
 .text.fdt_fixup_memory
                0x000000002400c724       0x16 common/built-in.o
                0x000000002400c724                fdt_fixup_memory
 *fill*         0x000000002400c73a        0x2 
 .text.fdt_fixup_ethernet
                0x000000002400c73c      0x108 common/built-in.o
                0x000000002400c73c                fdt_fixup_ethernet
 .text.fdt_shrink_to_minimum
                0x000000002400c844       0x82 common/built-in.o
                0x000000002400c844                fdt_shrink_to_minimum
 *fill*         0x000000002400c8c6        0x2 
 .text.fdt_translate_address
                0x000000002400c8c8      0x174 common/built-in.o
                0x000000002400c8c8                fdt_translate_address
 .text.fdt_overlay_apply_verbose
                0x000000002400ca3c       0x4c common/built-in.o
                0x000000002400ca3c                fdt_overlay_apply_verbose
 .text.miiphy_get_dev_by_name
                0x000000002400ca88       0x34 common/built-in.o
                0x000000002400ca88                miiphy_get_dev_by_name
 .text.miiphy_init
                0x000000002400cabc       0x18 common/built-in.o
                0x000000002400cabc                miiphy_init
 .text.mdio_alloc
                0x000000002400cad4       0x1c common/built-in.o
                0x000000002400cad4                mdio_alloc
 .text.mdio_free
                0x000000002400caf0        0x4 common/built-in.o
                0x000000002400caf0                mdio_free
 .text.mdio_register
                0x000000002400caf4       0x4c common/built-in.o
                0x000000002400caf4                mdio_register
 .text.mdio_unregister
                0x000000002400cb40       0x24 common/built-in.o
                0x000000002400cb40                mdio_unregister
 .text.mdio_list_devices
                0x000000002400cb64       0x78 common/built-in.o
                0x000000002400cb64                mdio_list_devices
 .text.miiphy_set_current_dev
                0x000000002400cbdc       0x28 common/built-in.o
                0x000000002400cbdc                miiphy_set_current_dev
 .text.miiphy_get_active_dev
                0x000000002400cc04       0x2c common/built-in.o
 .text.mdio_get_current_dev
                0x000000002400cc30        0xc common/built-in.o
                0x000000002400cc30                mdio_get_current_dev
 .text.mdio_phydev_for_ethname
                0x000000002400cc3c       0x50 common/built-in.o
                0x000000002400cc3c                mdio_phydev_for_ethname
 .text.miiphy_get_current_dev
                0x000000002400cc8c       0x10 common/built-in.o
                0x000000002400cc8c                miiphy_get_current_dev
 .text.miiphy_read
                0x000000002400cc9c       0x28 common/built-in.o
                0x000000002400cc9c                miiphy_read
 .text.miiphy_write
                0x000000002400ccc4       0x24 common/built-in.o
                0x000000002400ccc4                miiphy_write
 .text.miiphy_listdev
                0x000000002400cce8       0x54 common/built-in.o
                0x000000002400cce8                miiphy_listdev
 .text.miiphy_info
                0x000000002400cd3c       0x5c common/built-in.o
                0x000000002400cd3c                miiphy_info
 .text.miiphy_speed
                0x000000002400cd98       0x80 common/built-in.o
                0x000000002400cd98                miiphy_speed
 .text.miiphy_duplex
                0x000000002400ce18       0x7c common/built-in.o
                0x000000002400ce18                miiphy_duplex
 .text.miiphy_is_1000base_x
                0x000000002400ce94        0x4 common/built-in.o
                0x000000002400ce94                miiphy_is_1000base_x
 .text.iomux_doenv
                0x000000002400ce98      0x138 common/built-in.o
                0x000000002400ce98                iomux_doenv
 .text.addr2info
                0x000000002400cfd0       0x2c common/built-in.o
                0x000000002400cfd0                addr2info
 .text.flash_write
                0x000000002400cffc       0xb0 common/built-in.o
                0x000000002400cffc                flash_write
 .text.flash_perror
                0x000000002400d0ac       0x98 common/built-in.o
                0x000000002400d0ac                flash_perror
 .text.cread_add_char
                0x000000002400d144       0x80 common/built-in.o
 .text.delete_char
                0x000000002400d1c4       0x88 common/built-in.o
 .text.cli_readline_into_buffer
                0x000000002400d24c      0x654 common/built-in.o
                0x000000002400d24c                cli_readline_into_buffer
 .text.cli_readline
                0x000000002400d8a0       0x10 common/built-in.o
                0x000000002400d8a0                cli_readline
 .text.console_tstc
                0x000000002400d8b0       0x60 common/built-in.o
 .text.console_putc
                0x000000002400d910       0x38 common/built-in.o
 .text.console_puts
                0x000000002400d948       0x38 common/built-in.o
 .text.on_console
                0x000000002400d980       0x70 common/built-in.o
 .text.serial_printf
                0x000000002400d9f0       0x2c common/built-in.o
                0x000000002400d9f0                serial_printf
 .text.puts     0x000000002400da1c       0x22 common/built-in.o
                0x000000002400da1c                puts
 .text.putc     0x000000002400da3e       0x22 common/built-in.o
                0x000000002400da3e                putc
 .text.tstc     0x000000002400da60       0x1a common/built-in.o
                0x000000002400da60                tstc
 *fill*         0x000000002400da7a        0x2 
 .text.fgetc.part.0
                0x000000002400da7c       0x24 common/built-in.o
 .text.getc     0x000000002400daa0       0x1a common/built-in.o
                0x000000002400daa0                getc
 *fill*         0x000000002400daba        0x2 
 .text.ctrlc    0x000000002400dabc       0x34 common/built-in.o
                0x000000002400dabc                ctrlc
 .text.disable_ctrlc
                0x000000002400daf0       0x10 common/built-in.o
                0x000000002400daf0                disable_ctrlc
 .text.had_ctrlc
                0x000000002400db00        0xc common/built-in.o
                0x000000002400db00                had_ctrlc
 .text.clear_ctrlc
                0x000000002400db0c        0xc common/built-in.o
                0x000000002400db0c                clear_ctrlc
 .text.search_device
                0x000000002400db18       0x16 common/built-in.o
                0x000000002400db18                search_device
 *fill*         0x000000002400db2e        0x2 
 .text.console_assign
                0x000000002400db30       0x84 common/built-in.o
                0x000000002400db30                console_assign
 .text.console_init_f
                0x000000002400dbb4        0xa common/built-in.o
                0x000000002400dbb4                console_init_f
 *fill*         0x000000002400dbbe        0x2 
 .text.stdio_print_current_devices
                0x000000002400dbc0       0x78 common/built-in.o
                0x000000002400dbc0                stdio_print_current_devices
 .text.console_init_r
                0x000000002400dc38      0x10c common/built-in.o
                0x000000002400dc38                console_init_r
 .text.sbrk     0x000000002400dd44       0x40 common/built-in.o
                0x000000002400dd44                sbrk
 .text.mem_malloc_init
                0x000000002400dd84       0x28 common/built-in.o
                0x000000002400dd84                mem_malloc_init
 .text.malloc_trim
                0x000000002400ddac       0x84 common/built-in.o
                0x000000002400ddac                malloc_trim
 .text.free     0x000000002400de30      0x168 common/built-in.o
                0x000000002400de30                free
 .text.malloc   0x000000002400df98      0x420 common/built-in.o
                0x000000002400df98                malloc
 .text.calloc   0x000000002400e3b8       0xb8 common/built-in.o
                0x000000002400e3b8                calloc
 .text.realloc  0x000000002400e470      0x2d4 common/built-in.o
                0x000000002400e470                realloc
 .text.memalign
                0x000000002400e744      0x116 common/built-in.o
                0x000000002400e744                memalign
 .text.initf_malloc
                0x000000002400e85a       0x14 common/built-in.o
                0x000000002400e85a                initf_malloc
 .text.alloc_simple
                0x000000002400e86e       0x36 common/built-in.o
 .text.malloc_simple
                0x000000002400e8a4        0x6 common/built-in.o
                0x000000002400e8a4                malloc_simple
 *fill*         0x000000002400e8aa        0x2 
 .text.on_loadaddr
                0x000000002400e8ac       0x1c common/built-in.o
 .text.image_multi_count
                0x000000002400e8c8       0x12 common/built-in.o
                0x000000002400e8c8                image_multi_count
 .text.image_multi_getimg
                0x000000002400e8da       0x4a common/built-in.o
                0x000000002400e8da                image_multi_getimg
 .text.env_get_bootm_low
                0x000000002400e924       0x24 common/built-in.o
                0x000000002400e924                env_get_bootm_low
 .text.env_get_bootm_size
                0x000000002400e948       0x44 common/built-in.o
                0x000000002400e948                env_get_bootm_size
 .text.env_get_bootm_mapsize
                0x000000002400e98c       0x20 common/built-in.o
                0x000000002400e98c                env_get_bootm_mapsize
 .text.memmove_wd
                0x000000002400e9ac        0xa common/built-in.o
                0x000000002400e9ac                memmove_wd
 *fill*         0x000000002400e9b6        0x2 
 .text.genimg_print_size
                0x000000002400e9b8       0x24 common/built-in.o
                0x000000002400e9b8                genimg_print_size
 .text.get_table_entry
                0x000000002400e9dc       0x12 common/built-in.o
                0x000000002400e9dc                get_table_entry
 .text.get_table_entry_name
                0x000000002400e9ee       0x12 common/built-in.o
                0x000000002400e9ee                get_table_entry_name
 .text.genimg_get_os_name
                0x000000002400ea00       0x14 common/built-in.o
                0x000000002400ea00                genimg_get_os_name
 .text.genimg_get_arch_name
                0x000000002400ea14       0x14 common/built-in.o
                0x000000002400ea14                genimg_get_arch_name
 .text.genimg_get_type_name
                0x000000002400ea28       0x14 common/built-in.o
                0x000000002400ea28                genimg_get_type_name
 .text.genimg_get_comp_name
                0x000000002400ea3c       0x14 common/built-in.o
                0x000000002400ea3c                genimg_get_comp_name
 .text.get_table_entry_id
                0x000000002400ea50       0x26 common/built-in.o
                0x000000002400ea50                get_table_entry_id
 *fill*         0x000000002400ea76        0x2 
 .text.genimg_get_os_id
                0x000000002400ea78       0x14 common/built-in.o
                0x000000002400ea78                genimg_get_os_id
 .text.genimg_get_arch_id
                0x000000002400ea8c       0x14 common/built-in.o
                0x000000002400ea8c                genimg_get_arch_id
 .text.genimg_get_type_id
                0x000000002400eaa0       0x14 common/built-in.o
                0x000000002400eaa0                genimg_get_type_id
 .text.genimg_get_comp_id
                0x000000002400eab4       0x14 common/built-in.o
                0x000000002400eab4                genimg_get_comp_id
 .text.genimg_get_kernel_addr_fit
                0x000000002400eac8       0x3c common/built-in.o
                0x000000002400eac8                genimg_get_kernel_addr_fit
 .text.genimg_get_format
                0x000000002400eb04       0x10 common/built-in.o
                0x000000002400eb04                genimg_get_format
 .text.genimg_has_config
                0x000000002400eb14        0xa common/built-in.o
                0x000000002400eb14                genimg_has_config
 *fill*         0x000000002400eb1e        0x2 
 .text.boot_get_ramdisk
                0x000000002400eb20      0x134 common/built-in.o
                0x000000002400eb20                boot_get_ramdisk
 .text.boot_ramdisk_high
                0x000000002400ec54       0xbc common/built-in.o
                0x000000002400ec54                boot_ramdisk_high
 .text.boot_get_setup
                0x000000002400ed10        0x4 common/built-in.o
                0x000000002400ed10                boot_get_setup
 .text.boot_get_loadable
                0x000000002400ed14       0xe4 common/built-in.o
                0x000000002400ed14                boot_get_loadable
 .text.image_setup_linux
                0x000000002400edf8       0x3a common/built-in.o
                0x000000002400edf8                image_setup_linux
 *fill*         0x000000002400ee32        0x2 
 .text.fdt_error
                0x000000002400ee34       0x24 common/built-in.o
 .text.boot_fdt_add_mem_rsv_regions
                0x000000002400ee58       0xf0 common/built-in.o
                0x000000002400ee58                boot_fdt_add_mem_rsv_regions
 .text.boot_relocate_fdt
                0x000000002400ef48      0x10c common/built-in.o
                0x000000002400ef48                boot_relocate_fdt
 .text.boot_get_fdt
                0x000000002400f054      0x1a4 common/built-in.o
                0x000000002400f054                boot_get_fdt
 .text.ft_verify_fdt
                0x000000002400f1f8        0x4 common/built-in.o
                0x000000002400f1f8                ft_verify_fdt
 .text.image_setup_libfdt
                0x000000002400f1fc       0xb0 common/built-in.o
                0x000000002400f1fc                image_setup_libfdt
 .text.fit_image_get_address
                0x000000002400f2ac       0x3c common/built-in.o
 .text.fit_parse_conf
                0x000000002400f2e8       0x3a common/built-in.o
                0x000000002400f2e8                fit_parse_conf
 .text.fit_parse_subimage
                0x000000002400f322       0x3a common/built-in.o
                0x000000002400f322                fit_parse_subimage
 .text.fit_get_desc
                0x000000002400f35c       0x20 common/built-in.o
                0x000000002400f35c                fit_get_desc
 .text.fit_image_get_node
                0x000000002400f37c       0x24 common/built-in.o
                0x000000002400f37c                fit_image_get_node
 .text.fit_image_get_os
                0x000000002400f3a0       0x28 common/built-in.o
                0x000000002400f3a0                fit_image_get_os
 .text.fit_image_get_arch
                0x000000002400f3c8       0x28 common/built-in.o
                0x000000002400f3c8                fit_image_get_arch
 .text.fit_image_get_type
                0x000000002400f3f0       0x28 common/built-in.o
                0x000000002400f3f0                fit_image_get_type
 .text.fit_image_get_comp
                0x000000002400f418       0x28 common/built-in.o
                0x000000002400f418                fit_image_get_comp
 .text.fit_image_get_load
                0x000000002400f440        0xc common/built-in.o
                0x000000002400f440                fit_image_get_load
 .text.fit_image_get_entry
                0x000000002400f44c        0xc common/built-in.o
                0x000000002400f44c                fit_image_get_entry
 .text.fit_image_get_data
                0x000000002400f458       0x28 common/built-in.o
                0x000000002400f458                fit_image_get_data
 .text.fit_image_get_data_offset
                0x000000002400f480       0x24 common/built-in.o
                0x000000002400f480                fit_image_get_data_offset
 .text.fit_image_get_data_position
                0x000000002400f4a4       0x24 common/built-in.o
                0x000000002400f4a4                fit_image_get_data_position
 .text.fit_image_get_data_size
                0x000000002400f4c8       0x24 common/built-in.o
                0x000000002400f4c8                fit_image_get_data_size
 .text.fit_image_get_data_and_size
                0x000000002400f4ec       0x54 common/built-in.o
                0x000000002400f4ec                fit_image_get_data_and_size
 .text.fit_image_hash_get_algo
                0x000000002400f540       0x20 common/built-in.o
                0x000000002400f540                fit_image_hash_get_algo
 .text.fit_image_hash_get_value
                0x000000002400f560       0x28 common/built-in.o
                0x000000002400f560                fit_image_hash_get_value
 .text.fit_image_print_data
                0x000000002400f588       0xfc common/built-in.o
 .text.fit_image_print_verification_data
                0x000000002400f684       0x60 common/built-in.o
 .text.fit_image_print
                0x000000002400f6e4      0x1fc common/built-in.o
                0x000000002400f6e4                fit_image_print
 .text.fit_print_contents
                0x000000002400f8e0      0x2b0 common/built-in.o
                0x000000002400f8e0                fit_print_contents
 .text.fit_get_end
                0x000000002400fb90        0x8 common/built-in.o
                0x000000002400fb90                fit_get_end
 .text.calculate_hash
                0x000000002400fb98       0xa8 common/built-in.o
                0x000000002400fb98                calculate_hash
 .text.fit_image_verify_with_data
                0x000000002400fc40      0x1a8 common/built-in.o
                0x000000002400fc40                fit_image_verify_with_data
 .text.fit_image_verify
                0x000000002400fde8       0x50 common/built-in.o
                0x000000002400fde8                fit_image_verify
 .text.fit_all_image_verify
                0x000000002400fe38       0xa0 common/built-in.o
                0x000000002400fe38                fit_all_image_verify
 .text.fit_image_check_os
                0x000000002400fed8       0x20 common/built-in.o
                0x000000002400fed8                fit_image_check_os
 .text.fit_image_check_arch
                0x000000002400fef8       0x2c common/built-in.o
                0x000000002400fef8                fit_image_check_arch
 .text.fit_image_check_type
                0x000000002400ff24       0x20 common/built-in.o
                0x000000002400ff24                fit_image_check_type
 .text.fit_image_check_comp
                0x000000002400ff44       0x20 common/built-in.o
                0x000000002400ff44                fit_image_check_comp
 .text.fit_check_format
                0x000000002400ff64       0x28 common/built-in.o
                0x000000002400ff64                fit_check_format
 .text.fit_conf_get_node
                0x000000002400ff8c       0x7c common/built-in.o
                0x000000002400ff8c                fit_conf_get_node
 .text.fit_conf_get_prop_node_index
                0x0000000024010008       0x20 common/built-in.o
                0x0000000024010008                fit_conf_get_prop_node_index
 .text.fit_conf_get_prop_node
                0x0000000024010028        0x6 common/built-in.o
                0x0000000024010028                fit_conf_get_prop_node
 .text.fit_get_node_from_config
                0x000000002401002e       0x2a common/built-in.o
                0x000000002401002e                fit_get_node_from_config
 .text.fit_image_load
                0x0000000024010058      0x3f4 common/built-in.o
                0x0000000024010058                fit_image_load
 .text.boot_get_setup_fit
                0x000000002401044c       0x40 common/built-in.o
                0x000000002401044c                boot_get_setup_fit
 .text.boot_get_fdt_fit
                0x000000002401048c      0x1d0 common/built-in.o
                0x000000002401048c                boot_get_fdt_fit
 .text.rsa_sign
                0x000000002401065c        0x6 common/built-in.o
 .text.rsa_add_verify_data
                0x0000000024010662        0x6 common/built-in.o
 .text.image_get_checksum_algo
                0x0000000024010668       0x4c common/built-in.o
                0x0000000024010668                image_get_checksum_algo
 .text.image_get_crypto_algo
                0x00000000240106b4       0x38 common/built-in.o
                0x00000000240106b4                image_get_crypto_algo
 .text.image_get_padding_algo
                0x00000000240106ec       0x20 common/built-in.o
                0x00000000240106ec                image_get_padding_algo
 .text.fit_image_setup_verify
                0x000000002401070c       0xd0 common/built-in.o
 .text.fit_region_make_list
                0x00000000240107dc       0x38 common/built-in.o
                0x00000000240107dc                fit_region_make_list
 .text.fit_image_check_sig
                0x0000000024010814       0x68 common/built-in.o
                0x0000000024010814                fit_image_check_sig
 .text.fit_image_verify_required_sigs
                0x000000002401087c      0x14c common/built-in.o
                0x000000002401087c                fit_image_verify_required_sigs
 .text.fit_config_check_sig
                0x00000000240109c8      0x1ac common/built-in.o
                0x00000000240109c8                fit_config_check_sig
 .text.fit_config_verify_required_sigs
                0x0000000024010b74      0x124 common/built-in.o
                0x0000000024010b74                fit_config_verify_required_sigs
 .text.fit_config_verify
                0x0000000024010c98        0x8 common/built-in.o
                0x0000000024010c98                fit_config_verify
 .text.get_effective_memsize
                0x0000000024010ca0        0x6 common/built-in.o
                0x0000000024010ca0                get_effective_memsize
 .text.nulldev_putc
                0x0000000024010ca6        0x2 common/built-in.o
 .text.nulldev_puts
                0x0000000024010ca8        0x2 common/built-in.o
 .text.nulldev_input
                0x0000000024010caa        0x4 common/built-in.o
 .text.stdio_serial_tstc
                0x0000000024010cae        0x4 common/built-in.o
 .text.stdio_serial_getc
                0x0000000024010cb2        0x4 common/built-in.o
 .text.stdio_serial_puts
                0x0000000024010cb6        0x6 common/built-in.o
 .text.stdio_serial_putc
                0x0000000024010cbc        0x6 common/built-in.o
 *fill*         0x0000000024010cc2        0x2 
 .text.stdio_get_list
                0x0000000024010cc4        0x8 common/built-in.o
                0x0000000024010cc4                stdio_get_list
 .text.stdio_get_by_name
                0x0000000024010ccc       0xa0 common/built-in.o
                0x0000000024010ccc                stdio_get_by_name
 .text.stdio_clone
                0x0000000024010d6c       0x22 common/built-in.o
                0x0000000024010d6c                stdio_clone
 *fill*         0x0000000024010d8e        0x2 
 .text.stdio_register_dev
                0x0000000024010d90       0x34 common/built-in.o
                0x0000000024010d90                stdio_register_dev
 .text.stdio_register
                0x0000000024010dc4        0x6 common/built-in.o
                0x0000000024010dc4                stdio_register
 *fill*         0x0000000024010dca        0x2 
 .text.stdio_init_tables
                0x0000000024010dcc       0x14 common/built-in.o
                0x0000000024010dcc                stdio_init_tables
 .text.stdio_add_devices
                0x0000000024010de0       0x88 common/built-in.o
                0x0000000024010de0                stdio_add_devices
 .text.run_command
                0x0000000024010e68        0xe common/built-in.o
                0x0000000024010e68                run_command
 .text.run_command_list
                0x0000000024010e76       0x46 common/built-in.o
                0x0000000024010e76                run_command_list
 .text.do_run   0x0000000024010ebc       0x4c common/built-in.o
                0x0000000024010ebc                do_run
 .text.cli_process_fdt
                0x0000000024010f08       0x30 common/built-in.o
                0x0000000024010f08                cli_process_fdt
 .text.cli_secure_boot_cmd
                0x0000000024010f38       0x4c common/built-in.o
                0x0000000024010f38                cli_secure_boot_cmd
 .text.cli_loop
                0x0000000024010f84        0x8 common/built-in.o
                0x0000000024010f84                cli_loop
 .text.cli_init
                0x0000000024010f8c        0x4 common/built-in.o
                0x0000000024010f8c                cli_init
 .text.find_cmd_tbl
                0x0000000024010f90       0x64 common/built-in.o
                0x0000000024010f90                find_cmd_tbl
 .text.find_cmd
                0x0000000024010ff4       0x1c common/built-in.o
                0x0000000024010ff4                find_cmd
 .text.cmd_usage
                0x0000000024011010       0x3c common/built-in.o
                0x0000000024011010                cmd_usage
 .text._do_help
                0x000000002401104c      0x104 common/built-in.o
                0x000000002401104c                _do_help
 .text.var_complete
                0x0000000024011150       0x50 common/built-in.o
                0x0000000024011150                var_complete
 .text.complete_subcmdv
                0x00000000240111a0      0x104 common/built-in.o
                0x00000000240111a0                complete_subcmdv
 .text.cmd_auto_complete
                0x00000000240112a4      0x27c common/built-in.o
                0x00000000240112a4                cmd_auto_complete
 .text.cmd_get_data_size
                0x0000000024011520       0x34 common/built-in.o
                0x0000000024011520                cmd_get_data_size
 .text.cmd_always_repeatable
                0x0000000024011554       0x10 common/built-in.o
                0x0000000024011554                cmd_always_repeatable
 .text.cmd_never_repeatable
                0x0000000024011564       0x10 common/built-in.o
                0x0000000024011564                cmd_never_repeatable
 .text.cmd_discard_repeatable
                0x0000000024011574        0xe common/built-in.o
                0x0000000024011574                cmd_discard_repeatable
 *fill*         0x0000000024011582        0x2 
 .text.cmd_process
                0x0000000024011584       0x9c common/built-in.o
                0x0000000024011584                cmd_process
 .text.cmd_process_error
                0x0000000024011620       0x1c common/built-in.o
                0x0000000024011620                cmd_process_error
 .text.hex1_bin
                0x000000002401163c       0x2c common/built-in.o
 .text.hex2_bin
                0x0000000024011668       0x24 common/built-in.o
 .text.srec_decode
                0x000000002401168c      0x190 common/built-in.o
                0x000000002401168c                srec_decode
 .text.CYGACC_COMM_IF_GETC_TIMEOUT.constprop.0
                0x000000002401181c       0x2e common/built-in.o
 .text.xyzModem_flush
                0x000000002401184a       0x14 common/built-in.o
 *fill*         0x000000002401185e        0x2 
 .text.xyzModem_get_hdr
                0x0000000024011860      0x168 common/built-in.o
 .text.xyzModem_stream_open
                0x00000000240119c8      0x16c common/built-in.o
                0x00000000240119c8                xyzModem_stream_open
 .text.xyzModem_stream_read
                0x0000000024011b34      0x194 common/built-in.o
                0x0000000024011b34                xyzModem_stream_read
 .text.xyzModem_stream_close
                0x0000000024011cc8       0x40 common/built-in.o
                0x0000000024011cc8                xyzModem_stream_close
 .text.xyzModem_stream_terminate
                0x0000000024011d08       0x68 common/built-in.o
                0x0000000024011d08                xyzModem_stream_terminate
 .text.xyzModem_error
                0x0000000024011d70       0x18 common/built-in.o
                0x0000000024011d70                xyzModem_error
 .text.part_driver_lookup_type
                0x0000000024011d88       0x44 disk/built-in.o
 .text.blk_get_dev
                0x0000000024011dcc       0x18 disk/built-in.o
                0x0000000024011dcc                blk_get_dev
 .text.dev_print
                0x0000000024011de4      0x164 disk/built-in.o
                0x0000000024011de4                dev_print
 .text.part_init
                0x0000000024011f48       0x38 disk/built-in.o
                0x0000000024011f48                part_init
 .text.part_print
                0x0000000024011f80       0xb8 disk/built-in.o
                0x0000000024011f80                part_print
 .text.part_get_info
                0x0000000024012038       0x36 disk/built-in.o
                0x0000000024012038                part_get_info
 *fill*         0x000000002401206e        0x2 
 .text.part_get_info_whole_disk
                0x0000000024012070       0x38 disk/built-in.o
                0x0000000024012070                part_get_info_whole_disk
 .text.blk_get_device_by_str
                0x00000000240120a8       0xc0 disk/built-in.o
                0x00000000240120a8                blk_get_device_by_str
 .text.blk_get_device_part_str
                0x0000000024012168      0x280 disk/built-in.o
                0x0000000024012168                blk_get_device_part_str
 .text.part_set_generic_name
                0x00000000240123e8       0x38 disk/built-in.o
                0x00000000240123e8                part_set_generic_name
 .text.test_block_type
                0x0000000024012420       0x4c disk/built-in.o
 .text.print_partition_extended
                0x000000002401246c      0x194 disk/built-in.o
 .text.part_print_dos
                0x0000000024012600       0x20 disk/built-in.o
                0x0000000024012600                part_print_dos
 .text.part_test_dos
                0x0000000024012620       0x48 disk/built-in.o
 .text.part_get_info_extended
                0x0000000024012668      0x1c0 disk/built-in.o
 .text.part_get_info_dos
                0x0000000024012828       0x1a disk/built-in.o
                0x0000000024012828                part_get_info_dos
 *fill*         0x0000000024012842        0x2 
 .text.print_efiname
                0x0000000024012844       0x3c disk/built-in.o
 .text.part_test_efi
                0x0000000024012880       0x72 disk/built-in.o
 *fill*         0x00000000240128f2        0x2 
 .text.validate_gpt_entries
                0x00000000240128f4       0x80 disk/built-in.o
 *fill*         0x0000000024012974        0x4 
 .text.validate_gpt_header
                0x0000000024012978      0x1a8 disk/built-in.o
 .text.is_gpt_valid
                0x0000000024012b20      0x1bc disk/built-in.o
 .text.is_pte_valid
                0x0000000024012cdc       0x38 disk/built-in.o
 .text.part_print_efi
                0x0000000024012d14      0x1f4 disk/built-in.o
                0x0000000024012d14                part_print_efi
 .text.part_get_info_efi
                0x0000000024012f08      0x174 disk/built-in.o
                0x0000000024012f08                part_get_info_efi
 .text.get_disk_guid
                0x000000002401307c       0xa0 disk/built-in.o
                0x000000002401307c                get_disk_guid
 .text.write_gpt_table
                0x000000002401311c      0x36c disk/built-in.o
                0x000000002401311c                write_gpt_table
 .text.gpt_fill_pte
                0x0000000024013488      0x25c disk/built-in.o
                0x0000000024013488                gpt_fill_pte
 .text.gpt_fill_header
                0x00000000240136e4      0x1a0 disk/built-in.o
                0x00000000240136e4                gpt_fill_header
 .text.gpt_restore
                0x0000000024013884       0xc4 disk/built-in.o
                0x0000000024013884                gpt_restore
 .text.gpt_verify_headers
                0x0000000024013948       0x54 disk/built-in.o
                0x0000000024013948                gpt_verify_headers
 .text.gpt_verify_partitions
                0x000000002401399c      0x16c disk/built-in.o
                0x000000002401399c                gpt_verify_partitions
 .text.clk_request
                0x0000000024013b08       0x14 drivers/built-in.o
                0x0000000024013b08                clk_request
 .text.clk_get_by_indexed_prop
                0x0000000024013b1c       0x60 drivers/built-in.o
 .text.clk_get_by_index
                0x0000000024013b7c       0x10 drivers/built-in.o
                0x0000000024013b7c                clk_get_by_index
 .text.clk_get_by_name
                0x0000000024013b8c       0x2c drivers/built-in.o
                0x0000000024013b8c                clk_get_by_name
 .text.clk_free
                0x0000000024013bb8       0x10 drivers/built-in.o
                0x0000000024013bb8                clk_free
 .text.clk_get_rate
                0x0000000024013bc8       0x12 drivers/built-in.o
                0x0000000024013bc8                clk_get_rate
 .text.clk_set_rate
                0x0000000024013bda       0x12 drivers/built-in.o
                0x0000000024013bda                clk_set_rate
 .text.clk_set_parent
                0x0000000024013bec       0x12 drivers/built-in.o
                0x0000000024013bec                clk_set_parent
 *fill*         0x0000000024013bfe        0x2 
 .text.clk_set_defaults
                0x0000000024013c00       0xf4 drivers/built-in.o
                0x0000000024013c00                clk_set_defaults
 .text.clk_enable
                0x0000000024013cf4       0x12 drivers/built-in.o
                0x0000000024013cf4                clk_enable
 .text.clk_disable
                0x0000000024013d06       0x12 drivers/built-in.o
                0x0000000024013d06                clk_disable
 .text.clk_fixed_rate_ofdata_to_platdata
                0x0000000024013d18       0x20 drivers/built-in.o
 .text.clk_fixed_rate_get_rate
                0x0000000024013d38       0x16 drivers/built-in.o
 .text.clk_fixed_factor_get_rate
                0x0000000024013d4e       0x2c drivers/built-in.o
 *fill*         0x0000000024013d7a        0x2 
 .text.clk_fixed_factor_ofdata_to_platdata
                0x0000000024013d7c       0x3c drivers/built-in.o
 .text.stm32_clk_set_rate
                0x0000000024013db8        0x4 drivers/built-in.o
 .text.stm32_clk_of_xlate
                0x0000000024013dbc       0x1c drivers/built-in.o
 .text.stm32_clk_enable
                0x0000000024013dd8       0x30 drivers/built-in.o
 .text.stm32_get_apb_psc.isra.0
                0x0000000024013e08       0x44 drivers/built-in.o
 .text.stm32_get_timer_rate.isra.0
                0x0000000024013e4c       0x88 drivers/built-in.o
 .text.stm32_get_rate
                0x0000000024013ed4       0x7c drivers/built-in.o
 .text.stm32_clk_get_rate
                0x0000000024013f50      0x194 drivers/built-in.o
 .text.configure_clocks
                0x00000000240140e4      0x160 drivers/built-in.o
                0x00000000240140e4                configure_clocks
 .text.stm32_clk_probe
                0x0000000024014244       0x64 drivers/built-in.o
 .text.alloc_priv
                0x00000000240142a8       0x38 drivers/built-in.o
 .text.device_bind_common.constprop.0
                0x00000000240142e0      0x200 drivers/built-in.o
 .text.device_bind_with_driver_data
                0x00000000240144e0       0x16 drivers/built-in.o
                0x00000000240144e0                device_bind_with_driver_data
 .text.device_bind_by_name
                0x00000000240144f6       0x44 drivers/built-in.o
                0x00000000240144f6                device_bind_by_name
 *fill*         0x000000002401453a        0x2 
 .text.device_probe
                0x000000002401453c      0x180 drivers/built-in.o
                0x000000002401453c                device_probe
 .text.dev_get_platdata
                0x00000000240146bc       0x20 drivers/built-in.o
                0x00000000240146bc                dev_get_platdata
 .text.dev_get_parent_platdata
                0x00000000240146dc       0x20 drivers/built-in.o
                0x00000000240146dc                dev_get_parent_platdata
 .text.dev_get_uclass_platdata
                0x00000000240146fc       0x20 drivers/built-in.o
                0x00000000240146fc                dev_get_uclass_platdata
 .text.dev_get_priv
                0x000000002401471c       0x20 drivers/built-in.o
                0x000000002401471c                dev_get_priv
 .text.dev_get_uclass_priv
                0x000000002401473c       0x20 drivers/built-in.o
                0x000000002401473c                dev_get_uclass_priv
 .text.dev_get_parent_priv
                0x000000002401475c       0x20 drivers/built-in.o
                0x000000002401475c                dev_get_parent_priv
 .text.device_find_first_child
                0x000000002401477c       0x12 drivers/built-in.o
                0x000000002401477c                device_find_first_child
 .text.device_find_next_child
                0x000000002401478e       0x16 drivers/built-in.o
                0x000000002401478e                device_find_next_child
 .text.dev_get_parent
                0x00000000240147a4        0x4 drivers/built-in.o
                0x00000000240147a4                dev_get_parent
 .text.dev_get_driver_data
                0x00000000240147a8        0x4 drivers/built-in.o
                0x00000000240147a8                dev_get_driver_data
 .text.device_get_uclass_id
                0x00000000240147ac        0x8 drivers/built-in.o
                0x00000000240147ac                device_get_uclass_id
 .text.device_set_name_alloced
                0x00000000240147b4        0xa drivers/built-in.o
                0x00000000240147b4                device_set_name_alloced
 .text.device_is_compatible
                0x00000000240147be       0x10 drivers/built-in.o
                0x00000000240147be                device_is_compatible
 *fill*         0x00000000240147ce        0x2 
 .text.devfdt_get_addr_index
                0x00000000240147d0       0x7c drivers/built-in.o
                0x00000000240147d0                devfdt_get_addr_index
 .text.devfdt_get_addr
                0x000000002401484c        0x6 drivers/built-in.o
                0x000000002401484c                devfdt_get_addr
 *fill*         0x0000000024014852        0x2 
 .text.lists_driver_lookup_name
                0x0000000024014854       0x2c drivers/built-in.o
                0x0000000024014854                lists_driver_lookup_name
 .text.lists_uclass_lookup
                0x0000000024014880       0x20 drivers/built-in.o
                0x0000000024014880                lists_uclass_lookup
 .text.lists_bind_drivers
                0x00000000240148a0       0x60 drivers/built-in.o
                0x00000000240148a0                lists_bind_drivers
 .text.device_bind_driver_to_node
                0x0000000024014900       0x2c drivers/built-in.o
                0x0000000024014900                device_bind_driver_to_node
 .text.device_bind_driver
                0x000000002401492c       0x12 drivers/built-in.o
                0x000000002401492c                device_bind_driver
 *fill*         0x000000002401493e        0x2 
 .text.lists_bind_fdt
                0x0000000024014940       0xfc drivers/built-in.o
                0x0000000024014940                lists_bind_fdt
 .text.dm_scan_fdt_node
                0x0000000024014a3c       0x9c drivers/built-in.o
 .text.dm_scan_fdt_ofnode_path
                0x0000000024014ad8       0x24 drivers/built-in.o
 .text.dm_root  0x0000000024014afc       0x1c drivers/built-in.o
                0x0000000024014afc                dm_root
 .text.dm_get_translation_offset
                0x0000000024014b18        0xe drivers/built-in.o
                0x0000000024014b18                dm_get_translation_offset
 *fill*         0x0000000024014b26        0x2 
 .text.dm_init  0x0000000024014b28       0x4c drivers/built-in.o
                0x0000000024014b28                dm_init
 .text.dm_remove_devices_flags
                0x0000000024014b74       0x12 drivers/built-in.o
                0x0000000024014b74                dm_remove_devices_flags
 *fill*         0x0000000024014b86        0x2 
 .text.dm_scan_platdata
                0x0000000024014b88       0x20 drivers/built-in.o
                0x0000000024014b88                dm_scan_platdata
 .text.dm_scan_fdt_dev
                0x0000000024014ba8       0x1c drivers/built-in.o
                0x0000000024014ba8                dm_scan_fdt_dev
 .text.dm_scan_fdt
                0x0000000024014bc4       0x14 drivers/built-in.o
                0x0000000024014bc4                dm_scan_fdt
 .text.dm_extended_scan_fdt
                0x0000000024014bd8       0x30 drivers/built-in.o
                0x0000000024014bd8                dm_extended_scan_fdt
 .text.dm_scan_other
                0x0000000024014c08        0x4 drivers/built-in.o
                0x0000000024014c08                dm_scan_other
 .text.dm_init_and_scan
                0x0000000024014c0c       0x2c drivers/built-in.o
                0x0000000024014c0c                dm_init_and_scan
 .text.uclass_find
                0x0000000024014c38       0x2e drivers/built-in.o
                0x0000000024014c38                uclass_find
 .text.uclass_get
                0x0000000024014c66       0xaa drivers/built-in.o
                0x0000000024014c66                uclass_get
 .text.dev_get_uclass_index
                0x0000000024014d10       0x36 drivers/built-in.o
                0x0000000024014d10                dev_get_uclass_index
 .text.uclass_find_device
                0x0000000024014d46       0x42 drivers/built-in.o
                0x0000000024014d46                uclass_find_device
 .text.uclass_find_first_device
                0x0000000024014d88       0x26 drivers/built-in.o
                0x0000000024014d88                uclass_find_first_device
 .text.uclass_find_next_device
                0x0000000024014dae       0x18 drivers/built-in.o
                0x0000000024014dae                uclass_find_next_device
 .text.uclass_find_device_by_name
                0x0000000024014dc6       0x50 drivers/built-in.o
                0x0000000024014dc6                uclass_find_device_by_name
 .text.uclass_find_device_by_seq
                0x0000000024014e16       0x4e drivers/built-in.o
                0x0000000024014e16                uclass_find_device_by_seq
 .text.uclass_find_device_by_of_offset
                0x0000000024014e64       0x40 drivers/built-in.o
                0x0000000024014e64                uclass_find_device_by_of_offset
 .text.uclass_find_device_by_ofnode
                0x0000000024014ea4       0x42 drivers/built-in.o
                0x0000000024014ea4                uclass_find_device_by_ofnode
 .text.uclass_find_device_by_phandle
                0x0000000024014ee6       0x60 drivers/built-in.o
                0x0000000024014ee6                uclass_find_device_by_phandle
 .text.uclass_get_device_tail
                0x0000000024014f46       0x16 drivers/built-in.o
                0x0000000024014f46                uclass_get_device_tail
 .text.uclass_get_device
                0x0000000024014f5c       0x1c drivers/built-in.o
                0x0000000024014f5c                uclass_get_device
 .text.uclass_get_device_by_name
                0x0000000024014f78       0x1c drivers/built-in.o
                0x0000000024014f78                uclass_get_device_by_name
 .text.uclass_get_device_by_seq
                0x0000000024014f94       0x34 drivers/built-in.o
                0x0000000024014f94                uclass_get_device_by_seq
 .text.uclass_get_device_by_of_offset
                0x0000000024014fc8       0x1c drivers/built-in.o
                0x0000000024014fc8                uclass_get_device_by_of_offset
 .text.uclass_get_device_by_ofnode
                0x0000000024014fe4       0x1c drivers/built-in.o
                0x0000000024014fe4                uclass_get_device_by_ofnode
 .text.uclass_get_device_by_phandle
                0x0000000024015000       0x1c drivers/built-in.o
                0x0000000024015000                uclass_get_device_by_phandle
 .text.uclass_first_device
                0x000000002401501c       0x1e drivers/built-in.o
                0x000000002401501c                uclass_first_device
 .text.uclass_first_device_err
                0x000000002401503a       0x16 drivers/built-in.o
                0x000000002401503a                uclass_first_device_err
 .text.uclass_next_device
                0x0000000024015050       0x22 drivers/built-in.o
                0x0000000024015050                uclass_next_device
 .text.uclass_next_device_err
                0x0000000024015072       0x16 drivers/built-in.o
                0x0000000024015072                uclass_next_device_err
 .text.uclass_first_device_check
                0x0000000024015088       0x1e drivers/built-in.o
                0x0000000024015088                uclass_first_device_check
 .text.uclass_next_device_check
                0x00000000240150a6       0x1a drivers/built-in.o
                0x00000000240150a6                uclass_next_device_check
 .text.uclass_bind_device
                0x00000000240150c0       0x3a drivers/built-in.o
                0x00000000240150c0                uclass_bind_device
 .text.uclass_unbind_device
                0x00000000240150fa       0x24 drivers/built-in.o
                0x00000000240150fa                uclass_unbind_device
 *fill*         0x000000002401511e        0x2 
 .text.uclass_resolve_seq
                0x0000000024015120       0x68 drivers/built-in.o
                0x0000000024015120                uclass_resolve_seq
 .text.uclass_pre_probe_device
                0x0000000024015188       0x2e drivers/built-in.o
                0x0000000024015188                uclass_pre_probe_device
 .text.uclass_post_probe_device
                0x00000000240151b6       0x2e drivers/built-in.o
                0x00000000240151b6                uclass_post_probe_device
 .text.uclass_pre_remove_device
                0x00000000240151e4        0xe drivers/built-in.o
                0x00000000240151e4                uclass_pre_remove_device
 .text.dm_warn  0x00000000240151f2       0x1a drivers/built-in.o
                0x00000000240151f2                dm_warn
 .text.dm_ofnode_pre_reloc
                0x000000002401520c       0x34 drivers/built-in.o
                0x000000002401520c                dm_ofnode_pre_reloc
 .text.device_unbind
                0x0000000024015240       0x96 drivers/built-in.o
                0x0000000024015240                device_unbind
 .text.device_chld_unbind
                0x00000000240152d6       0x3c drivers/built-in.o
                0x00000000240152d6                device_chld_unbind
 .text.device_free
                0x0000000024015312       0x44 drivers/built-in.o
                0x0000000024015312                device_free
 *fill*         0x0000000024015356        0x2 
 .text.device_remove
                0x0000000024015358       0xcc drivers/built-in.o
                0x0000000024015358                device_remove
 .text.device_chld_remove
                0x0000000024015424       0x3c drivers/built-in.o
                0x0000000024015424                device_chld_remove
 .text.simple_bus_post_bind
                0x0000000024015460       0x34 drivers/built-in.o
 .text.show_devices
                0x0000000024015494       0xb8 drivers/built-in.o
 .text.dm_dump_all
                0x000000002401554c       0x30 drivers/built-in.o
                0x000000002401554c                dm_dump_all
 .text.dm_dump_uclass
                0x000000002401557c       0xa0 drivers/built-in.o
                0x000000002401557c                dm_dump_uclass
 .text.regmap_init_mem
                0x000000002401561c       0xf8 drivers/built-in.o
                0x000000002401561c                regmap_init_mem
 .text.regmap_get_range
                0x0000000024015714       0x10 drivers/built-in.o
                0x0000000024015714                regmap_get_range
 .text.syscon_pre_probe
                0x0000000024015724       0x24 drivers/built-in.o
 .text.syscon_get_regmap
                0x0000000024015748       0x1c drivers/built-in.o
                0x0000000024015748                syscon_get_regmap
 .text.syscon_get_by_driver_data
                0x0000000024015764       0x42 drivers/built-in.o
                0x0000000024015764                syscon_get_by_driver_data
 .text.syscon_get_regmap_by_driver_data
                0x00000000240157a6       0x18 drivers/built-in.o
                0x00000000240157a6                syscon_get_regmap_by_driver_data
 .text.syscon_get_first_range
                0x00000000240157be       0x18 drivers/built-in.o
                0x00000000240157be                syscon_get_first_range
 .text.ofnode_read_u32
                0x00000000240157d6       0x2e drivers/built-in.o
                0x00000000240157d6                ofnode_read_u32
 .text.ofnode_read_u32_default
                0x0000000024015804       0x12 drivers/built-in.o
                0x0000000024015804                ofnode_read_u32_default
 .text.ofnode_read_string
                0x0000000024015816       0x30 drivers/built-in.o
                0x0000000024015816                ofnode_read_string
 .text.ofnode_find_subnode
                0x0000000024015846       0x12 drivers/built-in.o
                0x0000000024015846                ofnode_find_subnode
 .text.ofnode_read_u32_array
                0x0000000024015858       0x18 drivers/built-in.o
                0x0000000024015858                ofnode_read_u32_array
 .text.ofnode_first_subnode
                0x0000000024015870        0xe drivers/built-in.o
                0x0000000024015870                ofnode_first_subnode
 .text.ofnode_next_subnode
                0x000000002401587e        0xe drivers/built-in.o
                0x000000002401587e                ofnode_next_subnode
 .text.ofnode_get_parent
                0x000000002401588c        0xe drivers/built-in.o
                0x000000002401588c                ofnode_get_parent
 .text.ofnode_get_name
                0x000000002401589a        0xc drivers/built-in.o
                0x000000002401589a                ofnode_get_name
 .text.ofnode_read_size
                0x00000000240158a6       0x20 drivers/built-in.o
                0x00000000240158a6                ofnode_read_size
 .text.ofnode_stringlist_search
                0x00000000240158c6       0x26 drivers/built-in.o
                0x00000000240158c6                ofnode_stringlist_search
 .text.ofnode_parse_phandle_with_args
                0x00000000240158ec       0x3e drivers/built-in.o
                0x00000000240158ec                ofnode_parse_phandle_with_args
 .text.ofnode_count_phandle_with_args
                0x000000002401592a       0x24 drivers/built-in.o
                0x000000002401592a                ofnode_count_phandle_with_args
 .text.ofnode_path
                0x000000002401594e        0xe drivers/built-in.o
                0x000000002401594e                ofnode_path
 .text.ofnode_get_chosen_prop
                0x000000002401595c       0x18 drivers/built-in.o
                0x000000002401595c                ofnode_get_chosen_prop
 .text.ofnode_get_chosen_node
                0x0000000024015974       0x16 drivers/built-in.o
                0x0000000024015974                ofnode_get_chosen_node
 .text.ofnode_get_property
                0x000000002401598a       0x14 drivers/built-in.o
                0x000000002401598a                ofnode_get_property
 .text.ofnode_read_bool
                0x000000002401599e       0x10 drivers/built-in.o