drivers/net/dwc_eth_qos.c:360:13:eqos_inval_desc_tegra186	0	static
drivers/net/dwc_eth_qos.c:698:12:eqos_start_resets_stm32	0	static
drivers/net/dwc_eth_qos.c:1685:24:eqos_get_interface_tegra186	0	static
drivers/net/dwc_eth_qos.c:1393:5:eqos_recv	16	static
drivers/net/dwc_eth_qos.c:1417:5:eqos_free_pkt	16	static
drivers/net/dwc_eth_qos.c:758:12:eqos_disable_calibration_tegra186	8	static
drivers/net/dwc_eth_qos.c:629:6:eqos_stop_clks_tegra186	8	static
drivers/net/dwc_eth_qos.c:644:6:eqos_stop_clks_stm32	8	static
drivers/net/dwc_eth_qos.c:1298:6:eqos_stop	16	static
drivers/net/dwc_eth_qos.c:1352:5:eqos_send	16	static
drivers/net/dwc_eth_qos.c:956:12:eqos_write_hwaddr	16	static
drivers/net/dwc_eth_qos.c:718:12:eqos_calibrate_pads_tegra186	16	static
drivers/net/dwc_eth_qos.c:1000:12:eqos_start	32	static
drivers/net/dwc_eth_qos.c:1453:12:eqos_probe_resources_core	8	static
drivers/net/dwc_eth_qos.c:1787:12:eqos_remove	16	static
drivers/net/dwc_eth_qos.c:777:14:eqos_get_tick_clk_rate_stm32	8	static
drivers/net/dwc_eth_qos.c:770:14:eqos_get_tick_clk_rate_tegra186	8	static
drivers/net/dwc_eth_qos.c:582:12:eqos_start_clks_stm32	24	static
drivers/net/dwc_eth_qos.c:1708:12:eqos_remove_resources_stm32	8	static
drivers/net/dwc_eth_qos.c:422:13:eqos_flush_buffer_stm32	0	static
drivers/net/dwc_eth_qos.c:408:13:eqos_inval_buffer_stm32	0	static
drivers/net/dwc_eth_qos.c:400:13:eqos_inval_buffer_tegra186	0	static
drivers/net/dwc_eth_qos.c:1670:24:eqos_get_interface_stm32	8	static
drivers/net/dwc_eth_qos.c:856:12:eqos_set_tx_clk_speed_tegra186	16	static
drivers/net/dwc_eth_qos.c:523:12:eqos_start_clks_tegra186	32	static
drivers/net/dwc_eth_qos.c:703:12:eqos_stop_resets_tegra186	8	static
drivers/net/dwc_eth_qos.c:659:12:eqos_start_resets_tegra186	16	static
drivers/net/dwc_eth_qos.c:1690:12:eqos_remove_resources_tegra186	16	static
drivers/net/dwc_eth_qos.c:1526:12:eqos_probe_resources_tegra186	48	static
drivers/net/dwc_eth_qos.c:417:13:eqos_flush_buffer_tegra186	0	static
drivers/net/dwc_eth_qos.c:789:12:eqos_disable_calibration_stm32	0	static
drivers/net/dwc_eth_qos.c:382:13:eqos_flush_desc_tegra186	0	static
drivers/net/dwc_eth_qos.c:1724:12:eqos_probe	16	static
drivers/net/dwc_eth_qos.c:431:12:eqos_mdio_wait_idle.isra	16	static
drivers/net/dwc_eth_qos.c:438:12:eqos_mdio_read	24	static
drivers/net/dwc_eth_qos.c:482:12:eqos_mdio_write	24	static
drivers/net/dwc_eth_qos.c:888:12:eqos_set_tx_clk_speed_stm32	0	static
drivers/net/dwc_eth_qos.c:713:12:eqos_stop_resets_stm32	0	static
drivers/net/dwc_eth_qos.c:784:12:eqos_calibrate_pads_stm32	0	static
drivers/net/dwc_eth_qos.c:389:13:eqos_flush_desc_stm32	0	static
drivers/net/dwc_eth_qos.c:371:13:eqos_inval_desc_stm32	0	static
drivers/net/dwc_eth_qos.c:1599:12:board_interface_eth_init	0	static
drivers/net/dwc_eth_qos.c:1605:12:eqos_probe_resources_stm32	24	static
