drivers/mmc/mmc.c:706:12:mmc_send_ext_csd	56	static
drivers/mmc/mmc.c:617:12:mmc_send_op_cond_iter	40	static
drivers/mmc/mmc.c:454:12:mmc_go_idle	40	static
drivers/mmc/mmc.c:880:12:mmc_set_capacity	24	static
drivers/mmc/mmc.c:1745:12:mmc_read_and_compare_ext_csd	560	static
drivers/mmc/mmc.c:135:13:mmc_mode_name	0	static
drivers/mmc/mmc.c:209:5:mmc_send_status	56	static
drivers/mmc/mmc.c:727:12:__mmc_switch.constprop	48	static
drivers/mmc/mmc.c:768:12:mmc_set_card_speed.constprop	560	static
drivers/mmc/mmc.c:254:5:mmc_set_blocklen	48	static
drivers/mmc/mmc.c:398:7:mmc_bread	80	static
drivers/mmc/mmc.c:762:5:mmc_switch	0	static
drivers/mmc/mmc.c:2053:12:mmc_startup_v4	576	static
drivers/mmc/mmc.c:940:5:mmc_switch_part	24	static
drivers/mmc/mmc.c:965:5:mmc_hwpart_config	616	static
drivers/mmc/mmc.c:1522:5:mmc_set_clock	4	static
drivers/mmc/mmc.c:1553:6:mmc_dump_capabilities	0	static
drivers/mmc/mmc.c:2620:5:mmc_get_op_cond	56	static
drivers/mmc/mmc.c:2704:5:mmc_start_init	8	static
drivers/mmc/mmc.c:2758:5:mmc_init	336	static
drivers/mmc/mmc.c:2809:5:mmc_set_dsr	0	static
drivers/mmc/mmc.c:2816:12:cpu_mmc_init	0	static
drivers/mmc/mmc.c:2822:12:board_mmc_init	0	static
drivers/mmc/mmc.c:2827:6:mmc_set_preinit	0	static
drivers/mmc/mmc.c:2871:5:mmc_initialize	24	static
