/home/usepat/Emcraft/STM32CubeH7/Middlewares/Third_Party/LwIP/src/core/netif.c:1629:1:netif_null_output_ip4	0	static
/home/usepat/Emcraft/STM32CubeH7/Middlewares/Third_Party/LwIP/src/core/netif.c:876:1:netif_issue_reports	8	static
/home/usepat/Emcraft/STM32CubeH7/Middlewares/Third_Party/LwIP/src/core/netif.c:458:1:netif_do_set_ipaddr.isra	24	static
/home/usepat/Emcraft/STM32CubeH7/Middlewares/Third_Party/LwIP/src/core/netif.c:178:1:netif_init	0	static
/home/usepat/Emcraft/STM32CubeH7/Middlewares/Third_Party/LwIP/src/core/netif.c:218:1:netif_input	16	static
/home/usepat/Emcraft/STM32CubeH7/Middlewares/Third_Party/LwIP/src/core/netif.c:501:1:netif_set_ipaddr	16	static
/home/usepat/Emcraft/STM32CubeH7/Middlewares/Third_Party/LwIP/src/core/netif.c:561:1:netif_set_netmask	0	static
/home/usepat/Emcraft/STM32CubeH7/Middlewares/Third_Party/LwIP/src/core/netif.c:622:1:netif_set_gw	0	static
/home/usepat/Emcraft/STM32CubeH7/Middlewares/Third_Party/LwIP/src/core/netif.c:659:1:netif_set_addr	32	static
/home/usepat/Emcraft/STM32CubeH7/Middlewares/Third_Party/LwIP/src/core/netif.c:277:1:netif_add	32	static
/home/usepat/Emcraft/STM32CubeH7/Middlewares/Third_Party/LwIP/src/core/netif.c:240:1:netif_add_noaddr	24	static
/home/usepat/Emcraft/STM32CubeH7/Middlewares/Third_Party/LwIP/src/core/netif.c:823:1:netif_set_default	0	static
/home/usepat/Emcraft/STM32CubeH7/Middlewares/Third_Party/LwIP/src/core/netif.c:845:1:netif_set_up	0	static
/home/usepat/Emcraft/STM32CubeH7/Middlewares/Third_Party/LwIP/src/core/netif.c:920:1:netif_set_down	8	static
/home/usepat/Emcraft/STM32CubeH7/Middlewares/Third_Party/LwIP/src/core/netif.c:738:1:netif_remove	16	static
/home/usepat/Emcraft/STM32CubeH7/Middlewares/Third_Party/LwIP/src/core/netif.c:993:1:netif_set_link_up	8	static
/home/usepat/Emcraft/STM32CubeH7/Middlewares/Third_Party/LwIP/src/core/netif.c:1031:1:netif_set_link_down	8	static
/home/usepat/Emcraft/STM32CubeH7/Middlewares/Third_Party/LwIP/src/core/netif.c:1061:1:netif_set_link_callback	0	static
/home/usepat/Emcraft/STM32CubeH7/Middlewares/Third_Party/LwIP/src/core/netif.c:1686:1:netif_get_by_index	0	static
/home/usepat/Emcraft/STM32CubeH7/Middlewares/Third_Party/LwIP/src/core/netif.c:1666:1:netif_index_to_name	16	static
/home/usepat/Emcraft/STM32CubeH7/Middlewares/Third_Party/LwIP/src/core/netif.c:1711:1:netif_find	8	static
/home/usepat/Emcraft/STM32CubeH7/Middlewares/Third_Party/LwIP/src/core/netif.c:1647:1:netif_name_to_index	8	static
