common/hash.c:130:12:hash_finish_crc32	8	static
common/hash.c:104:12:hash_finish_crc16_ccitt	8	static
common/hash.c:123:12:hash_update_crc32	8	static
common/hash.c:115:12:hash_init_crc32	8	static
common/hash.c:88:12:hash_init_crc16_ccitt	8	static
common/hash.c:96:12:hash_update_crc16_ccitt	8	static
common/hash.c:76:12:hash_finish_sha256	8	static
common/hash.c:69:12:hash_update_sha256	8	static
common/hash.c:61:12:hash_init_sha256	16	static
common/hash.c:48:12:hash_finish_sha1	8	static
common/hash.c:41:12:hash_update_sha1	8	static
common/hash.c:33:12:hash_init_sha1	16	static
common/hash.c:217:5:hash_lookup_algo	32	static
common/hash.c:232:5:hash_progressive_lookup_algo	24	static
common/hash.c:251:5:hash_parse_string	32	static
common/hash.c:271:5:hash_block	32	static
common/hash.c:415:5:hash_command	104	static
