include/u-boot/rsa.h:70:19:rsa_sign	0	static
include/u-boot/rsa.h:77:19:rsa_add_verify_data	0	static
common/image-sig.c:87:23:image_get_checksum_algo	32	static
common/image-sig.c:103:21:image_get_crypto_algo	16	static
common/image-sig.c:122:22:image_get_padding_algo	8	static
common/image-sig.c:181:12:fit_image_setup_verify	40	static
common/image-sig.c:152:22:fit_region_make_list	24	static
common/image-sig.c:222:5:fit_image_check_sig	96	static
common/image-sig.c:293:5:fit_image_verify_required_sigs	64	static
common/image-sig.c:333:5:fit_config_check_sig	336	dynamic
common/image-sig.c:482:5:fit_config_verify_required_sigs	48	static
common/image-sig.c:515:5:fit_config_verify	0	static
