/home/usepat/Emcraft/STM32CubeH7/Projects/STM32H7_SOM/Applications/FreeRTOS/freertos_stm32h750/Src/ethernetif.c:305:14:low_level_output	64	static
/home/usepat/Emcraft/STM32CubeH7/Projects/STM32H7_SOM/Applications/FreeRTOS/freertos_stm32h750/Src/ethernetif.c:607:9:ETH_PHY_IO_ReadReg	8	static
/home/usepat/Emcraft/STM32CubeH7/Projects/STM32H7_SOM/Applications/FreeRTOS/freertos_stm32h750/Src/ethernetif.c:625:9:ETH_PHY_IO_WriteReg	8	static
/home/usepat/Emcraft/STM32CubeH7/Projects/STM32H7_SOM/Applications/FreeRTOS/freertos_stm32h750/Src/ethernetif.c:452:6:pbuf_free_custom	8	static
/home/usepat/Emcraft/STM32CubeH7/Projects/STM32H7_SOM/Applications/FreeRTOS/freertos_stm32h750/Src/ethernetif.c:378:13:ethernetif_input	32	static
/home/usepat/Emcraft/STM32CubeH7/Projects/STM32H7_SOM/Applications/FreeRTOS/freertos_stm32h750/Src/ethernetif.c:470:7:sys_now	0	static
/home/usepat/Emcraft/STM32CubeH7/Projects/STM32H7_SOM/Applications/FreeRTOS/freertos_stm32h750/Src/ethernetif.c:483:6:HAL_ETH_MspInit	56	static
/home/usepat/Emcraft/STM32CubeH7/Projects/STM32H7_SOM/Applications/FreeRTOS/freertos_stm32h750/Src/ethernetif.c:537:6:HAL_ETH_RxCpltCallback	0	static
/home/usepat/Emcraft/STM32CubeH7/Projects/STM32H7_SOM/Applications/FreeRTOS/freertos_stm32h750/Src/ethernetif.c:547:6:HAL_ETH_TxCpltCallback	0	static
/home/usepat/Emcraft/STM32CubeH7/Projects/STM32H7_SOM/Applications/FreeRTOS/freertos_stm32h750/Src/ethernetif.c:557:6:HAL_ETH_ErrorCallback	8	static
/home/usepat/Emcraft/STM32CubeH7/Projects/STM32H7_SOM/Applications/FreeRTOS/freertos_stm32h750/Src/ethernetif.c:578:9:ETH_PHY_IO_Init	8	static
/home/usepat/Emcraft/STM32CubeH7/Projects/STM32H7_SOM/Applications/FreeRTOS/freertos_stm32h750/Src/ethernetif.c:415:7:ethernetif_init	144	static
/home/usepat/Emcraft/STM32CubeH7/Projects/STM32H7_SOM/Applications/FreeRTOS/freertos_stm32h750/Src/ethernetif.c:595:9:ETH_PHY_IO_DeInit	0	static
/home/usepat/Emcraft/STM32CubeH7/Projects/STM32H7_SOM/Applications/FreeRTOS/freertos_stm32h750/Src/ethernetif.c:640:9:ETH_PHY_IO_GetTick	0	static
/home/usepat/Emcraft/STM32CubeH7/Projects/STM32H7_SOM/Applications/FreeRTOS/freertos_stm32h750/Src/ethernetif.c:650:6:ethernet_link_thread	128	static
/home/usepat/Emcraft/STM32CubeH7/Projects/STM32H7_SOM/Applications/FreeRTOS/freertos_stm32h750/Src/ethernetif.c:734:6:HAL_ETH_RxAllocateCallback	16	static
/home/usepat/Emcraft/STM32CubeH7/Projects/STM32H7_SOM/Applications/FreeRTOS/freertos_stm32h750/Src/ethernetif.c:754:6:HAL_ETH_RxLinkCallback	12	static
/home/usepat/Emcraft/STM32CubeH7/Projects/STM32H7_SOM/Applications/FreeRTOS/freertos_stm32h750/Src/ethernetif.c:790:6:HAL_ETH_TxFreeCallback	0	static
