/home/usepat/Emcraft/STM32CubeH7/Projects/STM32H7_SOM/Applications/FreeRTOS/freertos_stm32h750/Src/usbh_conf.c:121:6:HAL_HCD_SOF_Callback	0	static
/home/usepat/Emcraft/STM32CubeH7/Projects/STM32H7_SOM/Applications/FreeRTOS/freertos_stm32h750/Src/usbh_conf.c:131:6:HAL_HCD_Connect_Callback	0	static
/home/usepat/Emcraft/STM32CubeH7/Projects/STM32H7_SOM/Applications/FreeRTOS/freertos_stm32h750/Src/usbh_conf.c:141:6:HAL_HCD_Disconnect_Callback	0	static
/home/usepat/Emcraft/STM32CubeH7/Projects/STM32H7_SOM/Applications/FreeRTOS/freertos_stm32h750/Src/usbh_conf.c:151:6:HAL_HCD_PortEnabled_Callback	0	static
/home/usepat/Emcraft/STM32CubeH7/Projects/STM32H7_SOM/Applications/FreeRTOS/freertos_stm32h750/Src/usbh_conf.c:162:6:HAL_HCD_PortDisabled_Callback	0	static
/home/usepat/Emcraft/STM32CubeH7/Projects/STM32H7_SOM/Applications/FreeRTOS/freertos_stm32h750/Src/usbh_conf.c:175:6:HAL_HCD_HC_NotifyURBChange_Callback	0	static
/home/usepat/Emcraft/STM32CubeH7/Projects/STM32H7_SOM/Applications/FreeRTOS/freertos_stm32h750/Src/usbh_conf.c:192:20:USBH_LL_Init	8	static
/home/usepat/Emcraft/STM32CubeH7/Projects/STM32H7_SOM/Applications/FreeRTOS/freertos_stm32h750/Src/usbh_conf.c:272:19:USBH_LL_GetSpeed	8	static
/home/usepat/Emcraft/STM32CubeH7/Projects/STM32H7_SOM/Applications/FreeRTOS/freertos_stm32h750/Src/usbh_conf.c:320:10:USBH_LL_GetLastXferSize	0	static
/home/usepat/Emcraft/STM32CubeH7/Projects/STM32H7_SOM/Applications/FreeRTOS/freertos_stm32h750/Src/usbh_conf.c:424:22:USBH_LL_GetURBState	0	static
/home/usepat/Emcraft/STM32CubeH7/Projects/STM32H7_SOM/Applications/FreeRTOS/freertos_stm32h750/Src/usbh_conf.c:438:20:USBH_LL_DriverVBUS	8	static
/home/usepat/Emcraft/STM32CubeH7/Projects/STM32H7_SOM/Applications/FreeRTOS/freertos_stm32h750/Src/usbh_conf.c:459:20:USBH_LL_SetToggle	0	static
/home/usepat/Emcraft/STM32CubeH7/Projects/STM32H7_SOM/Applications/FreeRTOS/freertos_stm32h750/Src/usbh_conf.c:482:9:USBH_LL_GetToggle	0	static
/home/usepat/Emcraft/STM32CubeH7/Projects/STM32H7_SOM/Applications/FreeRTOS/freertos_stm32h750/Src/usbh_conf.c:504:6:USBH_Delay	0	static
/home/usepat/Emcraft/STM32CubeH7/Projects/STM32H7_SOM/Applications/FreeRTOS/freertos_stm32h750/Src/usbh_conf.c:514:20:USBH_Get_USB_Status	0	static
/home/usepat/Emcraft/STM32CubeH7/Projects/STM32H7_SOM/Applications/FreeRTOS/freertos_stm32h750/Src/usbh_conf.c:221:20:USBH_LL_DeInit	8	static
/home/usepat/Emcraft/STM32CubeH7/Projects/STM32H7_SOM/Applications/FreeRTOS/freertos_stm32h750/Src/usbh_conf.c:238:20:USBH_LL_Start	8	static
/home/usepat/Emcraft/STM32CubeH7/Projects/STM32H7_SOM/Applications/FreeRTOS/freertos_stm32h750/Src/usbh_conf.c:255:20:USBH_LL_Stop	8	static
/home/usepat/Emcraft/STM32CubeH7/Projects/STM32H7_SOM/Applications/FreeRTOS/freertos_stm32h750/Src/usbh_conf.c:302:20:USBH_LL_ResetPort	8	static
/home/usepat/Emcraft/STM32CubeH7/Projects/STM32H7_SOM/Applications/FreeRTOS/freertos_stm32h750/Src/usbh_conf.c:336:20:USBH_LL_OpenPipe	32	static
/home/usepat/Emcraft/STM32CubeH7/Projects/STM32H7_SOM/Applications/FreeRTOS/freertos_stm32h750/Src/usbh_conf.c:356:20:USBH_LL_ClosePipe	8	static
/home/usepat/Emcraft/STM32CubeH7/Projects/STM32H7_SOM/Applications/FreeRTOS/freertos_stm32h750/Src/usbh_conf.c:395:20:USBH_LL_SubmitURB	32	static
