/home/usepat/Emcraft/STM32CubeH7/Projects/STM32H7_SOM/Applications/FreeRTOS/freertos_stm32h750/Src/usbh_diskio.c:71:9:USBH_initialize	0	static
/home/usepat/Emcraft/STM32CubeH7/Projects/STM32H7_SOM/Applications/FreeRTOS/freertos_stm32h750/Src/usbh_diskio.c:83:9:USBH_status	8	static
/home/usepat/Emcraft/STM32CubeH7/Projects/STM32H7_SOM/Applications/FreeRTOS/freertos_stm32h750/Src/usbh_diskio.c:204:9:USBH_ioctl	64	static
/home/usepat/Emcraft/STM32CubeH7/Projects/STM32H7_SOM/Applications/FreeRTOS/freertos_stm32h750/Src/usbh_diskio.c:111:9:USBH_read	72	static
/home/usepat/Emcraft/STM32CubeH7/Projects/STM32H7_SOM/Applications/FreeRTOS/freertos_stm32h750/Src/usbh_diskio.c:155:9:USBH_write	72	static
