Archive member included to satisfy reference by file (symbol)

/usr/lib/gcc/arm-none-eabi/10.3.1/thumb/v7e-m+dp/hard/libgcc.a(_aeabi_ldivmod.o)
                              CMakeFiles/freertos_stm32h750.elf.dir/Projects/STM32H7_SOM/Applications/FreeRTOS/freertos_stm32h750/Src/pwm_test.c.obj (__aeabi_ldivmod)
/usr/lib/gcc/arm-none-eabi/10.3.1/thumb/v7e-m+dp/hard/libgcc.a(_aeabi_uldivmod.o)
                              CMakeFiles/freertos_stm32h750.elf.dir/Drivers/STM32H7xx_HAL_Driver/Src/stm32h7xx_hal_uart.c.obj (__aeabi_uldivmod)
/usr/lib/gcc/arm-none-eabi/10.3.1/thumb/v7e-m+dp/hard/libgcc.a(_udivmoddi4.o)
                              /usr/lib/gcc/arm-none-eabi/10.3.1/thumb/v7e-m+dp/hard/libgcc.a(_aeabi_ldivmod.o) (__udivmoddi4)
/usr/lib/gcc/arm-none-eabi/10.3.1/thumb/v7e-m+dp/hard/libgcc.a(_dvmd_tls.o)
                              /usr/lib/gcc/arm-none-eabi/10.3.1/thumb/v7e-m+dp/hard/libgcc.a(_aeabi_ldivmod.o) (__aeabi_ldiv0)
/usr/lib/gcc/arm-none-eabi/10.3.1/../../../arm-none-eabi/lib/thumb/v7e-m+dp/hard/libg_nano.a(lib_a-atexit.o)
                              /usr/lib/gcc/arm-none-eabi/10.3.1/../../../arm-none-eabi/lib/thumb/v7e-m+dp/hard/crt0.o (atexit)
/usr/lib/gcc/arm-none-eabi/10.3.1/../../../arm-none-eabi/lib/thumb/v7e-m+dp/hard/libg_nano.a(lib_a-atoi.o)
                              CMakeFiles/freertos_stm32h750.elf.dir/Middlewares/Third_Party/LwIP/src/core/netif.c.obj (atoi)
/usr/lib/gcc/arm-none-eabi/10.3.1/../../../arm-none-eabi/lib/thumb/v7e-m+dp/hard/libg_nano.a(lib_a-ctype_.o)
                              CMakeFiles/freertos_stm32h750.elf.dir/Middlewares/Third_Party/LwIP/src/core/ipv4/ip4_addr.c.obj (_ctype_)
/usr/lib/gcc/arm-none-eabi/10.3.1/../../../arm-none-eabi/lib/thumb/v7e-m+dp/hard/libg_nano.a(lib_a-exit.o)
                              /usr/lib/gcc/arm-none-eabi/10.3.1/../../../arm-none-eabi/lib/thumb/v7e-m+dp/hard/crt0.o (exit)
/usr/lib/gcc/arm-none-eabi/10.3.1/../../../arm-none-eabi/lib/thumb/v7e-m+dp/hard/libg_nano.a(lib_a-fini.o)
                              /usr/lib/gcc/arm-none-eabi/10.3.1/../../../arm-none-eabi/lib/thumb/v7e-m+dp/hard/crt0.o (__libc_fini_array)
/usr/lib/gcc/arm-none-eabi/10.3.1/../../../arm-none-eabi/lib/thumb/v7e-m+dp/hard/libg_nano.a(lib_a-impure.o)
                              /usr/lib/gcc/arm-none-eabi/10.3.1/../../../arm-none-eabi/lib/thumb/v7e-m+dp/hard/libg_nano.a(lib_a-exit.o) (_global_impure_ptr)
/usr/lib/gcc/arm-none-eabi/10.3.1/../../../arm-none-eabi/lib/thumb/v7e-m+dp/hard/libg_nano.a(lib_a-init.o)
                              /usr/lib/gcc/arm-none-eabi/10.3.1/../../../arm-none-eabi/lib/thumb/v7e-m+dp/hard/crt0.o (__libc_init_array)
/usr/lib/gcc/arm-none-eabi/10.3.1/../../../arm-none-eabi/lib/thumb/v7e-m+dp/hard/libg_nano.a(lib_a-malloc.o)
                              CMakeFiles/freertos_stm32h750.elf.dir/Middlewares/ST/STM32_USB_Host_Library/Class/MSC/Src/usbh_msc.c.obj (malloc)
/usr/lib/gcc/arm-none-eabi/10.3.1/../../../arm-none-eabi/lib/thumb/v7e-m+dp/hard/libg_nano.a(lib_a-memcmp.o)
                              CMakeFiles/freertos_stm32h750.elf.dir/Middlewares/Third_Party/LwIP/src/netif/ethernet.c.obj (memcmp)
/usr/lib/gcc/arm-none-eabi/10.3.1/../../../arm-none-eabi/lib/thumb/v7e-m+dp/hard/libg_nano.a(lib_a-memcpy.o)
                              CMakeFiles/freertos_stm32h750.elf.dir/Middlewares/ST/STM32_USB_Host_Library/Class/MSC/Src/usbh_msc.c.obj (memcpy)
/usr/lib/gcc/arm-none-eabi/10.3.1/../../../arm-none-eabi/lib/thumb/v7e-m+dp/hard/libg_nano.a(lib_a-memmove.o)
                              CMakeFiles/freertos_stm32h750.elf.dir/Middlewares/Third_Party/LwIP/src/core/def.c.obj (memmove)
/usr/lib/gcc/arm-none-eabi/10.3.1/../../../arm-none-eabi/lib/thumb/v7e-m+dp/hard/libg_nano.a(lib_a-memset.o)
                              /usr/lib/gcc/arm-none-eabi/10.3.1/../../../arm-none-eabi/lib/thumb/v7e-m+dp/hard/crt0.o (memset)
/usr/lib/gcc/arm-none-eabi/10.3.1/../../../arm-none-eabi/lib/thumb/v7e-m+dp/hard/libg_nano.a(lib_a-nano-freer.o)
                              /usr/lib/gcc/arm-none-eabi/10.3.1/../../../arm-none-eabi/lib/thumb/v7e-m+dp/hard/libg_nano.a(lib_a-malloc.o) (_free_r)
/usr/lib/gcc/arm-none-eabi/10.3.1/../../../arm-none-eabi/lib/thumb/v7e-m+dp/hard/libg_nano.a(lib_a-nano-mallocr.o)
                              /usr/lib/gcc/arm-none-eabi/10.3.1/../../../arm-none-eabi/lib/thumb/v7e-m+dp/hard/libg_nano.a(lib_a-malloc.o) (_malloc_r)
/usr/lib/gcc/arm-none-eabi/10.3.1/../../../arm-none-eabi/lib/thumb/v7e-m+dp/hard/libg_nano.a(lib_a-printf.o)
                              CMakeFiles/freertos_stm32h750.elf.dir/Middlewares/Third_Party/LwIP/src/core/mem.c.obj (printf)
/usr/lib/gcc/arm-none-eabi/10.3.1/../../../arm-none-eabi/lib/thumb/v7e-m+dp/hard/libg_nano.a(lib_a-puts.o)
                              CMakeFiles/freertos_stm32h750.elf.dir/Middlewares/Third_Party/LwIP/src/core/mem.c.obj (puts)
/usr/lib/gcc/arm-none-eabi/10.3.1/../../../arm-none-eabi/lib/thumb/v7e-m+dp/hard/libg_nano.a(lib_a-rand.o)
[...]
Memory Configuration

Name             Origin             Length             Attributes
DTCMRAM          0x0000000020000000 0x0000000000020000 xrw
RAM_D1           0x0000000024000000 0x0000000000080000 xrw
RAM_D2           0x0000000030000000 0x0000000000048000 xrw
RAM_D3           0x0000000038000000 0x0000000000010000 xrw
ITCMRAM          0x0000000000000000 0x0000000000010000 xrw
SDRAM            0x00000000d0600000 0x0000000003800000 xrw
FLASH            0x0000000008000000 0x0000000000200000 xr
*default*        0x0000000000000000 0xffffffffffffffff

Linker script and memory map

LOAD /usr/lib/gcc/arm-none-eabi/10.3.1/thumb/v7e-m+dp/hard/crti.o
LOAD /usr/lib/gcc/arm-none-eabi/10.3.1/thumb/v7e-m+dp/hard/crtbegin.o
LOAD /usr/lib/gcc/arm-none-eabi/10.3.1/../../../arm-none-eabi/lib/thumb/v7e-m+dp/hard/crt0.o
LOAD CMakeFiles/freertos_stm32h750.elf.dir/Middlewares/ST/STM32_USB_Host_Library/Core/Src/usbh_core.c.obj
LOAD CMakeFiles/freertos_stm32h750.elf.dir/Middlewares/ST/STM32_USB_Host_Library/Core/Src/usbh_ctlreq.c.obj
LOAD CMakeFiles/freertos_stm32h750.elf.dir/Middlewares/ST/STM32_USB_Host_Library/Core/Src/usbh_ioreq.c.obj
LOAD CMakeFiles/freertos_stm32h750.elf.dir/Middlewares/ST/STM32_USB_Host_Library/Class/MSC/Src/usbh_msc.c.obj
LOAD CMakeFiles/freertos_stm32h750.elf.dir/Middlewares/ST/STM32_USB_Host_Library/Class/MSC/Src/usbh_msc_bot.c.obj
LOAD CMakeFiles/freertos_stm32h750.elf.dir/Middlewares/ST/STM32_USB_Host_Library/Class/MSC/Src/usbh_msc_scsi.c.obj
LOAD CMakeFiles/freertos_stm32h750.elf.dir/Middlewares/ST/STM32_USB_Host_Library/Core/Src/usbh_pipes.c.obj
LOAD CMakeFiles/freertos_stm32h750.elf.dir/Middlewares/Third_Party/FreeRTOS/Source/portable/MemMang/heap_4.c.obj
LOAD CMakeFiles/freertos_stm32h750.elf.dir/Middlewares/Third_Party/FreeRTOS/Source/portable/GCC/ARM_CM4F/port.c.obj
LOAD CMakeFiles/freertos_stm32h750.elf.dir/Middlewares/Third_Party/FreeRTOS/Source/CMSIS_RTOS/cmsis_os.c.obj
LOAD CMakeFiles/freertos_stm32h750.elf.dir/Middlewares/Third_Party/FreeRTOS/Source/croutine.c.obj
LOAD CMakeFiles/freertos_stm32h750.elf.dir/Middlewares/Third_Party/FreeRTOS/Source/event_groups.c.obj
LOAD CMakeFiles/freertos_stm32h750.elf.dir/Middlewares/Third_Party/FreeRTOS/Source/list.c.obj
LOAD CMakeFiles/freertos_stm32h750.elf.dir/Middlewares/Third_Party/FreeRTOS/Source/queue.c.obj
LOAD CMakeFiles/freertos_stm32h750.elf.dir/Middlewares/Third_Party/FreeRTOS/Source/tasks.c.obj
LOAD CMakeFiles/freertos_stm32h750.elf.dir/Middlewares/Third_Party/FreeRTOS/Source/timers.c.obj
LOAD CMakeFiles/freertos_stm32h750.elf.dir/Middlewares/Third_Party/FatFs/src/diskio.c.obj
LOAD CMakeFiles/freertos_stm32h750.elf.dir/Middlewares/Third_Party/FatFs/src/ff.c.obj
LOAD CMakeFiles/freertos_stm32h750.elf.dir/Middlewares/Third_Party/FatFs/src/ff_gen_drv.c.obj
LOAD CMakeFiles/freertos_stm32h750.elf.dir/Drivers/STM32H7xx_HAL_Driver/Src/stm32h7xx_hal.c.obj
LOAD CMakeFiles/freertos_stm32h750.elf.dir/Drivers/STM32H7xx_HAL_Driver/Src/stm32h7xx_hal_adc.c.obj
LOAD CMakeFiles/freertos_stm32h750.elf.dir/Drivers/STM32H7xx_HAL_Driver/Src/stm32h7xx_hal_adc_ex.c.obj
LOAD CMakeFiles/freertos_stm32h750.elf.dir/Drivers/STM32H7xx_HAL_Driver/Src/stm32h7xx_hal_cortex.c.obj
LOAD CMakeFiles/freertos_stm32h750.elf.dir/Drivers/STM32H7xx_HAL_Driver/Src/stm32h7xx_hal_dma.c.obj
LOAD CMakeFiles/freertos_stm32h750.elf.dir/Drivers/STM32H7xx_HAL_Driver/Src/stm32h7xx_hal_dma2d.c.obj
LOAD CMakeFiles/freertos_stm32h750.elf.dir/Drivers/STM32H7xx_HAL_Driver/Src/stm32h7xx_hal_dma_ex.c.obj
LOAD CMakeFiles/freertos_stm32h750.elf.dir/Drivers/STM32H7xx_HAL_Driver/Src/stm32h7xx_hal_flash.c.obj
LOAD CMakeFiles/freertos_stm32h750.elf.dir/Drivers/STM32H7xx_HAL_Driver/Src/stm32h7xx_hal_flash_ex.c.obj
LOAD CMakeFiles/freertos_stm32h750.elf.dir/Drivers/STM32H7xx_HAL_Driver/Src/stm32h7xx_hal_gpio.c.obj
LOAD CMakeFiles/freertos_stm32h750.elf.dir/Drivers/STM32H7xx_HAL_Driver/Src/stm32h7xx_hal_hcd.c.obj
LOAD CMakeFiles/freertos_stm32h750.elf.dir/Drivers/STM32H7xx_HAL_Driver/Src/stm32h7xx_hal_i2c.c.obj
LOAD CMakeFiles/freertos_stm32h750.elf.dir/Drivers/STM32H7xx_HAL_Driver/Src/stm32h7xx_hal_i2c_ex.c.obj
LOAD CMakeFiles/freertos_stm32h750.elf.dir/Drivers/STM32H7xx_HAL_Driver/Src/stm32h7xx_hal_iwdg.c.obj
LOAD CMakeFiles/freertos_stm32h750.elf.dir/Drivers/STM32H7xx_HAL_Driver/Src/stm32h7xx_hal_ltdc.c.obj
LOAD CMakeFiles/freertos_stm32h750.elf.dir/Drivers/STM32H7xx_HAL_Driver/Src/stm32h7xx_hal_pwr_ex.c.obj
LOAD CMakeFiles/freertos_stm32h750.elf.dir/Drivers/STM32H7xx_HAL_Driver/Src/stm32h7xx_hal_pwr.c.obj
LOAD CMakeFiles/freertos_stm32h750.elf.dir/Drivers/STM32H7xx_HAL_Driver/Src/stm32h7xx_hal_rcc.c.obj
LOAD CMakeFiles/freertos_stm32h750.elf.dir/Drivers/STM32H7xx_HAL_Driver/Src/stm32h7xx_hal_rcc_ex.c.obj
LOAD CMakeFiles/freertos_stm32h750.elf.dir/Drivers/STM32H7xx_HAL_Driver/Src/stm32h7xx_hal_rtc.c.obj
LOAD CMakeFiles/freertos_stm32h750.elf.dir/Drivers/STM32H7xx_HAL_Driver/Src/stm32h7xx_hal_spi.c.obj
LOAD CMakeFiles/freertos_stm32h750.elf.dir/Drivers/STM32H7xx_HAL_Driver/Src/stm32h7xx_hal_tim.c.obj
LOAD CMakeFiles/freertos_stm32h750.elf.dir/Drivers/STM32H7xx_HAL_Driver/Src/stm32h7xx_hal_tim_ex.c.obj
LOAD CMakeFiles/freertos_stm32h750.elf.dir/Drivers/STM32H7xx_HAL_Driver/Src/stm32h7xx_hal_uart.c.obj
LOAD CMakeFiles/freertos_stm32h750.elf.dir/Drivers/STM32H7xx_HAL_Driver/Src/stm32h7xx_hal_uart_ex.c.obj
LOAD CMakeFiles/freertos_stm32h750.elf.dir/Drivers/STM32H7xx_HAL_Driver/Src/stm32h7xx_hal_eth.c.obj
LOAD CMakeFiles/freertos_stm32h750.elf.dir/Drivers/BSP/Components/LAN8720/PHY_LAN8720.c.obj
LOAD CMakeFiles/freertos_stm32h750.elf.dir/Middlewares/Third_Party/LwIP/src/core/ipv4/dhcp.c.obj
LOAD CMakeFiles/freertos_stm32h750.elf.dir/Middlewares/Third_Party/LwIP/src/core/mem.c.obj
LOAD CMakeFiles/freertos_stm32h750.elf.dir/Middlewares/Third_Party/LwIP/src/core/init.c.obj
LOAD CMakeFiles/freertos_stm32h750.elf.dir/Middlewares/Third_Party/LwIP/src/core/tcp_out.c.obj
LOAD CMakeFiles/freertos_stm32h750.elf.dir/Middlewares/Third_Party/LwIP/src/core/tcp_in.c.obj
LOAD CMakeFiles/freertos_stm32h750.elf.dir/Middlewares/Third_Party/LwIP/src/core/tcp.c.obj
LOAD CMakeFiles/freertos_stm32h750.elf.dir/Middlewares/Third_Party/LwIP/src/core/udp.c.obj
LOAD CMakeFiles/freertos_stm32h750.elf.dir/Middlewares/Third_Party/LwIP/src/core/inet_chksum.c.obj
LOAD CMakeFiles/freertos_stm32h750.elf.dir/Middlewares/Third_Party/LwIP/src/core/ipv4/icmp.c.obj
LOAD CMakeFiles/freertos_stm32h750.elf.dir/Middlewares/Third_Party/LwIP/system/OS/sys_arch.c.obj
LOAD CMakeFiles/freertos_stm32h750.elf.dir/Middlewares/Third_Party/LwIP/src/core/sys.c.obj
LOAD CMakeFiles/freertos_stm32h750.elf.dir/Middlewares/Third_Party/LwIP/src/core/memp.c.obj
LOAD CMakeFiles/freertos_stm32h750.elf.dir/Middlewares/Third_Party/LwIP/src/core/ipv4/ip4_frag.c.obj
LOAD CMakeFiles/freertos_stm32h750.elf.dir/Middlewares/Third_Party/LwIP/src/core/ip.c.obj
LOAD CMakeFiles/freertos_stm32h750.elf.dir/Middlewares/Third_Party/LwIP/src/core/def.c.obj
LOAD CMakeFiles/freertos_stm32h750.elf.dir/Middlewares/Third_Party/LwIP/src/core/ipv4/ip4_addr.c.obj
LOAD CMakeFiles/freertos_stm32h750.elf.dir/Middlewares/Third_Party/LwIP/src/core/ipv4/ip4.c.obj
LOAD CMakeFiles/freertos_stm32h750.elf.dir/Middlewares/Third_Party/LwIP/src/netif/ethernet.c.obj
LOAD CMakeFiles/freertos_stm32h750.elf.dir/Middlewares/Third_Party/LwIP/src/api/tcpip.c.obj
LOAD CMakeFiles/freertos_stm32h750.elf.dir/Middlewares/Third_Party/LwIP/src/core/netif.c.obj
LOAD CMakeFiles/freertos_stm32h750.elf.dir/Middlewares/Third_Party/LwIP/src/api/err.c.obj
LOAD CMakeFiles/freertos_stm32h750.elf.dir/Middlewares/Third_Party/LwIP/src/core/timeouts.c.obj
LOAD CMakeFiles/freertos_stm32h750.elf.dir/Middlewares/Third_Party/LwIP/src/core/ipv4/etharp.c.obj
LOAD CMakeFiles/freertos_stm32h750.elf.dir/Middlewares/Third_Party/LwIP/src/core/stats.c.obj
LOAD CMakeFiles/freertos_stm32h750.elf.dir/Middlewares/Third_Party/LwIP/src/core/pbuf.c.obj
LOAD CMakeFiles/freertos_stm32h750.elf.dir/Drivers/STM32H7xx_HAL_Driver/Src/stm32h7xx_ll_usb.c.obj
LOAD CMakeFiles/freertos_stm32h750.elf.dir/Projects/STM32H7_SOM/Applications/FreeRTOS/freertos_stm32h750/Src/system_stm32h7xx.c.obj
LOAD CMakeFiles/freertos_stm32h750.elf.dir/Projects/STM32H7_SOM/Applications/FreeRTOS/freertos_stm32h750/Src/FreeRTOS_CLI.c.obj
LOAD CMakeFiles/freertos_stm32h750.elf.dir/Projects/STM32H7_SOM/Applications/FreeRTOS/freertos_stm32h750/Src/adc_test.c.obj
LOAD CMakeFiles/freertos_stm32h750.elf.dir/Projects/STM32H7_SOM/Applications/FreeRTOS/freertos_stm32h750/Src/cmd_env.c.obj
LOAD CMakeFiles/freertos_stm32h750.elf.dir/Projects/STM32H7_SOM/Applications/FreeRTOS/freertos_stm32h750/Src/console.c.obj
LOAD CMakeFiles/freertos_stm32h750.elf.dir/Projects/STM32H7_SOM/Applications/FreeRTOS/freertos_stm32h750/Src/crc32.c.obj
LOAD CMakeFiles/freertos_stm32h750.elf.dir/Projects/STM32H7_SOM/Applications/FreeRTOS/freertos_stm32h750/Src/ctask.c.obj
LOAD CMakeFiles/freertos_stm32h750.elf.dir/Projects/STM32H7_SOM/Applications/FreeRTOS/freertos_stm32h750/Src/dma_alloc.c.obj
LOAD CMakeFiles/freertos_stm32h750.elf.dir/Projects/STM32H7_SOM/Applications/FreeRTOS/freertos_stm32h750/Src/env.c.obj
LOAD CMakeFiles/freertos_stm32h750.elf.dir/Projects/STM32H7_SOM/Applications/FreeRTOS/freertos_stm32h750/Src/fatfs.c.obj
LOAD CMakeFiles/freertos_stm32h750.elf.dir/Projects/STM32H7_SOM/Applications/FreeRTOS/freertos_stm32h750/Src/gpio_test.c.obj
LOAD CMakeFiles/freertos_stm32h750.elf.dir/Projects/STM32H7_SOM/Applications/FreeRTOS/freertos_stm32h750/Src/gui.c.obj
LOAD CMakeFiles/freertos_stm32h750.elf.dir/Projects/STM32H7_SOM/Applications/FreeRTOS/freertos_stm32h750/Src/i2c_drvr.c.obj
LOAD CMakeFiles/freertos_stm32h750.elf.dir/Projects/STM32H7_SOM/Applications/FreeRTOS/freertos_stm32h750/Src/i2c_test.c.obj
LOAD CMakeFiles/freertos_stm32h750.elf.dir/Projects/STM32H7_SOM/Applications/FreeRTOS/freertos_stm32h750/Src/lcd.c.obj
LOAD CMakeFiles/freertos_stm32h750.elf.dir/Projects/STM32H7_SOM/Applications/FreeRTOS/freertos_stm32h750/Src/main.c.obj
LOAD CMakeFiles/freertos_stm32h750.elf.dir/Projects/STM32H7_SOM/Applications/FreeRTOS/freertos_stm32h750/Src/pwm_test.c.obj
LOAD CMakeFiles/freertos_stm32h750.elf.dir/Projects/STM32H7_SOM/Applications/FreeRTOS/freertos_stm32h750/Src/rtc_test.c.obj
LOAD CMakeFiles/freertos_stm32h750.elf.dir/Projects/STM32H7_SOM/Applications/FreeRTOS/freertos_stm32h750/Src/sdram_info.c.obj
LOAD CMakeFiles/freertos_stm32h750.elf.dir/Projects/STM32H7_SOM/Applications/FreeRTOS/freertos_stm32h750/Src/sdram_test.c.obj
LOAD CMakeFiles/freertos_stm32h750.elf.dir/Projects/STM32H7_SOM/Applications/FreeRTOS/freertos_stm32h750/Src/spi_test.c.obj
LOAD CMakeFiles/freertos_stm32h750.elf.dir/Projects/STM32H7_SOM/Applications/FreeRTOS/freertos_stm32h750/Src/stm32h7xx_hal_msp.c.obj
LOAD CMakeFiles/freertos_stm32h750.elf.dir/Projects/STM32H7_SOM/Applications/FreeRTOS/freertos_stm32h750/Src/stm32h7xx_hal_timebase_tim.c.obj
LOAD CMakeFiles/freertos_stm32h750.elf.dir/Projects/STM32H7_SOM/Applications/FreeRTOS/freertos_stm32h750/Src/stm32h7xx_it.c.obj
LOAD CMakeFiles/freertos_stm32h750.elf.dir/Projects/STM32H7_SOM/Applications/FreeRTOS/freertos_stm32h750/Src/tim_test.c.obj
LOAD CMakeFiles/freertos_stm32h750.elf.dir/Projects/STM32H7_SOM/Applications/FreeRTOS/freertos_stm32h750/Src/ts_goodix_drvr.c.obj
LOAD CMakeFiles/freertos_stm32h750.elf.dir/Projects/STM32H7_SOM/Applications/FreeRTOS/freertos_stm32h750/Src/uart_drvr.c.obj
LOAD CMakeFiles/freertos_stm32h750.elf.dir/Projects/STM32H7_SOM/Applications/FreeRTOS/freertos_stm32h750/Src/uart_test.c.obj
LOAD CMakeFiles/freertos_stm32h750.elf.dir/Projects/STM32H7_SOM/Applications/FreeRTOS/freertos_stm32h750/Src/ubifs_test.c.obj
LOAD CMakeFiles/freertos_stm32h750.elf.dir/Projects/STM32H7_SOM/Applications/FreeRTOS/freertos_stm32h750/Src/uboot_abi.c.obj
LOAD CMakeFiles/freertos_stm32h750.elf.dir/Projects/STM32H7_SOM/Applications/FreeRTOS/freertos_stm32h750/Src/uboot_env.c.obj
LOAD CMakeFiles/freertos_stm32h750.elf.dir/Projects/STM32H7_SOM/Applications/FreeRTOS/freertos_stm32h750/Src/usb_host.c.obj
LOAD CMakeFiles/freertos_stm32h750.elf.dir/Projects/STM32H7_SOM/Applications/FreeRTOS/freertos_stm32h750/Src/usb_test.c.obj
LOAD CMakeFiles/freertos_stm32h750.elf.dir/Projects/STM32H7_SOM/Applications/FreeRTOS/freertos_stm32h750/Src/usbh_conf.c.obj
LOAD CMakeFiles/freertos_stm32h750.elf.dir/Projects/STM32H7_SOM/Applications/FreeRTOS/freertos_stm32h750/Src/usbh_diskio.c.obj
LOAD CMakeFiles/freertos_stm32h750.elf.dir/Projects/STM32H7_SOM/Applications/FreeRTOS/freertos_stm32h750/Src/usbh_platform.c.obj
LOAD CMakeFiles/freertos_stm32h750.elf.dir/Projects/STM32H7_SOM/Applications/FreeRTOS/freertos_stm32h750/Src/wdt_test.c.obj
LOAD CMakeFiles/freertos_stm32h750.elf.dir/Projects/STM32H7_SOM/Applications/FreeRTOS/freertos_stm32h750/Src/reliable_upgrade.c.obj
LOAD CMakeFiles/freertos_stm32h750.elf.dir/Projects/STM32H7_SOM/Applications/FreeRTOS/freertos_stm32h750/SW4STM32/startup_stm32h743xx.s.obj
LOAD CMakeFiles/freertos_stm32h750.elf.dir/Projects/STM32H7_SOM/Applications/FreeRTOS/freertos_stm32h750/Src/ethernetif.c.obj
LOAD /usr/lib/gcc/arm-none-eabi/10.3.1/../../../arm-none-eabi/lib/thumb/v7e-m+dp/hard/libm.a
START GROUP
LOAD /usr/lib/gcc/arm-none-eabi/10.3.1/thumb/v7e-m+dp/hard/libgcc.a
LOAD /usr/lib/gcc/arm-none-eabi/10.3.1/../../../arm-none-eabi/lib/thumb/v7e-m+dp/hard/libg_nano.a
LOAD /usr/lib/gcc/arm-none-eabi/10.3.1/../../../arm-none-eabi/lib/thumb/v7e-m+dp/hard/libc_nano.a
END GROUP
START GROUP
LOAD /usr/lib/gcc/arm-none-eabi/10.3.1/thumb/v7e-m+dp/hard/libgcc.a
LOAD /usr/lib/gcc/arm-none-eabi/10.3.1/../../../arm-none-eabi/lib/thumb/v7e-m+dp/hard/libc_nano.a
LOAD /usr/lib/gcc/arm-none-eabi/10.3.1/../../../arm-none-eabi/lib/thumb/v7e-m+dp/hard/libnosys.a
END GROUP
START GROUP
LOAD /usr/lib/gcc/arm-none-eabi/10.3.1/thumb/v7e-m+dp/hard/libgcc.a
LOAD /usr/lib/gcc/arm-none-eabi/10.3.1/../../../arm-none-eabi/lib/thumb/v7e-m+dp/hard/libc_nano.a
LOAD /usr/lib/gcc/arm-none-eabi/10.3.1/../../../arm-none-eabi/lib/thumb/v7e-m+dp/hard/libnosys.a
END GROUP
LOAD /usr/lib/gcc/arm-none-eabi/10.3.1/thumb/v7e-m+dp/hard/crtend.o
LOAD /usr/lib/gcc/arm-none-eabi/10.3.1/thumb/v7e-m+dp/hard/crtn.o
                0x0000000020020000                _estack = 0x20020000
                0x0000000000000200                _Min_Heap_Size = 0x200
                0x0000000000000400                _Min_Stack_Size = 0x400

.isr_vector     0x00000000d0600000      0x298
                0x00000000d0600000                . = ALIGN (0x4)
 *(.isr_vector)
 .isr_vector    0x00000000d0600000      0x298 CMakeFiles/freertos_stm32h750.elf.dir/Projects/STM32H7_SOM/Applications/FreeRTOS/freertos_stm32h750/SW4STM32/startup_stm32h743xx.s.obj
                0x00000000d0600000                g_pfnVectors
                0x00000000d0600298                . = ALIGN (0x4)

.text           0x00000000d06002c0    0x1e8b8
                0x00000000d06002c0                . = ALIGN (0x4)
 *(.text)
 .text          0x00000000d06002c0       0x88 /usr/lib/gcc/arm-none-eabi/10.3.1/thumb/v7e-m+dp/hard/crtbegin.o
 .text          0x00000000d0600348       0x30 /usr/lib/gcc/arm-none-eabi/10.3.1/thumb/v7e-m+dp/hard/libgcc.a(_aeabi_uldivmod.o)
                0x00000000d0600348                __aeabi_uldivmod
 .text          0x00000000d0600378      0x2d0 /usr/lib/gcc/arm-none-eabi/10.3.1/thumb/v7e-m+dp/hard/libgcc.a(_udivmoddi4.o)
                0x00000000d0600378                __udivmoddi4
 .text          0x00000000d0600648        0x4 /usr/lib/gcc/arm-none-eabi/10.3.1/thumb/v7e-m+dp/hard/libgcc.a(_dvmd_tls.o)
                0x00000000d0600648                __aeabi_ldiv0
                0x00000000d0600648                __aeabi_idiv0
 .text          0x00000000d060064c       0x48 /usr/lib/gcc/arm-none-eabi/10.3.1/../../../arm-none-eabi/lib/thumb/v7e-m+dp/hard/libg_nano.a(lib_a-init.o)
                0x00000000d060064c                __libc_init_array
 .text          0x00000000d0600694       0x20 /usr/lib/gcc/arm-none-eabi/10.3.1/../../../arm-none-eabi/lib/thumb/v7e-m+dp/hard/libg_nano.a(lib_a-malloc.o)
                0x00000000d0600694                malloc
                0x00000000d06006a4                free
 .text          0x00000000d06006b4       0x64 /usr/lib/gcc/arm-none-eabi/10.3.1/../../../arm-none-eabi/lib/thumb/v7e-m+dp/hard/libg_nano.a(lib_a-memcmp.o)
                0x00000000d06006b4                memcmp
 .text          0x00000000d0600718      0x134 /usr/lib/gcc/arm-none-eabi/10.3.1/../../../arm-none-eabi/lib/thumb/v7e-m+dp/hard/libg_nano.a(lib_a-memcpy.o)
                0x00000000d0600718                memcpy
 .text          0x00000000d060084c       0xf8 /usr/lib/gcc/arm-none-eabi/10.3.1/../../../arm-none-eabi/lib/thumb/v7e-m+dp/hard/libg_nano.a(lib_a-memmove.o)
                0x00000000d060084c                memmove
 .text          0x00000000d0600944       0xa4 /usr/lib/gcc/arm-none-eabi/10.3.1/../../../arm-none-eabi/lib/thumb/v7e-m+dp/hard/libg_nano.a(lib_a-memset.o)
                0x00000000d0600944                memset
 .text          0x00000000d06009e8       0xc4 /usr/lib/gcc/arm-none-eabi/10.3.1/../../../arm-none-eabi/lib/thumb/v7e-m+dp/hard/libg_nano.a(lib_a-nano-freer.o)
                0x00000000d06009e8                _free_r
 .text          0x00000000d0600aac       0xb4 /usr/lib/gcc/arm-none-eabi/10.3.1/../../../arm-none-eabi/lib/thumb/v7e-m+dp/hard/libg_nano.a(lib_a-nano-mallocr.o)
                0x00000000d0600aac                _malloc_r
 .text          0x00000000d0600b60       0x60 /usr/lib/gcc/arm-none-eabi/10.3.1/../../../arm-none-eabi/lib/thumb/v7e-m+dp/hard/libg_nano.a(lib_a-printf.o)
                0x00000000d0600b60                _printf_r
                0x00000000d0600b60                _iprintf_r
                0x00000000d0600b8c                printf
                0x00000000d0600b8c                iprintf
 .text          0x00000000d0600bc0       0xec /usr/lib/gcc/arm-none-eabi/10.3.1/../../../arm-none-eabi/lib/thumb/v7e-m+dp/hard/libg_nano.a(lib_a-puts.o)
                0x00000000d0600bc0                _puts_r
                0x00000000d0600c9c                puts
 *fill*         0x00000000d0600cac        0x4 
 .text          0x00000000d0600cb0       0xfc /usr/lib/gcc/arm-none-eabi/10.3.1/../../../arm-none-eabi/lib/thumb/v7e-m+dp/hard/libg_nano.a(lib_a-rand.o)
                0x00000000d0600cb0                srand
                0x00000000d0600d14                rand
 .text          0x00000000d0600dac       0x24 /usr/lib/gcc/arm-none-eabi/10.3.1/../../../arm-none-eabi/lib/thumb/v7e-m+dp/hard/libg_nano.a(lib_a-sbrkr.o)
                0x00000000d0600dac                _sbrk_r
 .text          0x00000000d0600dd0       0x90 /usr/lib/gcc/arm-none-eabi/10.3.1/../../../arm-none-eabi/lib/thumb/v7e-m+dp/hard/libg_nano.a(lib_a-stdio.o)
                0x00000000d0600dd0                __sread
                0x00000000d0600df4                __seofread
                0x00000000d0600df8                __swrite
                0x00000000d0600e38                __sseek
                0x00000000d0600e58                __sclose
 .text          0x00000000d0600e60      0x2dc /usr/lib/gcc/arm-none-eabi/10.3.1/../../../arm-none-eabi/lib/thumb/v7e-m+dp/hard/libg_nano.a(lib_a-strcmp.o)
                0x00000000d0600e68                strcmp
 *fill*         0x00000000d060113c        0x4 
 .text          0x00000000d0601140       0xdc /usr/lib/gcc/arm-none-eabi/10.3.1/../../../arm-none-eabi/lib/thumb/v7e-m+dp/hard/libg_nano.a(lib_a-strlen.o)
                0x00000000d0601140                strlen
 .text          0x00000000d060121c       0xe0 /usr/lib/gcc/arm-none-eabi/10.3.1/../../../arm-none-eabi/lib/thumb/v7e-m+dp/hard/libg_nano.a(lib_a-vsnprintf.o)
                0x00000000d060121c                vsnprintf
                0x00000000d060121c                vsniprintf
                0x00000000d060128c                _vsnprintf_r
                0x00000000d060128c                _vsniprintf_r
 .text          0x00000000d06012fc       0xc8 /usr/lib/gcc/arm-none-eabi/10.3.1/../../../arm-none-eabi/lib/thumb/v7e-m+dp/hard/libg_nano.a(lib_a-wbuf.o)
                0x00000000d06012fc                __swbuf_r
                0x00000000d06013ac                __swbuf
 .text          0x00000000d06013c4       0x2c /usr/lib/gcc/arm-none-eabi/10.3.1/../../../arm-none-eabi/lib/thumb/v7e-m+dp/hard/libg_nano.a(lib_a-writer.o)
                0x00000000d06013c4                _write_r
 .text          0x00000000d06013f0      0x104 /usr/lib/gcc/arm-none-eabi/10.3.1/../../../arm-none-eabi/lib/thumb/v7e-m+dp/hard/libg_nano.a(lib_a-wsetup.o)
                0x00000000d06013f0                __swsetup_r
 .text          0x00000000d06014f4       0x4c /usr/lib/gcc/arm-none-eabi/10.3.1/../../../arm-none-eabi/lib/thumb/v7e-m+dp/hard/libg_nano.a(lib_a-assert.o)
                0x00000000d06014f4                __assert_func
                0x00000000d0601534                __assert
 .text          0x00000000d0601540       0x24 /usr/lib/gcc/arm-none-eabi/10.3.1/../../../arm-none-eabi/lib/thumb/v7e-m+dp/hard/libg_nano.a(lib_a-closer.o)
                0x00000000d0601540                _close_r
 .text          0x00000000d0601564      0x1e8 /usr/lib/gcc/arm-none-eabi/10.3.1/../../../arm-none-eabi/lib/thumb/v7e-m+dp/hard/libg_nano.a(lib_a-fflush.o)
                0x00000000d0601564                __sflush_r
                0x00000000d0601678                _fflush_r
                0x00000000d06016cc                fflush
 .text          0x00000000d060174c      0x238 /usr/lib/gcc/arm-none-eabi/10.3.1/../../../arm-none-eabi/lib/thumb/v7e-m+dp/hard/libg_nano.a(lib_a-findfp.o)
                0x00000000d0601750                _cleanup_r
                0x00000000d0601760                __sfmoreglue
                0x00000000d0601790                __sfp
                0x00000000d0601930                _cleanup
                0x00000000d0601944                __sinit
                0x00000000d060194c                __sfp_lock_acquire
                0x00000000d0601950                __sfp_lock_release
                0x00000000d0601954                __sinit_lock_acquire
                0x00000000d0601958                __sinit_lock_release
                0x00000000d060195c                __fp_lock_all
                0x00000000d0601970                __fp_unlock_all
 .text          0x00000000d0601984       0x44 /usr/lib/gcc/arm-none-eabi/10.3.1/../../../arm-none-eabi/lib/thumb/v7e-m+dp/hard/libg_nano.a(lib_a-fprintf.o)
                0x00000000d0601984                _fprintf_r
                0x00000000d0601984                _fiprintf_r
                0x00000000d06019a0                fprintf
                0x00000000d06019a0                fiprintf
 .text          0x00000000d06019c8       0x88 /usr/lib/gcc/arm-none-eabi/10.3.1/../../../arm-none-eabi/lib/thumb/v7e-m+dp/hard/libg_nano.a(lib_a-fwalk.o)
                0x00000000d06019c8                _fwalk
                0x00000000d0601a08                _fwalk_reent
 .text          0x00000000d0601a50       0x2c /usr/lib/gcc/arm-none-eabi/10.3.1/../../../arm-none-eabi/lib/thumb/v7e-m+dp/hard/libg_nano.a(lib_a-lseekr.o)
                0x00000000d0601a50                _lseek_r
 .text          0x00000000d0601a7c      0x11c /usr/lib/gcc/arm-none-eabi/10.3.1/../../../arm-none-eabi/lib/thumb/v7e-m+dp/hard/libg_nano.a(lib_a-makebuf.o)
                0x00000000d0601a7c                __smakebuf_r
                0x00000000d0601b3c                __swhatbuf_r
 .text          0x00000000d0601b98        0x8 /usr/lib/gcc/arm-none-eabi/10.3.1/../../../arm-none-eabi/lib/thumb/v7e-m+dp/hard/libg_nano.a(lib_a-mlock.o)
                0x00000000d0601b98                __malloc_lock
                0x00000000d0601b9c                __malloc_unlock
 .text          0x00000000d0601ba0      0x3f0 /usr/lib/gcc/arm-none-eabi/10.3.1/../../../arm-none-eabi/lib/thumb/v7e-m+dp/hard/libg_nano.a(lib_a-nano-svfprintf.o)
                0x00000000d0601ba0                __ssputs_r
                0x00000000d0601c64                __ssprint_r
                0x00000000d0601d5c                _svfprintf_r
                0x00000000d0601d5c                _svfiprintf_r
 .text          0x00000000d0601f90      0x328 /usr/lib/gcc/arm-none-eabi/10.3.1/../../../arm-none-eabi/lib/thumb/v7e-m+dp/hard/libg_nano.a(lib_a-nano-vfprintf.o)
                0x00000000d0601fcc                __sfputs_r
                0x00000000d0601ffc                __sprint_r
                0x00000000d0602018                _vfiprintf_r
                0x00000000d0602018                _vfprintf_r
                0x00000000d060229c                vfiprintf
                0x00000000d060229c                vfprintf
 .text          0x00000000d06022b8      0x3dc /usr/lib/gcc/arm-none-eabi/10.3.1/../../../arm-none-eabi/lib/thumb/v7e-m+dp/hard/libg_nano.a(lib_a-nano-vfprintf_i.o)
                0x00000000d06022b8                _printf_common
                0x00000000d06023e4                _printf_i
 .text          0x00000000d0602694       0x2c /usr/lib/gcc/arm-none-eabi/10.3.1/../../../arm-none-eabi/lib/thumb/v7e-m+dp/hard/libg_nano.a(lib_a-readr.o)
                0x00000000d0602694                _read_r
 .text          0x00000000d06026c0       0x10 /usr/lib/gcc/arm-none-eabi/10.3.1/../../../arm-none-eabi/lib/thumb/v7e-m+dp/hard/libg_nano.a(lib_a-abort.o)
                0x00000000d06026c0                abort
 .text          0x00000000d06026d0       0x2c /usr/lib/gcc/arm-none-eabi/10.3.1/../../../arm-none-eabi/lib/thumb/v7e-m+dp/hard/libg_nano.a(lib_a-fstatr.o)
                0x00000000d06026d0                _fstat_r
 .text          0x00000000d06026fc      0x2f0 /usr/lib/gcc/arm-none-eabi/10.3.1/../../../arm-none-eabi/lib/thumb/v7e-m+dp/hard/libg_nano.a(lib_a-fvwrite.o)
                0x00000000d06026fc                __sfvwrite_r
 .text          0x00000000d06029ec       0x24 /usr/lib/gcc/arm-none-eabi/10.3.1/../../../arm-none-eabi/lib/thumb/v7e-m+dp/hard/libg_nano.a(lib_a-isattyr.o)
                0x00000000d06029ec                _isatty_r
 .text          0x00000000d0602a10       0xa0 /usr/lib/gcc/arm-none-eabi/10.3.1/../../../arm-none-eabi/lib/thumb/v7e-m+dp/hard/libg_nano.a(lib_a-memchr.o)
                0x00000000d0602a10                memchr
 .text          0x00000000d0602ab0       0x50 /usr/lib/gcc/arm-none-eabi/10.3.1/../../../arm-none-eabi/lib/thumb/v7e-m+dp/hard/libg_nano.a(lib_a-nano-reallocr.o)
                0x00000000d0602ab0                _realloc_r
 .text          0x00000000d0602b00      0x268 /usr/lib/gcc/arm-none-eabi/10.3.1/../../../arm-none-eabi/lib/thumb/v7e-m+dp/hard/libg_nano.a(lib_a-signal.o)
                0x00000000d0602b00                _init_signal_r
                0x00000000d0602b2c                _signal_r
                0x00000000d0602b74                _raise_r
                0x00000000d0602bc8                __sigtramp_r
                0x00000000d0602c28                raise
                0x00000000d0602c80                signal
                0x00000000d0602cd0                _init_signal
                0x00000000d0602d04                __sigtramp
 .text          0x00000000d0602d68       0x30 /usr/lib/gcc/arm-none-eabi/10.3.1/../../../arm-none-eabi/lib/thumb/v7e-m+dp/hard/libg_nano.a(lib_a-signalr.o)
                0x00000000d0602d68                _kill_r
                0x00000000d0602d94                _getpid_r
 .text          0x00000000d0602d98       0x14 /usr/lib/gcc/arm-none-eabi/10.3.1/../../../arm-none-eabi/lib/thumb/v7e-m+dp/hard/libg_nano.a(lib_a-nano-msizer.o)
                0x00000000d0602d98                _malloc_usable_size_r
 .text          0x00000000d0602dac       0x10 /usr/lib/gcc/arm-none-eabi/10.3.1/../../../arm-none-eabi/lib/thumb/v7e-m+dp/hard/libnosys.a(close.o)
                0x00000000d0602dac                _close
 .text          0x00000000d0602dbc       0x10 /usr/lib/gcc/arm-none-eabi/10.3.1/../../../arm-none-eabi/lib/thumb/v7e-m+dp/hard/libnosys.a(fstat.o)
                0x00000000d0602dbc                _fstat
 .text          0x00000000d0602dcc       0x10 /usr/lib/gcc/arm-none-eabi/10.3.1/../../../arm-none-eabi/lib/thumb/v7e-m+dp/hard/libnosys.a(getpid.o)
                0x00000000d0602dcc                _getpid
 .text          0x00000000d0602ddc       0x10 /usr/lib/gcc/arm-none-eabi/10.3.1/../../../arm-none-eabi/lib/thumb/v7e-m+dp/hard/libnosys.a(isatty.o)
                0x00000000d0602ddc                _isatty
 .text          0x00000000d0602dec       0x10 /usr/lib/gcc/arm-none-eabi/10.3.1/../../../arm-none-eabi/lib/thumb/v7e-m+dp/hard/libnosys.a(kill.o)
                0x00000000d0602dec                _kill
 .text          0x00000000d0602dfc       0x10 /usr/lib/gcc/arm-none-eabi/10.3.1/../../../arm-none-eabi/lib/thumb/v7e-m+dp/hard/libnosys.a(lseek.o)
                0x00000000d0602dfc                _lseek
 .text          0x00000000d0602e0c       0x10 /usr/lib/gcc/arm-none-eabi/10.3.1/../../../arm-none-eabi/lib/thumb/v7e-m+dp/hard/libnosys.a(read.o)
                0x00000000d0602e0c                _read
 .text          0x00000000d0602e1c       0x1c /usr/lib/gcc/arm-none-eabi/10.3.1/../../../arm-none-eabi/lib/thumb/v7e-m+dp/hard/libnosys.a(sbrk.o)
                0x00000000d0602e1c                _sbrk
 .text          0x00000000d0602e38       0x10 /usr/lib/gcc/arm-none-eabi/10.3.1/../../../arm-none-eabi/lib/thumb/v7e-m+dp/hard/libnosys.a(write.o)
                0x00000000d0602e38                _write
 .text          0x00000000d0602e48        0x4 /usr/lib/gcc/arm-none-eabi/10.3.1/../../../arm-none-eabi/lib/thumb/v7e-m+dp/hard/libnosys.a(_exit.o)
                0x00000000d0602e48                _exit
 *(.text*)
 .text.USBH_LL_IncTimer
                0x00000000d0602e4c       0x24 CMakeFiles/freertos_stm32h750.elf.dir/Middlewares/ST/STM32_USB_Host_Library/Core/Src/usbh_core.c.obj
                0x00000000d0602e4c                USBH_LL_IncTimer
 .text.USBH_HandleSof
                0x00000000d0602e70       0x30 CMakeFiles/freertos_stm32h750.elf.dir/Middlewares/ST/STM32_USB_Host_Library/Core/Src/usbh_core.c.obj
 .text.USBH_LL_PortEnabled
                0x00000000d0602ea0       0x1c CMakeFiles/freertos_stm32h750.elf.dir/Middlewares/ST/STM32_USB_Host_Library/Core/Src/usbh_core.c.obj
                0x00000000d0602ea0                USBH_LL_PortEnabled
 .text.USBH_LL_PortDisabled
                0x00000000d0602ebc       0x1c CMakeFiles/freertos_stm32h750.elf.dir/Middlewares/ST/STM32_USB_Host_Library/Core/Src/usbh_core.c.obj
                0x00000000d0602ebc                USBH_LL_PortDisabled
 .text.USBH_LL_Connect
                0x00000000d0602ed8       0x2e CMakeFiles/freertos_stm32h750.elf.dir/Middlewares/ST/STM32_USB_Host_Library/Core/Src/usbh_core.c.obj
                0x00000000d0602ed8                USBH_LL_Connect
 .text.USBH_LL_Disconnect
                0x00000000d0602f06       0x48 CMakeFiles/freertos_stm32h750.elf.dir/Middlewares/ST/STM32_USB_Host_Library/Core/Src/usbh_core.c.obj
                0x00000000d0602f06                USBH_LL_Disconnect
 .text.USBH_FreePipe
                0x00000000d0602f4e       0x3c CMakeFiles/freertos_stm32h750.elf.dir/Middlewares/ST/STM32_USB_Host_Library/Core/Src/usbh_pipes.c.obj
                0x00000000d0602f4e                USBH_FreePipe
 *fill*         0x00000000d0602f8a        0x2 
 .text.pvPortMalloc
                0x00000000d0602f8c      0x198 CMakeFiles/freertos_stm32h750.elf.dir/Middlewares/Third_Party/FreeRTOS/Source/portable/MemMang/heap_4.c.obj
                0x00000000d0602f8c                pvPortMalloc
 .text.vPortFree
                0x00000000d0603124       0xc4 CMakeFiles/freertos_stm32h750.elf.dir/Middlewares/Third_Party/FreeRTOS/Source/portable/MemMang/heap_4.c.obj
                0x00000000d0603124                vPortFree
 .text.prvHeapInit
                0x00000000d06031e8       0xc4 CMakeFiles/freertos_stm32h750.elf.dir/Middlewares/Third_Party/FreeRTOS/Source/portable/MemMang/heap_4.c.obj
 .text.prvInsertBlockIntoFreeList
                0x00000000d06032ac       0xb4 CMakeFiles/freertos_stm32h750.elf.dir/Middlewares/Third_Party/FreeRTOS/Source/portable/MemMang/heap_4.c.obj
 .text.pxPortInitialiseStack
                0x00000000d0603360       0x68 CMakeFiles/freertos_stm32h750.elf.dir/Middlewares/Third_Party/FreeRTOS/Source/portable/GCC/ARM_CM4F/port.c.obj
                0x00000000d0603360                pxPortInitialiseStack
 .text.prvTaskExitError
                0x00000000d06033c8       0x58 CMakeFiles/freertos_stm32h750.elf.dir/Middlewares/Third_Party/FreeRTOS/Source/portable/GCC/ARM_CM4F/port.c.obj
 .text.SVC_Handler
                0x00000000d0603420       0x28 CMakeFiles/freertos_stm32h750.elf.dir/Middlewares/Third_Party/FreeRTOS/Source/portable/GCC/ARM_CM4F/port.c.obj
                0x00000000d0603420                SVC_Handler
 .text.prvPortStartFirstTask
                0x00000000d0603448       0x28 CMakeFiles/freertos_stm32h750.elf.dir/Middlewares/Third_Party/FreeRTOS/Source/portable/GCC/ARM_CM4F/port.c.obj
 .text.xPortStartScheduler
                0x00000000d0603470      0x144 CMakeFiles/freertos_stm32h750.elf.dir/Middlewares/Third_Party/FreeRTOS/Source/portable/GCC/ARM_CM4F/port.c.obj
                0x00000000d0603470                xPortStartScheduler
 .text.vPortEnterCritical
                0x00000000d06035b4       0x60 CMakeFiles/freertos_stm32h750.elf.dir/Middlewares/Third_Party/FreeRTOS/Source/portable/GCC/ARM_CM4F/port.c.obj
                0x00000000d06035b4                vPortEnterCritical
 .text.vPortExitCritical
                0x00000000d0603614       0x54 CMakeFiles/freertos_stm32h750.elf.dir/Middlewares/Third_Party/FreeRTOS/Source/portable/GCC/ARM_CM4F/port.c.obj
                0x00000000d0603614                vPortExitCritical
 *fill*         0x00000000d0603668        0x8 
 .text.PendSV_Handler
                0x00000000d0603670       0x68 CMakeFiles/freertos_stm32h750.elf.dir/Middlewares/Third_Party/FreeRTOS/Source/portable/GCC/ARM_CM4F/port.c.obj
                0x00000000d0603670                PendSV_Handler
 .text.SysTick_Handler
                0x00000000d06036d8       0x44 CMakeFiles/freertos_stm32h750.elf.dir/Middlewares/Third_Party/FreeRTOS/Source/portable/GCC/ARM_CM4F/port.c.obj
                0x00000000d06036d8                SysTick_Handler
 .text.vPortSetupTimerInterrupt
                0x00000000d060371c       0x48 CMakeFiles/freertos_stm32h750.elf.dir/Middlewares/Third_Party/FreeRTOS/Source/portable/GCC/ARM_CM4F/port.c.obj
                0x00000000d060371c                vPortSetupTimerInterrupt
 .text.vPortEnableVFP
                0x00000000d0603764       0x14 CMakeFiles/freertos_stm32h750.elf.dir/Middlewares/Third_Party/FreeRTOS/Source/portable/GCC/ARM_CM4F/port.c.obj
 .text.vPortValidateInterruptPriority
                0x00000000d0603778       0x80 CMakeFiles/freertos_stm32h750.elf.dir/Middlewares/Third_Party/FreeRTOS/Source/portable/GCC/ARM_CM4F/port.c.obj
                0x00000000d0603778                vPortValidateInterruptPriority
 .text.makeFreeRtosPriority
                0x00000000d06037f8       0x30 CMakeFiles/freertos_stm32h750.elf.dir/Middlewares/Third_Party/FreeRTOS/Source/CMSIS_RTOS/cmsis_os.c.obj
 .text.inHandlerMode
                0x00000000d0603828       0x24 CMakeFiles/freertos_stm32h750.elf.dir/Middlewares/Third_Party/FreeRTOS/Source/CMSIS_RTOS/cmsis_os.c.obj
 .text.osKernelSysTick
                0x00000000d060384c       0x20 CMakeFiles/freertos_stm32h750.elf.dir/Middlewares/Third_Party/FreeRTOS/Source/CMSIS_RTOS/cmsis_os.c.obj
                0x00000000d060384c                osKernelSysTick
 .text.osThreadCreate
                0x00000000d060386c       0x4e CMakeFiles/freertos_stm32h750.elf.dir/Middlewares/Third_Party/FreeRTOS/Source/CMSIS_RTOS/cmsis_os.c.obj
                0x00000000d060386c                osThreadCreate
 .text.osThreadTerminate
                0x00000000d06038ba       0x18 CMakeFiles/freertos_stm32h750.elf.dir/Middlewares/Third_Party/FreeRTOS/Source/CMSIS_RTOS/cmsis_os.c.obj
                0x00000000d06038ba                osThreadTerminate
 .text.osDelay  0x00000000d06038d2       0x28 CMakeFiles/freertos_stm32h750.elf.dir/Middlewares/Third_Party/FreeRTOS/Source/CMSIS_RTOS/cmsis_os.c.obj
                0x00000000d06038d2                osDelay
 .text.osMutexCreate
                0x00000000d06038fa       0x18 CMakeFiles/freertos_stm32h750.elf.dir/Middlewares/Third_Party/FreeRTOS/Source/CMSIS_RTOS/cmsis_os.c.obj
                0x00000000d06038fa                osMutexCreate
 *fill*         0x00000000d0603912        0x2 
 .text.osMutexWait
                0x00000000d0603914       0x9c CMakeFiles/freertos_stm32h750.elf.dir/Middlewares/Third_Party/FreeRTOS/Source/CMSIS_RTOS/cmsis_os.c.obj
                0x00000000d0603914                osMutexWait
 .text.osMutexRelease
                0x00000000d06039b0       0x6c CMakeFiles/freertos_stm32h750.elf.dir/Middlewares/Third_Party/FreeRTOS/Source/CMSIS_RTOS/cmsis_os.c.obj
                0x00000000d06039b0                osMutexRelease
 .text.osSemaphoreWait
                0x00000000d0603a1c       0x9c CMakeFiles/freertos_stm32h750.elf.dir/Middlewares/Third_Party/FreeRTOS/Source/CMSIS_RTOS/cmsis_os.c.obj
                0x00000000d0603a1c                osSemaphoreWait
 .text.osSemaphoreRelease
                0x00000000d0603ab8       0x6c CMakeFiles/freertos_stm32h750.elf.dir/Middlewares/Third_Party/FreeRTOS/Source/CMSIS_RTOS/cmsis_os.c.obj
                0x00000000d0603ab8                osSemaphoreRelease
 .text.osMessageCreate
                0x00000000d0603b24       0x24 CMakeFiles/freertos_stm32h750.elf.dir/Middlewares/Third_Party/FreeRTOS/Source/CMSIS_RTOS/cmsis_os.c.obj
                0x00000000d0603b24                osMessageCreate
 .text.osMessagePut
                0x00000000d0603b48       0x80 CMakeFiles/freertos_stm32h750.elf.dir/Middlewares/Third_Party/FreeRTOS/Source/CMSIS_RTOS/cmsis_os.c.obj
                0x00000000d0603b48                osMessagePut
 .text.osMessageGet
                0x00000000d0603bc8       0xe8 CMakeFiles/freertos_stm32h750.elf.dir/Middlewares/Third_Party/FreeRTOS/Source/CMSIS_RTOS/cmsis_os.c.obj
                0x00000000d0603bc8                osMessageGet
 .text.vListInitialise
                0x00000000d0603cb0       0x40 CMakeFiles/freertos_stm32h750.elf.dir/Middlewares/Third_Party/FreeRTOS/Source/list.c.obj
                0x00000000d0603cb0                vListInitialise
 .text.vListInitialiseItem
                0x00000000d0603cf0       0x1a CMakeFiles/freertos_stm32h750.elf.dir/Middlewares/Third_Party/FreeRTOS/Source/list.c.obj
                0x00000000d0603cf0                vListInitialiseItem
 .text.vListInsertEnd
                0x00000000d0603d0a       0x48 CMakeFiles/freertos_stm32h750.elf.dir/Middlewares/Third_Party/FreeRTOS/Source/list.c.obj
                0x00000000d0603d0a                vListInsertEnd
 .text.vListInsert
                0x00000000d0603d52       0x72 CMakeFiles/freertos_stm32h750.elf.dir/Middlewares/Third_Party/FreeRTOS/Source/list.c.obj
                0x00000000d0603d52                vListInsert
 .text.uxListRemove
                0x00000000d0603dc4       0x54 CMakeFiles/freertos_stm32h750.elf.dir/Middlewares/Third_Party/FreeRTOS/Source/list.c.obj
                0x00000000d0603dc4                uxListRemove
 .text.xQueueGenericReset
                0x00000000d0603e18       0xd0 CMakeFiles/freertos_stm32h750.elf.dir/Middlewares/Third_Party/FreeRTOS/Source/queue.c.obj
                0x00000000d0603e18                xQueueGenericReset
 .text.xQueueGenericCreate
                0x00000000d0603ee8       0x6c CMakeFiles/freertos_stm32h750.elf.dir/Middlewares/Third_Party/FreeRTOS/Source/queue.c.obj
                0x00000000d0603ee8                xQueueGenericCreate
 .text.prvInitialiseNewQueue
                0x00000000d0603f54       0x46 CMakeFiles/freertos_stm32h750.elf.dir/Middlewares/Third_Party/FreeRTOS/Source/queue.c.obj
 .text.prvInitialiseMutex
                0x00000000d0603f9a       0x34 CMakeFiles/freertos_stm32h750.elf.dir/Middlewares/Third_Party/FreeRTOS/Source/queue.c.obj
 .text.xQueueCreateMutex
                0x00000000d0603fce       0x30 CMakeFiles/freertos_stm32h750.elf.dir/Middlewares/Third_Party/FreeRTOS/Source/queue.c.obj
                0x00000000d0603fce                xQueueCreateMutex
 *fill*         0x00000000d0603ffe        0x2 
 .text.xQueueGenericSend
                0x00000000d0604000      0x1fc CMakeFiles/freertos_stm32h750.elf.dir/Middlewares/Third_Party/FreeRTOS/Source/queue.c.obj
                0x00000000d0604000                xQueueGenericSend
 .text.xQueueGenericSendFromISR
                0x00000000d06041fc      0x136 CMakeFiles/freertos_stm32h750.elf.dir/Middlewares/Third_Party/FreeRTOS/Source/queue.c.obj
                0x00000000d06041fc                xQueueGenericSendFromISR
 .text.xQueueGiveFromISR
                0x00000000d0604332      0x11a CMakeFiles/freertos_stm32h750.elf.dir/Middlewares/Third_Party/FreeRTOS/Source/queue.c.obj
                0x00000000d0604332                xQueueGiveFromISR
 .text.xQueueReceive
                0x00000000d060444c      0x1c0 CMakeFiles/freertos_stm32h750.elf.dir/Middlewares/Third_Party/FreeRTOS/Source/queue.c.obj
                0x00000000d060444c                xQueueReceive
 .text.xQueueSemaphoreTake
                0x00000000d060460c      0x218 CMakeFiles/freertos_stm32h750.elf.dir/Middlewares/Third_Party/FreeRTOS/Source/queue.c.obj
                0x00000000d060460c                xQueueSemaphoreTake
 .text.xQueueReceiveFromISR
                0x00000000d0604824      0x100 CMakeFiles/freertos_stm32h750.elf.dir/Middlewares/Third_Party/FreeRTOS/Source/queue.c.obj
                0x00000000d0604824                xQueueReceiveFromISR
 .text.prvGetDisinheritPriorityAfterTimeout
                0x00000000d0604924       0x30 CMakeFiles/freertos_stm32h750.elf.dir/Middlewares/Third_Party/FreeRTOS/Source/queue.c.obj
 .text.prvCopyDataToQueue
                0x00000000d0604954       0xd4 CMakeFiles/freertos_stm32h750.elf.dir/Middlewares/Third_Party/FreeRTOS/Source/queue.c.obj
 .text.prvCopyDataFromQueue
                0x00000000d0604a28       0x4c CMakeFiles/freertos_stm32h750.elf.dir/Middlewares/Third_Party/FreeRTOS/Source/queue.c.obj
 .text.prvUnlockQueue
                0x00000000d0604a74       0xa4 CMakeFiles/freertos_stm32h750.elf.dir/Middlewares/Third_Party/FreeRTOS/Source/queue.c.obj
 .text.prvIsQueueEmpty
                0x00000000d0604b18       0x2c CMakeFiles/freertos_stm32h750.elf.dir/Middlewares/Third_Party/FreeRTOS/Source/queue.c.obj
 .text.prvIsQueueFull
                0x00000000d0604b44       0x30 CMakeFiles/freertos_stm32h750.elf.dir/Middlewares/Third_Party/FreeRTOS/Source/queue.c.obj
 .text.xTaskCreate
                0x00000000d0604b74       0x82 CMakeFiles/freertos_stm32h750.elf.dir/Middlewares/Third_Party/FreeRTOS/Source/tasks.c.obj
                0x00000000d0604b74                xTaskCreate
 .text.prvInitialiseNewTask
                0x00000000d0604bf6      0x11e CMakeFiles/freertos_stm32h750.elf.dir/Middlewares/Third_Party/FreeRTOS/Source/tasks.c.obj
 .text.prvAddNewTaskToReadyList
                0x00000000d0604d14       0xdc CMakeFiles/freertos_stm32h750.elf.dir/Middlewares/Third_Party/FreeRTOS/Source/tasks.c.obj
 .text.vTaskDelete
                0x00000000d0604df0      0x120 CMakeFiles/freertos_stm32h750.elf.dir/Middlewares/Third_Party/FreeRTOS/Source/tasks.c.obj
                0x00000000d0604df0                vTaskDelete
 .text.vTaskDelay
                0x00000000d0604f10       0x68 CMakeFiles/freertos_stm32h750.elf.dir/Middlewares/Third_Party/FreeRTOS/Source/tasks.c.obj
                0x00000000d0604f10                vTaskDelay
 .text.vTaskStartScheduler
                0x00000000d0604f78       0x90 CMakeFiles/freertos_stm32h750.elf.dir/Middlewares/Third_Party/FreeRTOS/Source/tasks.c.obj
                0x00000000d0604f78                vTaskStartScheduler
 .text.vTaskSuspendAll
                0x00000000d0605008       0x1c CMakeFiles/freertos_stm32h750.elf.dir/Middlewares/Third_Party/FreeRTOS/Source/tasks.c.obj
                0x00000000d0605008                vTaskSuspendAll
 .text.xTaskResumeAll
                0x00000000d0605024      0x138 CMakeFiles/freertos_stm32h750.elf.dir/Middlewares/Third_Party/FreeRTOS/Source/tasks.c.obj
                0x00000000d0605024                xTaskResumeAll
 .text.xTaskGetTickCount
                0x00000000d060515c       0x20 CMakeFiles/freertos_stm32h750.elf.dir/Middlewares/Third_Party/FreeRTOS/Source/tasks.c.obj
                0x00000000d060515c                xTaskGetTickCount
 .text.xTaskGetTickCountFromISR
                0x00000000d060517c       0x24 CMakeFiles/freertos_stm32h750.elf.dir/Middlewares/Third_Party/FreeRTOS/Source/tasks.c.obj
                0x00000000d060517c                xTaskGetTickCountFromISR
 .text.xTaskIncrementTick
                0x00000000d06051a0      0x170 CMakeFiles/freertos_stm32h750.elf.dir/Middlewares/Third_Party/FreeRTOS/Source/tasks.c.obj
                0x00000000d06051a0                xTaskIncrementTick
 .text.vTaskSwitchContext
                0x00000000d0605310       0xb8 CMakeFiles/freertos_stm32h750.elf.dir/Middlewares/Third_Party/FreeRTOS/Source/tasks.c.obj
                0x00000000d0605310                vTaskSwitchContext
 .text.vTaskPlaceOnEventList
                0x00000000d06053c8       0x48 CMakeFiles/freertos_stm32h750.elf.dir/Middlewares/Third_Party/FreeRTOS/Source/tasks.c.obj
                0x00000000d06053c8                vTaskPlaceOnEventList
 .text.xTaskRemoveFromEventList
                0x00000000d0605410       0xc4 CMakeFiles/freertos_stm32h750.elf.dir/Middlewares/Third_Party/FreeRTOS/Source/tasks.c.obj
                0x00000000d0605410                xTaskRemoveFromEventList
 .text.vTaskInternalSetTimeOutState
                0x00000000d06054d4       0x2c CMakeFiles/freertos_stm32h750.elf.dir/Middlewares/Third_Party/FreeRTOS/Source/tasks.c.obj
                0x00000000d06054d4                vTaskInternalSetTimeOutState
 .text.xTaskCheckForTimeOut
                0x00000000d0605500       0xc4 CMakeFiles/freertos_stm32h750.elf.dir/Middlewares/Third_Party/FreeRTOS/Source/tasks.c.obj
                0x00000000d0605500                xTaskCheckForTimeOut
 .text.vTaskMissedYield
                0x00000000d06055c4       0x18 CMakeFiles/freertos_stm32h750.elf.dir/Middlewares/Third_Party/FreeRTOS/Source/tasks.c.obj
                0x00000000d06055c4                vTaskMissedYield
 .text.prvIdleTask
                0x00000000d06055dc       0x30 CMakeFiles/freertos_stm32h750.elf.dir/Middlewares/Third_Party/FreeRTOS/Source/tasks.c.obj
 .text.prvInitialiseTaskLists
                0x00000000d060560c       0x80 CMakeFiles/freertos_stm32h750.elf.dir/Middlewares/Third_Party/FreeRTOS/Source/tasks.c.obj
 .text.prvCheckTasksWaitingTermination
                0x00000000d060568c       0x5c CMakeFiles/freertos_stm32h750.elf.dir/Middlewares/Third_Party/FreeRTOS/Source/tasks.c.obj
 .text.prvDeleteTCB
                0x00000000d06056e8       0x20 CMakeFiles/freertos_stm32h750.elf.dir/Middlewares/Third_Party/FreeRTOS/Source/tasks.c.obj
 .text.prvResetNextTaskUnblockTime
                0x00000000d0605708       0x40 CMakeFiles/freertos_stm32h750.elf.dir/Middlewares/Third_Party/FreeRTOS/Source/tasks.c.obj
 .text.xTaskGetSchedulerState
                0x00000000d0605748       0x3c CMakeFiles/freertos_stm32h750.elf.dir/Middlewares/Third_Party/FreeRTOS/Source/tasks.c.obj
                0x00000000d0605748                xTaskGetSchedulerState
 .text.xTaskPriorityInherit
                0x00000000d0605784       0xec CMakeFiles/freertos_stm32h750.elf.dir/Middlewares/Third_Party/FreeRTOS/Source/tasks.c.obj
                0x00000000d0605784                xTaskPriorityInherit
 .text.xTaskPriorityDisinherit
                0x00000000d0605870      0x10c CMakeFiles/freertos_stm32h750.elf.dir/Middlewares/Third_Party/FreeRTOS/Source/tasks.c.obj
                0x00000000d0605870                xTaskPriorityDisinherit
 .text.vTaskPriorityDisinheritAfterTimeout
                0x00000000d060597c      0x11c CMakeFiles/freertos_stm32h750.elf.dir/Middlewares/Third_Party/FreeRTOS/Source/tasks.c.obj
                0x00000000d060597c                vTaskPriorityDisinheritAfterTimeout
 .text.pvTaskIncrementMutexHeldCount
                0x00000000d0605a98       0x28 CMakeFiles/freertos_stm32h750.elf.dir/Middlewares/Third_Party/FreeRTOS/Source/tasks.c.obj
                0x00000000d0605a98                pvTaskIncrementMutexHeldCount
 .text.prvAddCurrentTaskToDelayedList
                0x00000000d0605ac0       0xcc CMakeFiles/freertos_stm32h750.elf.dir/Middlewares/Third_Party/FreeRTOS/Source/tasks.c.obj
 .text.HAL_Init
                0x00000000d0605b8c       0x78 CMakeFiles/freertos_stm32h750.elf.dir/Drivers/STM32H7xx_HAL_Driver/Src/stm32h7xx_hal.c.obj
                0x00000000d0605b8c                HAL_Init
 .text.HAL_IncTick
                0x00000000d0605c04       0x28 CMakeFiles/freertos_stm32h750.elf.dir/Drivers/STM32H7xx_HAL_Driver/Src/stm32h7xx_hal.c.obj
                0x00000000d0605c04                HAL_IncTick
 .text.HAL_GetTick
                0x00000000d0605c2c       0x18 CMakeFiles/freertos_stm32h750.elf.dir/Drivers/STM32H7xx_HAL_Driver/Src/stm32h7xx_hal.c.obj
                0x00000000d0605c2c                HAL_GetTick
 .text.HAL_SYSCFG_VREFBUF_HighImpedanceConfig
                0x00000000d0605c44       0x28 CMakeFiles/freertos_stm32h750.elf.dir/Drivers/STM32H7xx_HAL_Driver/Src/stm32h7xx_hal.c.obj
                0x00000000d0605c44                HAL_SYSCFG_VREFBUF_HighImpedanceConfig
 .text.HAL_SYSCFG_DisableVREFBUF
                0x00000000d0605c6c       0x20 CMakeFiles/freertos_stm32h750.elf.dir/Drivers/STM32H7xx_HAL_Driver/Src/stm32h7xx_hal.c.obj
                0x00000000d0605c6c                HAL_SYSCFG_DisableVREFBUF
 .text.HAL_SYSCFG_ETHInterfaceSelect
                0x00000000d0605c8c       0x28 CMakeFiles/freertos_stm32h750.elf.dir/Drivers/STM32H7xx_HAL_Driver/Src/stm32h7xx_hal.c.obj
                0x00000000d0605c8c                HAL_SYSCFG_ETHInterfaceSelect
 .text.__NVIC_SetPriorityGrouping
                0x00000000d0605cb4       0x48 CMakeFiles/freertos_stm32h750.elf.dir/Drivers/STM32H7xx_HAL_Driver/Src/stm32h7xx_hal_cortex.c.obj
 .text.__NVIC_GetPriorityGrouping
                0x00000000d0605cfc       0x1c CMakeFiles/freertos_stm32h750.elf.dir/Drivers/STM32H7xx_HAL_Driver/Src/stm32h7xx_hal_cortex.c.obj
 .text.__NVIC_EnableIRQ
                0x00000000d0605d18       0x3c CMakeFiles/freertos_stm32h750.elf.dir/Drivers/STM32H7xx_HAL_Driver/Src/stm32h7xx_hal_cortex.c.obj
 .text.__NVIC_SetPriority
                0x00000000d0605d54       0x54 CMakeFiles/freertos_stm32h750.elf.dir/Drivers/STM32H7xx_HAL_Driver/Src/stm32h7xx_hal_cortex.c.obj
 .text.NVIC_EncodePriority
                0x00000000d0605da8       0x66 CMakeFiles/freertos_stm32h750.elf.dir/Drivers/STM32H7xx_HAL_Driver/Src/stm32h7xx_hal_cortex.c.obj
 *fill*         0x00000000d0605e0e        0x2 
 .text.__NVIC_SystemReset
                0x00000000d0605e10       0x2c CMakeFiles/freertos_stm32h750.elf.dir/Drivers/STM32H7xx_HAL_Driver/Src/stm32h7xx_hal_cortex.c.obj
 .text.HAL_NVIC_SetPriorityGrouping
                0x00000000d0605e3c       0x16 CMakeFiles/freertos_stm32h750.elf.dir/Drivers/STM32H7xx_HAL_Driver/Src/stm32h7xx_hal_cortex.c.obj
                0x00000000d0605e3c                HAL_NVIC_SetPriorityGrouping
 .text.HAL_NVIC_SetPriority
                0x00000000d0605e52       0x34 CMakeFiles/freertos_stm32h750.elf.dir/Drivers/STM32H7xx_HAL_Driver/Src/stm32h7xx_hal_cortex.c.obj
                0x00000000d0605e52                HAL_NVIC_SetPriority
 .text.HAL_NVIC_EnableIRQ
                0x00000000d0605e86       0x1c CMakeFiles/freertos_stm32h750.elf.dir/Drivers/STM32H7xx_HAL_Driver/Src/stm32h7xx_hal_cortex.c.obj
                0x00000000d0605e86                HAL_NVIC_EnableIRQ
 .text.HAL_NVIC_SystemReset
                0x00000000d0605ea2        0x8 CMakeFiles/freertos_stm32h750.elf.dir/Drivers/STM32H7xx_HAL_Driver/Src/stm32h7xx_hal_cortex.c.obj
                0x00000000d0605ea2                HAL_NVIC_SystemReset
 *fill*         0x00000000d0605eaa        0x2 
 .text.HAL_DMA_Init
                0x00000000d0605eac      0x6b8 CMakeFiles/freertos_stm32h750.elf.dir/Drivers/STM32H7xx_HAL_Driver/Src/stm32h7xx_hal_dma.c.obj
                0x00000000d0605eac                HAL_DMA_Init
 .text.HAL_DMA_Start_IT
                0x00000000d0606564      0x4d4 CMakeFiles/freertos_stm32h750.elf.dir/Drivers/STM32H7xx_HAL_Driver/Src/stm32h7xx_hal_dma.c.obj
                0x00000000d0606564                HAL_DMA_Start_IT
 .text.HAL_DMA_Abort
                0x00000000d0606a38      0x63c CMakeFiles/freertos_stm32h750.elf.dir/Drivers/STM32H7xx_HAL_Driver/Src/stm32h7xx_hal_dma.c.obj
                0x00000000d0606a38                HAL_DMA_Abort
 .text.HAL_DMA_Abort_IT
                0x00000000d0607074      0x48c CMakeFiles/freertos_stm32h750.elf.dir/Drivers/STM32H7xx_HAL_Driver/Src/stm32h7xx_hal_dma.c.obj
                0x00000000d0607074                HAL_DMA_Abort_IT
 .text.HAL_DMA_IRQHandler
                0x00000000d0607500      0xe54 CMakeFiles/freertos_stm32h750.elf.dir/Drivers/STM32H7xx_HAL_Driver/Src/stm32h7xx_hal_dma.c.obj
                0x00000000d0607500                HAL_DMA_IRQHandler
 .text.HAL_DMA_GetState
                0x00000000d0608354       0x1c CMakeFiles/freertos_stm32h750.elf.dir/Drivers/STM32H7xx_HAL_Driver/Src/stm32h7xx_hal_dma.c.obj
                0x00000000d0608354                HAL_DMA_GetState
 .text.DMA_SetConfig
                0x00000000d0608370      0x358 CMakeFiles/freertos_stm32h750.elf.dir/Drivers/STM32H7xx_HAL_Driver/Src/stm32h7xx_hal_dma.c.obj
 .text.DMA_CalcBaseAndBitshift
                0x00000000d06086c8      0x164 CMakeFiles/freertos_stm32h750.elf.dir/Drivers/STM32H7xx_HAL_Driver/Src/stm32h7xx_hal_dma.c.obj
 .text.DMA_CheckFifoParam
                0x00000000d060882c       0xf8 CMakeFiles/freertos_stm32h750.elf.dir/Drivers/STM32H7xx_HAL_Driver/Src/stm32h7xx_hal_dma.c.obj
 .text.DMA_CalcDMAMUXChannelBaseAndMask
                0x00000000d0608924      0x134 CMakeFiles/freertos_stm32h750.elf.dir/Drivers/STM32H7xx_HAL_Driver/Src/stm32h7xx_hal_dma.c.obj
 .text.DMA_CalcDMAMUXRequestGenBaseAndMask
                0x00000000d0608a58       0xe8 CMakeFiles/freertos_stm32h750.elf.dir/Drivers/STM32H7xx_HAL_Driver/Src/stm32h7xx_hal_dma.c.obj
 .text.HAL_GPIO_Init
                0x00000000d0608b40      0x360 CMakeFiles/freertos_stm32h750.elf.dir/Drivers/STM32H7xx_HAL_Driver/Src/stm32h7xx_hal_gpio.c.obj
                0x00000000d0608b40                HAL_GPIO_Init
 .text.HAL_GPIO_EXTI_IRQHandler
                0x00000000d0608ea0       0x34 CMakeFiles/freertos_stm32h750.elf.dir/Drivers/STM32H7xx_HAL_Driver/Src/stm32h7xx_hal_gpio.c.obj
                0x00000000d0608ea0                HAL_GPIO_EXTI_IRQHandler
 .text.HAL_HCD_IRQHandler
                0x00000000d0608ed4      0x21e CMakeFiles/freertos_stm32h750.elf.dir/Drivers/STM32H7xx_HAL_Driver/Src/stm32h7xx_hal_hcd.c.obj
                0x00000000d0608ed4                HAL_HCD_IRQHandler
 .text.HAL_HCD_Stop
                0x00000000d06090f2       0x3a CMakeFiles/freertos_stm32h750.elf.dir/Drivers/STM32H7xx_HAL_Driver/Src/stm32h7xx_hal_hcd.c.obj
                0x00000000d06090f2                HAL_HCD_Stop
 .text.HCD_HC_IN_IRQHandler
                0x00000000d060912c      0x822 CMakeFiles/freertos_stm32h750.elf.dir/Drivers/STM32H7xx_HAL_Driver/Src/stm32h7xx_hal_hcd.c.obj
 .text.HCD_HC_OUT_IRQHandler
                0x00000000d060994e      0x764 CMakeFiles/freertos_stm32h750.elf.dir/Drivers/STM32H7xx_HAL_Driver/Src/stm32h7xx_hal_hcd.c.obj
 .text.HCD_RXQLVL_IRQHandler
                0x00000000d060a0b2      0x1a4 CMakeFiles/freertos_stm32h750.elf.dir/Drivers/STM32H7xx_HAL_Driver/Src/stm32h7xx_hal_hcd.c.obj
 .text.HCD_Port_IRQHandler
                0x00000000d060a256       0xe6 CMakeFiles/freertos_stm32h750.elf.dir/Drivers/STM32H7xx_HAL_Driver/Src/stm32h7xx_hal_hcd.c.obj
 .text.HAL_I2C_EV_IRQHandler
                0x00000000d060a33c       0x34 CMakeFiles/freertos_stm32h750.elf.dir/Drivers/STM32H7xx_HAL_Driver/Src/stm32h7xx_hal_i2c.c.obj
                0x00000000d060a33c                HAL_I2C_EV_IRQHandler
 .text.HAL_I2C_ER_IRQHandler
                0x00000000d060a370       0xc2 CMakeFiles/freertos_stm32h750.elf.dir/Drivers/STM32H7xx_HAL_Driver/Src/stm32h7xx_hal_i2c.c.obj
                0x00000000d060a370                HAL_I2C_ER_IRQHandler
 .text.HAL_I2C_SlaveTxCpltCallback
                0x00000000d060a432       0x14 CMakeFiles/freertos_stm32h750.elf.dir/Drivers/STM32H7xx_HAL_Driver/Src/stm32h7xx_hal_i2c.c.obj
                0x00000000d060a432                HAL_I2C_SlaveTxCpltCallback
 .text.HAL_I2C_SlaveRxCpltCallback
                0x00000000d060a446       0x14 CMakeFiles/freertos_stm32h750.elf.dir/Drivers/STM32H7xx_HAL_Driver/Src/stm32h7xx_hal_i2c.c.obj
                0x00000000d060a446                HAL_I2C_SlaveRxCpltCallback
 .text.HAL_I2C_AddrCallback
                0x00000000d060a45a       0x1c CMakeFiles/freertos_stm32h750.elf.dir/Drivers/STM32H7xx_HAL_Driver/Src/stm32h7xx_hal_i2c.c.obj
                0x00000000d060a45a                HAL_I2C_AddrCallback
 .text.HAL_I2C_ListenCpltCallback
                0x00000000d060a476       0x14 CMakeFiles/freertos_stm32h750.elf.dir/Drivers/STM32H7xx_HAL_Driver/Src/stm32h7xx_hal_i2c.c.obj
                0x00000000d060a476                HAL_I2C_ListenCpltCallback
 .text.HAL_I2C_AbortCpltCallback
                0x00000000d060a48a       0x14 CMakeFiles/freertos_stm32h750.elf.dir/Drivers/STM32H7xx_HAL_Driver/Src/stm32h7xx_hal_i2c.c.obj
                0x00000000d060a48a                HAL_I2C_AbortCpltCallback
 .text.I2C_Slave_ISR_IT
                0x00000000d060a49e      0x206 CMakeFiles/freertos_stm32h750.elf.dir/Drivers/STM32H7xx_HAL_Driver/Src/stm32h7xx_hal_i2c.c.obj
 .text.I2C_ITAddrCplt
                0x00000000d060a6a4      0x108 CMakeFiles/freertos_stm32h750.elf.dir/Drivers/STM32H7xx_HAL_Driver/Src/stm32h7xx_hal_i2c.c.obj
 .text.I2C_ITSlaveSeqCplt
                0x00000000d060a7ac       0xbc CMakeFiles/freertos_stm32h750.elf.dir/Drivers/STM32H7xx_HAL_Driver/Src/stm32h7xx_hal_i2c.c.obj
 .text.I2C_ITSlaveCplt
                0x00000000d060a868      0x3f0 CMakeFiles/freertos_stm32h750.elf.dir/Drivers/STM32H7xx_HAL_Driver/Src/stm32h7xx_hal_i2c.c.obj
 .text.I2C_ITListenCplt
                0x00000000d060ac58       0xac CMakeFiles/freertos_stm32h750.elf.dir/Drivers/STM32H7xx_HAL_Driver/Src/stm32h7xx_hal_i2c.c.obj
 .text.I2C_ITError
                0x00000000d060ad04      0x1e0 CMakeFiles/freertos_stm32h750.elf.dir/Drivers/STM32H7xx_HAL_Driver/Src/stm32h7xx_hal_i2c.c.obj
 .text.I2C_TreatErrorCallback
                0x00000000d060aee4       0x4e CMakeFiles/freertos_stm32h750.elf.dir/Drivers/STM32H7xx_HAL_Driver/Src/stm32h7xx_hal_i2c.c.obj
 .text.I2C_Flush_TXDR
                0x00000000d060af32       0x48 CMakeFiles/freertos_stm32h750.elf.dir/Drivers/STM32H7xx_HAL_Driver/Src/stm32h7xx_hal_i2c.c.obj
 .text.I2C_DMAAbort
                0x00000000d060af7a       0x3c CMakeFiles/freertos_stm32h750.elf.dir/Drivers/STM32H7xx_HAL_Driver/Src/stm32h7xx_hal_i2c.c.obj
 .text.I2C_Disable_IRQ
                0x00000000d060afb6       0xbc CMakeFiles/freertos_stm32h750.elf.dir/Drivers/STM32H7xx_HAL_Driver/Src/stm32h7xx_hal_i2c.c.obj
 *fill*         0x00000000d060b072        0x2 
 .text.HAL_PWREx_ConfigSupply
                0x00000000d060b074       0x74 CMakeFiles/freertos_stm32h750.elf.dir/Drivers/STM32H7xx_HAL_Driver/Src/stm32h7xx_hal_pwr_ex.c.obj
                0x00000000d060b074                HAL_PWREx_ConfigSupply
 .text.HAL_PWREx_EnableUSBVoltageDetector
                0x00000000d060b0e8       0x20 CMakeFiles/freertos_stm32h750.elf.dir/Drivers/STM32H7xx_HAL_Driver/Src/stm32h7xx_hal_pwr_ex.c.obj
                0x00000000d060b0e8                HAL_PWREx_EnableUSBVoltageDetector
 .text.HAL_RCC_ClockConfig
                0x00000000d060b108      0x36c CMakeFiles/freertos_stm32h750.elf.dir/Drivers/STM32H7xx_HAL_Driver/Src/stm32h7xx_hal_rcc.c.obj
                0x00000000d060b108                HAL_RCC_ClockConfig
 .text.HAL_RCC_GetSysClockFreq
                0x00000000d060b474      0x2f4 CMakeFiles/freertos_stm32h750.elf.dir/Drivers/STM32H7xx_HAL_Driver/Src/stm32h7xx_hal_rcc.c.obj
                0x00000000d060b474                HAL_RCC_GetSysClockFreq
 .text.HAL_RCC_GetHCLKFreq
                0x00000000d060b768       0x60 CMakeFiles/freertos_stm32h750.elf.dir/Drivers/STM32H7xx_HAL_Driver/Src/stm32h7xx_hal_rcc.c.obj
                0x00000000d060b768                HAL_RCC_GetHCLKFreq
 .text.HAL_RCC_GetPCLK1Freq
                0x00000000d060b7c8       0x2c CMakeFiles/freertos_stm32h750.elf.dir/Drivers/STM32H7xx_HAL_Driver/Src/stm32h7xx_hal_rcc.c.obj
                0x00000000d060b7c8                HAL_RCC_GetPCLK1Freq
 .text.HAL_RCC_GetPCLK2Freq
                0x00000000d060b7f4       0x2c CMakeFiles/freertos_stm32h750.elf.dir/Drivers/STM32H7xx_HAL_Driver/Src/stm32h7xx_hal_rcc.c.obj
                0x00000000d060b7f4                HAL_RCC_GetPCLK2Freq
 .text.HAL_RCC_GetClockConfig
                0x00000000d060b820       0x84 CMakeFiles/freertos_stm32h750.elf.dir/Drivers/STM32H7xx_HAL_Driver/Src/stm32h7xx_hal_rcc.c.obj
                0x00000000d060b820                HAL_RCC_GetClockConfig
 .text.HAL_RCCEx_PeriphCLKConfig
                0x00000000d060b8a4     0x141c CMakeFiles/freertos_stm32h750.elf.dir/Drivers/STM32H7xx_HAL_Driver/Src/stm32h7xx_hal_rcc_ex.c.obj
                0x00000000d060b8a4                HAL_RCCEx_PeriphCLKConfig
 .text.HAL_RCCEx_GetD3PCLK1Freq
                0x00000000d060ccc0       0x2c CMakeFiles/freertos_stm32h750.elf.dir/Drivers/STM32H7xx_HAL_Driver/Src/stm32h7xx_hal_rcc_ex.c.obj
                0x00000000d060ccc0                HAL_RCCEx_GetD3PCLK1Freq
 .text.HAL_RCCEx_GetPLL2ClockFreq
                0x00000000d060ccec      0x2a8 CMakeFiles/freertos_stm32h750.elf.dir/Drivers/STM32H7xx_HAL_Driver/Src/stm32h7xx_hal_rcc_ex.c.obj
                0x00000000d060ccec                HAL_RCCEx_GetPLL2ClockFreq
 .text.HAL_RCCEx_GetPLL3ClockFreq
                0x00000000d060cf94      0x2a8 CMakeFiles/freertos_stm32h750.elf.dir/Drivers/STM32H7xx_HAL_Driver/Src/stm32h7xx_hal_rcc_ex.c.obj
                0x00000000d060cf94                HAL_RCCEx_GetPLL3ClockFreq
 .text.RCCEx_PLL2_Config
                0x00000000d060d23c      0x164 CMakeFiles/freertos_stm32h750.elf.dir/Drivers/STM32H7xx_HAL_Driver/Src/stm32h7xx_hal_rcc_ex.c.obj
 .text.RCCEx_PLL3_Config
                0x00000000d060d3a0      0x164 CMakeFiles/freertos_stm32h750.elf.dir/Drivers/STM32H7xx_HAL_Driver/Src/stm32h7xx_hal_rcc_ex.c.obj
 .text.HAL_TIM_Base_Init
                0x00000000d060d504       0xae CMakeFiles/freertos_stm32h750.elf.dir/Drivers/STM32H7xx_HAL_Driver/Src/stm32h7xx_hal_tim.c.obj
                0x00000000d060d504                HAL_TIM_Base_Init
 *fill*         0x00000000d060d5b2        0x2 
 .text.HAL_TIM_Base_Start_IT
                0x00000000d060d5b4       0xf0 CMakeFiles/freertos_stm32h750.elf.dir/Drivers/STM32H7xx_HAL_Driver/Src/stm32h7xx_hal_tim.c.obj
                0x00000000d060d5b4                HAL_TIM_Base_Start_IT
 .text.HAL_TIM_IRQHandler
                0x00000000d060d6a4      0x23e CMakeFiles/freertos_stm32h750.elf.dir/Drivers/STM32H7xx_HAL_Driver/Src/stm32h7xx_hal_tim.c.obj
                0x00000000d060d6a4                HAL_TIM_IRQHandler
 .text.HAL_TIM_OC_DelayElapsedCallback
                0x00000000d060d8e2       0x14 CMakeFiles/freertos_stm32h750.elf.dir/Drivers/STM32H7xx_HAL_Driver/Src/stm32h7xx_hal_tim.c.obj
                0x00000000d060d8e2                HAL_TIM_OC_DelayElapsedCallback
 .text.HAL_TIM_IC_CaptureCallback
                0x00000000d060d8f6       0x14 CMakeFiles/freertos_stm32h750.elf.dir/Drivers/STM32H7xx_HAL_Driver/Src/stm32h7xx_hal_tim.c.obj
                0x00000000d060d8f6                HAL_TIM_IC_CaptureCallback
 .text.HAL_TIM_PWM_PulseFinishedCallback
                0x00000000d060d90a       0x14 CMakeFiles/freertos_stm32h750.elf.dir/Drivers/STM32H7xx_HAL_Driver/Src/stm32h7xx_hal_tim.c.obj
                0x00000000d060d90a                HAL_TIM_PWM_PulseFinishedCallback
 .text.HAL_TIM_TriggerCallback
                0x00000000d060d91e       0x14 CMakeFiles/freertos_stm32h750.elf.dir/Drivers/STM32H7xx_HAL_Driver/Src/stm32h7xx_hal_tim.c.obj
                0x00000000d060d91e                HAL_TIM_TriggerCallback
 *fill*         0x00000000d060d932        0x2 
 .text.TIM_Base_SetConfig
                0x00000000d060d934      0x134 CMakeFiles/freertos_stm32h750.elf.dir/Drivers/STM32H7xx_HAL_Driver/Src/stm32h7xx_hal_tim.c.obj
                0x00000000d060d934                TIM_Base_SetConfig
 .text.HAL_TIMEx_CommutCallback
                0x00000000d060da68       0x14 CMakeFiles/freertos_stm32h750.elf.dir/Drivers/STM32H7xx_HAL_Driver/Src/stm32h7xx_hal_tim_ex.c.obj
                0x00000000d060da68                HAL_TIMEx_CommutCallback
 .text.HAL_TIMEx_BreakCallback
                0x00000000d060da7c       0x14 CMakeFiles/freertos_stm32h750.elf.dir/Drivers/STM32H7xx_HAL_Driver/Src/stm32h7xx_hal_tim_ex.c.obj
                0x00000000d060da7c                HAL_TIMEx_BreakCallback
 .text.HAL_TIMEx_Break2Callback
                0x00000000d060da90       0x14 CMakeFiles/freertos_stm32h750.elf.dir/Drivers/STM32H7xx_HAL_Driver/Src/stm32h7xx_hal_tim_ex.c.obj
                0x00000000d060da90                HAL_TIMEx_Break2Callback
 .text.HAL_UART_Init
                0x00000000d060daa4       0xa0 CMakeFiles/freertos_stm32h750.elf.dir/Drivers/STM32H7xx_HAL_Driver/Src/stm32h7xx_hal_uart.c.obj
                0x00000000d060daa4                HAL_UART_Init
 .text.HAL_UART_Transmit
                0x00000000d060db44      0x11c CMakeFiles/freertos_stm32h750.elf.dir/Drivers/STM32H7xx_HAL_Driver/Src/stm32h7xx_hal_uart.c.obj
                0x00000000d060db44                HAL_UART_Transmit
 .text.HAL_UART_Transmit_IT
                0x00000000d060dc60      0x128 CMakeFiles/freertos_stm32h750.elf.dir/Drivers/STM32H7xx_HAL_Driver/Src/stm32h7xx_hal_uart.c.obj
                0x00000000d060dc60                HAL_UART_Transmit_IT
 .text.HAL_UART_Transmit_DMA
                0x00000000d060dd88      0x100 CMakeFiles/freertos_stm32h750.elf.dir/Drivers/STM32H7xx_HAL_Driver/Src/stm32h7xx_hal_uart.c.obj
                0x00000000d060dd88                HAL_UART_Transmit_DMA
 .text.HAL_UART_IRQHandler
                0x00000000d060de88      0x774 CMakeFiles/freertos_stm32h750.elf.dir/Drivers/STM32H7xx_HAL_Driver/Src/stm32h7xx_hal_uart.c.obj
                0x00000000d060de88                HAL_UART_IRQHandler
 .text.HAL_UART_TxHalfCpltCallback
                0x00000000d060e5fc       0x14 CMakeFiles/freertos_stm32h750.elf.dir/Drivers/STM32H7xx_HAL_Driver/Src/stm32h7xx_hal_uart.c.obj
                0x00000000d060e5fc                HAL_UART_TxHalfCpltCallback
 .text.HAL_UART_ErrorCallback
                0x00000000d060e610       0x14 CMakeFiles/freertos_stm32h750.elf.dir/Drivers/STM32H7xx_HAL_Driver/Src/stm32h7xx_hal_uart.c.obj
                0x00000000d060e610                HAL_UART_ErrorCallback
 .text.HAL_UARTEx_RxEventCallback
                0x00000000d060e624       0x18 CMakeFiles/freertos_stm32h750.elf.dir/Drivers/STM32H7xx_HAL_Driver/Src/stm32h7xx_hal_uart.c.obj
                0x00000000d060e624                HAL_UARTEx_RxEventCallback
 .text.UART_SetConfig
                0x00000000d060e63c      0xad4 CMakeFiles/freertos_stm32h750.elf.dir/Drivers/STM32H7xx_HAL_Driver/Src/stm32h7xx_hal_uart.c.obj
                0x00000000d060e63c                UART_SetConfig
 .text.UART_AdvFeatureConfig
                0x00000000d060f110      0x144 CMakeFiles/freertos_stm32h750.elf.dir/Drivers/STM32H7xx_HAL_Driver/Src/stm32h7xx_hal_uart.c.obj
                0x00000000d060f110                UART_AdvFeatureConfig
 .text.UART_CheckIdleState
                0x00000000d060f254      0x154 CMakeFiles/freertos_stm32h750.elf.dir/Drivers/STM32H7xx_HAL_Driver/Src/stm32h7xx_hal_uart.c.obj
                0x00000000d060f254                UART_CheckIdleState
 .text.UART_WaitOnFlagUntilTimeout
                0x00000000d060f3a8       0xce CMakeFiles/freertos_stm32h750.elf.dir/Drivers/STM32H7xx_HAL_Driver/Src/stm32h7xx_hal_uart.c.obj
                0x00000000d060f3a8                UART_WaitOnFlagUntilTimeout
 .text.UART_EndTxTransfer
                0x00000000d060f476       0x82 CMakeFiles/freertos_stm32h750.elf.dir/Drivers/STM32H7xx_HAL_Driver/Src/stm32h7xx_hal_uart.c.obj
 .text.UART_EndRxTransfer
                0x00000000d060f4f8       0xcc CMakeFiles/freertos_stm32h750.elf.dir/Drivers/STM32H7xx_HAL_Driver/Src/stm32h7xx_hal_uart.c.obj
 .text.UART_DMATransmitCplt
                0x00000000d060f5c4       0x96 CMakeFiles/freertos_stm32h750.elf.dir/Drivers/STM32H7xx_HAL_Driver/Src/stm32h7xx_hal_uart.c.obj
 .text.UART_DMATxHalfCplt
                0x00000000d060f65a       0x1c CMakeFiles/freertos_stm32h750.elf.dir/Drivers/STM32H7xx_HAL_Driver/Src/stm32h7xx_hal_uart.c.obj
 .text.UART_DMAError
                0x00000000d060f676       0x80 CMakeFiles/freertos_stm32h750.elf.dir/Drivers/STM32H7xx_HAL_Driver/Src/stm32h7xx_hal_uart.c.obj
 .text.UART_DMAAbortOnError
                0x00000000d060f6f6       0x2c CMakeFiles/freertos_stm32h750.elf.dir/Drivers/STM32H7xx_HAL_Driver/Src/stm32h7xx_hal_uart.c.obj
 .text.UART_TxISR_8BIT
                0x00000000d060f722       0xb8 CMakeFiles/freertos_stm32h750.elf.dir/Drivers/STM32H7xx_HAL_Driver/Src/stm32h7xx_hal_uart.c.obj
 .text.UART_TxISR_16BIT
                0x00000000d060f7da       0xc2 CMakeFiles/freertos_stm32h750.elf.dir/Drivers/STM32H7xx_HAL_Driver/Src/stm32h7xx_hal_uart.c.obj
 .text.UART_TxISR_8BIT_FIFOEN
                0x00000000d060f89c       0xe0 CMakeFiles/freertos_stm32h750.elf.dir/Drivers/STM32H7xx_HAL_Driver/Src/stm32h7xx_hal_uart.c.obj
 .text.UART_TxISR_16BIT_FIFOEN
                0x00000000d060f97c       0xea CMakeFiles/freertos_stm32h750.elf.dir/Drivers/STM32H7xx_HAL_Driver/Src/stm32h7xx_hal_uart.c.obj
 .text.UART_EndTransmit_IT
                0x00000000d060fa66       0x56 CMakeFiles/freertos_stm32h750.elf.dir/Drivers/STM32H7xx_HAL_Driver/Src/stm32h7xx_hal_uart.c.obj
 .text.HAL_UARTEx_WakeupCallback
                0x00000000d060fabc       0x14 CMakeFiles/freertos_stm32h750.elf.dir/Drivers/STM32H7xx_HAL_Driver/Src/stm32h7xx_hal_uart_ex.c.obj
                0x00000000d060fabc                HAL_UARTEx_WakeupCallback
 .text.HAL_UARTEx_RxFifoFullCallback
                0x00000000d060fad0       0x14 CMakeFiles/freertos_stm32h750.elf.dir/Drivers/STM32H7xx_HAL_Driver/Src/stm32h7xx_hal_uart_ex.c.obj
                0x00000000d060fad0                HAL_UARTEx_RxFifoFullCallback
 .text.HAL_UARTEx_TxFifoEmptyCallback
                0x00000000d060fae4       0x14 CMakeFiles/freertos_stm32h750.elf.dir/Drivers/STM32H7xx_HAL_Driver/Src/stm32h7xx_hal_uart_ex.c.obj
                0x00000000d060fae4                HAL_UARTEx_TxFifoEmptyCallback
 .text.HAL_UARTEx_EnableFifoMode
                0x00000000d060faf8       0x76 CMakeFiles/freertos_stm32h750.elf.dir/Drivers/STM32H7xx_HAL_Driver/Src/stm32h7xx_hal_uart_ex.c.obj
                0x00000000d060faf8                HAL_UARTEx_EnableFifoMode
 .text.HAL_UARTEx_SetTxFifoThreshold
                0x00000000d060fb6e       0x7c CMakeFiles/freertos_stm32h750.elf.dir/Drivers/STM32H7xx_HAL_Driver/Src/stm32h7xx_hal_uart_ex.c.obj
                0x00000000d060fb6e                HAL_UARTEx_SetTxFifoThreshold
 .text.HAL_UARTEx_SetRxFifoThreshold
                0x00000000d060fbea       0x7c CMakeFiles/freertos_stm32h750.elf.dir/Drivers/STM32H7xx_HAL_Driver/Src/stm32h7xx_hal_uart_ex.c.obj
                0x00000000d060fbea                HAL_UARTEx_SetRxFifoThreshold
 *fill*         0x00000000d060fc66        0x2 
 .text.UARTEx_SetNbDataToProcess
                0x00000000d060fc68       0x9c CMakeFiles/freertos_stm32h750.elf.dir/Drivers/STM32H7xx_HAL_Driver/Src/stm32h7xx_hal_uart_ex.c.obj
 .text.HAL_ETH_Init
                0x00000000d060fd04      0x1cc CMakeFiles/freertos_stm32h750.elf.dir/Drivers/STM32H7xx_HAL_Driver/Src/stm32h7xx_hal_eth.c.obj
                0x00000000d060fd04                HAL_ETH_Init
 .text.HAL_ETH_Start_IT
                0x00000000d060fed0      0x118 CMakeFiles/freertos_stm32h750.elf.dir/Drivers/STM32H7xx_HAL_Driver/Src/stm32h7xx_hal_eth.c.obj
                0x00000000d060fed0                HAL_ETH_Start_IT
 .text.HAL_ETH_Stop_IT
                0x00000000d060ffe8       0xf0 CMakeFiles/freertos_stm32h750.elf.dir/Drivers/STM32H7xx_HAL_Driver/Src/stm32h7xx_hal_eth.c.obj
                0x00000000d060ffe8                HAL_ETH_Stop_IT
 .text.HAL_ETH_Transmit_IT
                0x00000000d06100d8       0xa2 CMakeFiles/freertos_stm32h750.elf.dir/Drivers/STM32H7xx_HAL_Driver/Src/stm32h7xx_hal_eth.c.obj
                0x00000000d06100d8                HAL_ETH_Transmit_IT
 .text.HAL_ETH_ReadData
                0x00000000d061017a      0x180 CMakeFiles/freertos_stm32h750.elf.dir/Drivers/STM32H7xx_HAL_Driver/Src/stm32h7xx_hal_eth.c.obj
                0x00000000d061017a                HAL_ETH_ReadData
 .text.ETH_UpdateDescriptor
                0x00000000d06102fa       0xdc CMakeFiles/freertos_stm32h750.elf.dir/Drivers/STM32H7xx_HAL_Driver/Src/stm32h7xx_hal_eth.c.obj
 .text.HAL_ETH_ReleaseTxPacket
                0x00000000d06103d6       0xb6 CMakeFiles/freertos_stm32h750.elf.dir/Drivers/STM32H7xx_HAL_Driver/Src/stm32h7xx_hal_eth.c.obj
                0x00000000d06103d6                HAL_ETH_ReleaseTxPacket
 .text.HAL_ETH_ReadPHYRegister
                0x00000000d061048c       0xa8 CMakeFiles/freertos_stm32h750.elf.dir/Drivers/STM32H7xx_HAL_Driver/Src/stm32h7xx_hal_eth.c.obj
                0x00000000d061048c                HAL_ETH_ReadPHYRegister
 .text.HAL_ETH_WritePHYRegister
                0x00000000d0610534       0xa8 CMakeFiles/freertos_stm32h750.elf.dir/Drivers/STM32H7xx_HAL_Driver/Src/stm32h7xx_hal_eth.c.obj
                0x00000000d0610534                HAL_ETH_WritePHYRegister
 .text.HAL_ETH_GetMACConfig
                0x00000000d06105dc      0x3a8 CMakeFiles/freertos_stm32h750.elf.dir/Drivers/STM32H7xx_HAL_Driver/Src/stm32h7xx_hal_eth.c.obj
                0x00000000d06105dc                HAL_ETH_GetMACConfig
 .text.HAL_ETH_SetMACConfig
                0x00000000d0610984       0x34 CMakeFiles/freertos_stm32h750.elf.dir/Drivers/STM32H7xx_HAL_Driver/Src/stm32h7xx_hal_eth.c.obj
                0x00000000d0610984                HAL_ETH_SetMACConfig
 .text.HAL_ETH_SetMDIOClockRange
                0x00000000d06109b8       0xb0 CMakeFiles/freertos_stm32h750.elf.dir/Drivers/STM32H7xx_HAL_Driver/Src/stm32h7xx_hal_eth.c.obj
                0x00000000d06109b8                HAL_ETH_SetMDIOClockRange
 .text.ETH_SetMACConfig
                0x00000000d0610a68      0x238 CMakeFiles/freertos_stm32h750.elf.dir/Drivers/STM32H7xx_HAL_Driver/Src/stm32h7xx_hal_eth.c.obj
 .text.ETH_SetDMAConfig
                0x00000000d0610ca0      0x10c CMakeFiles/freertos_stm32h750.elf.dir/Drivers/STM32H7xx_HAL_Driver/Src/stm32h7xx_hal_eth.c.obj
 .text.ETH_MACDMAConfig
                0x00000000d0610dac      0x13a CMakeFiles/freertos_stm32h750.elf.dir/Drivers/STM32H7xx_HAL_Driver/Src/stm32h7xx_hal_eth.c.obj
 .text.ETH_DMATxDescListInit
                0x00000000d0610ee6       0x92 CMakeFiles/freertos_stm32h750.elf.dir/Drivers/STM32H7xx_HAL_Driver/Src/stm32h7xx_hal_eth.c.obj
 .text.ETH_DMARxDescListInit
                0x00000000d0610f78       0xba CMakeFiles/freertos_stm32h750.elf.dir/Drivers/STM32H7xx_HAL_Driver/Src/stm32h7xx_hal_eth.c.obj
 *fill*         0x00000000d0611032        0x2 
 .text.ETH_Prepare_Tx_Descriptors
                0x00000000d0611034      0x51c CMakeFiles/freertos_stm32h750.elf.dir/Drivers/STM32H7xx_HAL_Driver/Src/stm32h7xx_hal_eth.c.obj
 .text.GetVersion
                0x00000000d0611550       0x2c CMakeFiles/freertos_stm32h750.elf.dir/Drivers/BSP/Components/LAN8720/PHY_LAN8720.c.obj
 .text.Initialize
                0x00000000d061157c       0x54 CMakeFiles/freertos_stm32h750.elf.dir/Drivers/BSP/Components/LAN8720/PHY_LAN8720.c.obj
 .text.Uninitialize
                0x00000000d06115d0       0x2c CMakeFiles/freertos_stm32h750.elf.dir/Drivers/BSP/Components/LAN8720/PHY_LAN8720.c.obj
 .text.PowerControl
                0x00000000d06115fc      0x104 CMakeFiles/freertos_stm32h750.elf.dir/Drivers/BSP/Components/LAN8720/PHY_LAN8720.c.obj
 .text.SetInterface
                0x00000000d0611700       0x3c CMakeFiles/freertos_stm32h750.elf.dir/Drivers/BSP/Components/LAN8720/PHY_LAN8720.c.obj
 .text.SetMode  0x00000000d061173c       0xb8 CMakeFiles/freertos_stm32h750.elf.dir/Drivers/BSP/Components/LAN8720/PHY_LAN8720.c.obj
 .text.GetLinkState
                0x00000000d06117f4       0x3c CMakeFiles/freertos_stm32h750.elf.dir/Drivers/BSP/Components/LAN8720/PHY_LAN8720.c.obj
 .text.GetLinkInfo
                0x00000000d0611830       0x60 CMakeFiles/freertos_stm32h750.elf.dir/Drivers/BSP/Components/LAN8720/PHY_LAN8720.c.obj
 .text.ptr_to_mem
                0x00000000d0611890       0x24 CMakeFiles/freertos_stm32h750.elf.dir/Middlewares/Third_Party/LwIP/src/core/mem.c.obj
 .text.mem_to_ptr
                0x00000000d06118b4       0x24 CMakeFiles/freertos_stm32h750.elf.dir/Middlewares/Third_Party/LwIP/src/core/mem.c.obj
 .text.plug_holes
                0x00000000d06118d8      0x144 CMakeFiles/freertos_stm32h750.elf.dir/Middlewares/Third_Party/LwIP/src/core/mem.c.obj
 .text.mem_init
                0x00000000d0611a1c       0x9c CMakeFiles/freertos_stm32h750.elf.dir/Middlewares/Third_Party/LwIP/src/core/mem.c.obj
                0x00000000d0611a1c                mem_init
 .text.mem_link_valid
                0x00000000d0611ab8       0x78 CMakeFiles/freertos_stm32h750.elf.dir/Middlewares/Third_Party/LwIP/src/core/mem.c.obj
 .text.mem_free
                0x00000000d0611b30      0x148 CMakeFiles/freertos_stm32h750.elf.dir/Middlewares/Third_Party/LwIP/src/core/mem.c.obj
                0x00000000d0611b30                mem_free
 .text.mem_trim
                0x00000000d0611c78      0x220 CMakeFiles/freertos_stm32h750.elf.dir/Middlewares/Third_Party/LwIP/src/core/mem.c.obj
                0x00000000d0611c78                mem_trim
 .text.mem_malloc
                0x00000000d0611e98      0x21c CMakeFiles/freertos_stm32h750.elf.dir/Middlewares/Third_Party/LwIP/src/core/mem.c.obj
                0x00000000d0611e98                mem_malloc
 .text.lwip_init
                0x00000000d06120b4       0x2e CMakeFiles/freertos_stm32h750.elf.dir/Middlewares/Third_Party/LwIP/src/core/init.c.obj
                0x00000000d06120b4                lwip_init
 .text.tcp_route
                0x00000000d06120e2       0x38 CMakeFiles/freertos_stm32h750.elf.dir/Middlewares/Third_Party/LwIP/src/core/tcp_out.c.obj
 *fill*         0x00000000d061211a        0x2 
 .text.tcp_create_segment
                0x00000000d061211c      0x140 CMakeFiles/freertos_stm32h750.elf.dir/Middlewares/Third_Party/LwIP/src/core/tcp_out.c.obj
 .text.tcp_split_unsent_seg
                0x00000000d061225c      0x298 CMakeFiles/freertos_stm32h750.elf.dir/Middlewares/Third_Party/LwIP/src/core/tcp_out.c.obj
                0x00000000d061225c                tcp_split_unsent_seg
 .text.tcp_send_fin
                0x00000000d06124f4       0xa0 CMakeFiles/freertos_stm32h750.elf.dir/Middlewares/Third_Party/LwIP/src/core/tcp_out.c.obj
                0x00000000d06124f4                tcp_send_fin
 .text.tcp_enqueue_flags
                0x00000000d0612594      0x1dc CMakeFiles/freertos_stm32h750.elf.dir/Middlewares/Third_Party/LwIP/src/core/tcp_out.c.obj
                0x00000000d0612594                tcp_enqueue_flags
 .text.tcp_output
                0x00000000d0612770      0x3ec CMakeFiles/freertos_stm32h750.elf.dir/Middlewares/Third_Party/LwIP/src/core/tcp_out.c.obj
                0x00000000d0612770                tcp_output
 .text.tcp_output_segment_busy
                0x00000000d0612b5c       0x40 CMakeFiles/freertos_stm32h750.elf.dir/Middlewares/Third_Party/LwIP/src/core/tcp_out.c.obj
 .text.tcp_output_segment
                0x00000000d0612b9c      0x1bc CMakeFiles/freertos_stm32h750.elf.dir/Middlewares/Third_Party/LwIP/src/core/tcp_out.c.obj
 .text.tcp_rexmit_rto_prepare
                0x00000000d0612d58       0xf4 CMakeFiles/freertos_stm32h750.elf.dir/Middlewares/Third_Party/LwIP/src/core/tcp_out.c.obj
                0x00000000d0612d58                tcp_rexmit_rto_prepare
 .text.tcp_rexmit_rto_commit
                0x00000000d0612e4c       0x50 CMakeFiles/freertos_stm32h750.elf.dir/Middlewares/Third_Party/LwIP/src/core/tcp_out.c.obj
                0x00000000d0612e4c                tcp_rexmit_rto_commit
 .text.tcp_rexmit_rto
                0x00000000d0612e9c       0x44 CMakeFiles/freertos_stm32h750.elf.dir/Middlewares/Third_Party/LwIP/src/core/tcp_out.c.obj
                0x00000000d0612e9c                tcp_rexmit_rto
 .text.tcp_rexmit
                0x00000000d0612ee0       0xd8 CMakeFiles/freertos_stm32h750.elf.dir/Middlewares/Third_Party/LwIP/src/core/tcp_out.c.obj
                0x00000000d0612ee0                tcp_rexmit
 .text.tcp_rexmit_fast
                0x00000000d0612fb8       0xc4 CMakeFiles/freertos_stm32h750.elf.dir/Middlewares/Third_Party/LwIP/src/core/tcp_out.c.obj
                0x00000000d0612fb8                tcp_rexmit_fast
 .text.tcp_output_alloc_header_common
                0x00000000d061307c       0xe4 CMakeFiles/freertos_stm32h750.elf.dir/Middlewares/Third_Party/LwIP/src/core/tcp_out.c.obj
 .text.tcp_output_alloc_header
                0x00000000d0613160       0x7c CMakeFiles/freertos_stm32h750.elf.dir/Middlewares/Third_Party/LwIP/src/core/tcp_out.c.obj
 .text.tcp_output_fill_options
                0x00000000d06131dc       0x80 CMakeFiles/freertos_stm32h750.elf.dir/Middlewares/Third_Party/LwIP/src/core/tcp_out.c.obj
 .text.tcp_output_control_segment
                0x00000000d061325c       0x94 CMakeFiles/freertos_stm32h750.elf.dir/Middlewares/Third_Party/LwIP/src/core/tcp_out.c.obj
 .text.tcp_rst  0x00000000d06132f0       0xa4 CMakeFiles/freertos_stm32h750.elf.dir/Middlewares/Third_Party/LwIP/src/core/tcp_out.c.obj
                0x00000000d06132f0                tcp_rst
 .text.tcp_send_empty_ack
                0x00000000d0613394       0xc4 CMakeFiles/freertos_stm32h750.elf.dir/Middlewares/Third_Party/LwIP/src/core/tcp_out.c.obj
                0x00000000d0613394                tcp_send_empty_ack
 .text.tcp_keepalive
                0x00000000d0613458       0x80 CMakeFiles/freertos_stm32h750.elf.dir/Middlewares/Third_Party/LwIP/src/core/tcp_out.c.obj
                0x00000000d0613458                tcp_keepalive
 .text.tcp_zero_window_probe
                0x00000000d06134d8      0x154 CMakeFiles/freertos_stm32h750.elf.dir/Middlewares/Third_Party/LwIP/src/core/tcp_out.c.obj
                0x00000000d06134d8                tcp_zero_window_probe
 .text.tcp_input
                0x00000000d061362c      0x818 CMakeFiles/freertos_stm32h750.elf.dir/Middlewares/Third_Party/LwIP/src/core/tcp_in.c.obj
                0x00000000d061362c                tcp_input
 .text.tcp_input_delayed_close
                0x00000000d0613e44       0x80 CMakeFiles/freertos_stm32h750.elf.dir/Middlewares/Third_Party/LwIP/src/core/tcp_in.c.obj
 .text.tcp_listen_input
                0x00000000d0613ec4      0x1fc CMakeFiles/freertos_stm32h750.elf.dir/Middlewares/Third_Party/LwIP/src/core/tcp_in.c.obj
 .text.tcp_timewait_input
                0x00000000d06140c0       0xf4 CMakeFiles/freertos_stm32h750.elf.dir/Middlewares/Third_Party/LwIP/src/core/tcp_in.c.obj
 .text.tcp_process
                0x00000000d06141b4      0x7e0 CMakeFiles/freertos_stm32h750.elf.dir/Middlewares/Third_Party/LwIP/src/core/tcp_in.c.obj
 .text.tcp_oos_insert_segment
                0x00000000d0614994      0x110 CMakeFiles/freertos_stm32h750.elf.dir/Middlewares/Third_Party/LwIP/src/core/tcp_in.c.obj
 .text.tcp_free_acked_segments
                0x00000000d0614aa4       0xf8 CMakeFiles/freertos_stm32h750.elf.dir/Middlewares/Third_Party/LwIP/src/core/tcp_in.c.obj
 .text.tcp_receive
                0x00000000d0614b9c      0xf30 CMakeFiles/freertos_stm32h750.elf.dir/Middlewares/Third_Party/LwIP/src/core/tcp_in.c.obj
 .text.tcp_get_next_optbyte
                0x00000000d0615acc       0x6c CMakeFiles/freertos_stm32h750.elf.dir/Middlewares/Third_Party/LwIP/src/core/tcp_in.c.obj
 .text.tcp_parseopt
                0x00000000d0615b38       0xec CMakeFiles/freertos_stm32h750.elf.dir/Middlewares/Third_Party/LwIP/src/core/tcp_in.c.obj
 .text.tcp_trigger_input_pcb_close
                0x00000000d0615c24       0x20 CMakeFiles/freertos_stm32h750.elf.dir/Middlewares/Third_Party/LwIP/src/core/tcp_in.c.obj
                0x00000000d0615c24                tcp_trigger_input_pcb_close
 .text.tcp_init
                0x00000000d0615c44       0x24 CMakeFiles/freertos_stm32h750.elf.dir/Middlewares/Third_Party/LwIP/src/core/tcp.c.obj
                0x00000000d0615c44                tcp_init
 .text.tcp_free
                0x00000000d0615c68       0x38 CMakeFiles/freertos_stm32h750.elf.dir/Middlewares/Third_Party/LwIP/src/core/tcp.c.obj
                0x00000000d0615c68                tcp_free
 .text.tcp_free_listen
                0x00000000d0615ca0       0x38 CMakeFiles/freertos_stm32h750.elf.dir/Middlewares/Third_Party/LwIP/src/core/tcp.c.obj
 .text.tcp_tmr  0x00000000d0615cd8       0x2c CMakeFiles/freertos_stm32h750.elf.dir/Middlewares/Third_Party/LwIP/src/core/tcp.c.obj
                0x00000000d0615cd8                tcp_tmr
 .text.tcp_remove_listener
                0x00000000d0615d04       0x54 CMakeFiles/freertos_stm32h750.elf.dir/Middlewares/Third_Party/LwIP/src/core/tcp.c.obj
 .text.tcp_listen_closed
                0x00000000d0615d58       0x74 CMakeFiles/freertos_stm32h750.elf.dir/Middlewares/Third_Party/LwIP/src/core/tcp.c.obj
 .text.tcp_close_shutdown
                0x00000000d0615dcc      0x1c4 CMakeFiles/freertos_stm32h750.elf.dir/Middlewares/Third_Party/LwIP/src/core/tcp.c.obj
 .text.tcp_close_shutdown_fin
                0x00000000d0615f90       0xd4 CMakeFiles/freertos_stm32h750.elf.dir/Middlewares/Third_Party/LwIP/src/core/tcp.c.obj
 .text.tcp_close
                0x00000000d0616064       0x58 CMakeFiles/freertos_stm32h750.elf.dir/Middlewares/Third_Party/LwIP/src/core/tcp.c.obj
                0x00000000d0616064                tcp_close
 .text.tcp_abandon
                0x00000000d06160bc      0x17c CMakeFiles/freertos_stm32h750.elf.dir/Middlewares/Third_Party/LwIP/src/core/tcp.c.obj
                0x00000000d06160bc                tcp_abandon
 .text.tcp_abort
                0x00000000d0616238       0x18 CMakeFiles/freertos_stm32h750.elf.dir/Middlewares/Third_Party/LwIP/src/core/tcp.c.obj
                0x00000000d0616238                tcp_abort
 .text.tcp_update_rcv_ann_wnd
                0x00000000d0616250       0xb4 CMakeFiles/freertos_stm32h750.elf.dir/Middlewares/Third_Party/LwIP/src/core/tcp.c.obj
                0x00000000d0616250                tcp_update_rcv_ann_wnd
 .text.tcp_recved
                0x00000000d0616304       0xa4 CMakeFiles/freertos_stm32h750.elf.dir/Middlewares/Third_Party/LwIP/src/core/tcp.c.obj
                0x00000000d0616304                tcp_recved
 .text.tcp_slowtmr
                0x00000000d06163a8      0x680 CMakeFiles/freertos_stm32h750.elf.dir/Middlewares/Third_Party/LwIP/src/core/tcp.c.obj
                0x00000000d06163a8                tcp_slowtmr
 .text.tcp_fasttmr
                0x00000000d0616a28       0xc8 CMakeFiles/freertos_stm32h750.elf.dir/Middlewares/Third_Party/LwIP/src/core/tcp.c.obj
                0x00000000d0616a28                tcp_fasttmr
 .text.tcp_process_refused_data
                0x00000000d0616af0       0xfc CMakeFiles/freertos_stm32h750.elf.dir/Middlewares/Third_Party/LwIP/src/core/tcp.c.obj
                0x00000000d0616af0                tcp_process_refused_data
 .text.tcp_segs_free
                0x00000000d0616bec       0x2a CMakeFiles/freertos_stm32h750.elf.dir/Middlewares/Third_Party/LwIP/src/core/tcp.c.obj
                0x00000000d0616bec                tcp_segs_free
 .text.tcp_seg_free
                0x00000000d0616c16       0x30 CMakeFiles/freertos_stm32h750.elf.dir/Middlewares/Third_Party/LwIP/src/core/tcp.c.obj
                0x00000000d0616c16                tcp_seg_free
 *fill*         0x00000000d0616c46        0x2 
 .text.tcp_seg_copy
                0x00000000d0616c48       0x58 CMakeFiles/freertos_stm32h750.elf.dir/Middlewares/Third_Party/LwIP/src/core/tcp.c.obj
                0x00000000d0616c48                tcp_seg_copy
 .text.tcp_recv_null
                0x00000000d0616ca0       0x6c CMakeFiles/freertos_stm32h750.elf.dir/Middlewares/Third_Party/LwIP/src/core/tcp.c.obj
                0x00000000d0616ca0                tcp_recv_null
 .text.tcp_kill_prio
                0x00000000d0616d0c       0x9c CMakeFiles/freertos_stm32h750.elf.dir/Middlewares/Third_Party/LwIP/src/core/tcp.c.obj
 .text.tcp_kill_state
                0x00000000d0616da8       0x94 CMakeFiles/freertos_stm32h750.elf.dir/Middlewares/Third_Party/LwIP/src/core/tcp.c.obj
 .text.tcp_kill_timewait
                0x00000000d0616e3c       0x60 CMakeFiles/freertos_stm32h750.elf.dir/Middlewares/Third_Party/LwIP/src/core/tcp.c.obj
 .text.tcp_handle_closepend
                0x00000000d0616e9c       0x4c CMakeFiles/freertos_stm32h750.elf.dir/Middlewares/Third_Party/LwIP/src/core/tcp.c.obj
 .text.tcp_alloc
                0x00000000d0616ee8      0x108 CMakeFiles/freertos_stm32h750.elf.dir/Middlewares/Third_Party/LwIP/src/core/tcp.c.obj
                0x00000000d0616ee8                tcp_alloc
 .text.tcp_pcb_purge
                0x00000000d0616ff0       0xa0 CMakeFiles/freertos_stm32h750.elf.dir/Middlewares/Third_Party/LwIP/src/core/tcp.c.obj
                0x00000000d0616ff0                tcp_pcb_purge
 .text.tcp_pcb_remove
                0x00000000d0617090      0x128 CMakeFiles/freertos_stm32h750.elf.dir/Middlewares/Third_Party/LwIP/src/core/tcp.c.obj
                0x00000000d0617090                tcp_pcb_remove
 .text.tcp_next_iss
                0x00000000d06171b8       0x4c CMakeFiles/freertos_stm32h750.elf.dir/Middlewares/Third_Party/LwIP/src/core/tcp.c.obj
                0x00000000d06171b8                tcp_next_iss
 .text.tcp_eff_send_mss_netif
                0x00000000d0617204       0x74 CMakeFiles/freertos_stm32h750.elf.dir/Middlewares/Third_Party/LwIP/src/core/tcp.c.obj
                0x00000000d0617204                tcp_eff_send_mss_netif
 .text.tcp_netif_ip_addr_changed_pcblist
                0x00000000d0617278       0x64 CMakeFiles/freertos_stm32h750.elf.dir/Middlewares/Third_Party/LwIP/src/core/tcp.c.obj
 .text.tcp_netif_ip_addr_changed
                0x00000000d06172dc       0x7c CMakeFiles/freertos_stm32h750.elf.dir/Middlewares/Third_Party/LwIP/src/core/tcp.c.obj
                0x00000000d06172dc                tcp_netif_ip_addr_changed
 .text.tcp_free_ooseq
                0x00000000d0617358       0x28 CMakeFiles/freertos_stm32h750.elf.dir/Middlewares/Third_Party/LwIP/src/core/tcp.c.obj
                0x00000000d0617358                tcp_free_ooseq
 .text.udp_init
                0x00000000d0617380       0x24 CMakeFiles/freertos_stm32h750.elf.dir/Middlewares/Third_Party/LwIP/src/core/udp.c.obj
                0x00000000d0617380                udp_init
 .text.udp_input_local_match
                0x00000000d06173a4       0xc8 CMakeFiles/freertos_stm32h750.elf.dir/Middlewares/Third_Party/LwIP/src/core/udp.c.obj
 .text.udp_input
                0x00000000d061746c      0x228 CMakeFiles/freertos_stm32h750.elf.dir/Middlewares/Third_Party/LwIP/src/core/udp.c.obj
                0x00000000d061746c                udp_input
 .text.udp_netif_ip_addr_changed
                0x00000000d0617694       0x60 CMakeFiles/freertos_stm32h750.elf.dir/Middlewares/Third_Party/LwIP/src/core/udp.c.obj
                0x00000000d0617694                udp_netif_ip_addr_changed
 .text.lwip_standard_chksum
                0x00000000d06176f4       0xba CMakeFiles/freertos_stm32h750.elf.dir/Middlewares/Third_Party/LwIP/src/core/inet_chksum.c.obj
                0x00000000d06176f4                lwip_standard_chksum
 .text.inet_chksum
                0x00000000d06177ae       0x24 CMakeFiles/freertos_stm32h750.elf.dir/Middlewares/Third_Party/LwIP/src/core/inet_chksum.c.obj
                0x00000000d06177ae                inet_chksum
 *fill*         0x00000000d06177d2        0x2 
 .text.icmp_input
                0x00000000d06177d4      0x234 CMakeFiles/freertos_stm32h750.elf.dir/Middlewares/Third_Party/LwIP/src/core/ipv4/icmp.c.obj
                0x00000000d06177d4                icmp_input
 .text.icmp_dest_unreach
                0x00000000d0617a08       0x20 CMakeFiles/freertos_stm32h750.elf.dir/Middlewares/Third_Party/LwIP/src/core/ipv4/icmp.c.obj
                0x00000000d0617a08                icmp_dest_unreach
 .text.icmp_time_exceeded
                0x00000000d0617a28       0x20 CMakeFiles/freertos_stm32h750.elf.dir/Middlewares/Third_Party/LwIP/src/core/ipv4/icmp.c.obj
                0x00000000d0617a28                icmp_time_exceeded
 .text.icmp_send_response
                0x00000000d0617a48       0xe8 CMakeFiles/freertos_stm32h750.elf.dir/Middlewares/Third_Party/LwIP/src/core/ipv4/icmp.c.obj
 .text.sys_mbox_new
                0x00000000d0617b30       0x3c CMakeFiles/freertos_stm32h750.elf.dir/Middlewares/Third_Party/LwIP/system/OS/sys_arch.c.obj
                0x00000000d0617b30                sys_mbox_new
 .text.sys_mbox_trypost
                0x00000000d0617b6c       0x34 CMakeFiles/freertos_stm32h750.elf.dir/Middlewares/Third_Party/LwIP/system/OS/sys_arch.c.obj
                0x00000000d0617b6c                sys_mbox_trypost
 .text.sys_arch_mbox_fetch
                0x00000000d0617ba0       0x7e CMakeFiles/freertos_stm32h750.elf.dir/Middlewares/Third_Party/LwIP/system/OS/sys_arch.c.obj
                0x00000000d0617ba0                sys_arch_mbox_fetch
 .text.sys_mbox_valid
                0x00000000d0617c1e       0x22 CMakeFiles/freertos_stm32h750.elf.dir/Middlewares/Third_Party/LwIP/system/OS/sys_arch.c.obj
                0x00000000d0617c1e                sys_mbox_valid
 .text.sys_init
                0x00000000d0617c40       0x1c CMakeFiles/freertos_stm32h750.elf.dir/Middlewares/Third_Party/LwIP/system/OS/sys_arch.c.obj
                0x00000000d0617c40                sys_init
 .text.sys_mutex_new