/home/usepat/Emcraft/STM32CubeH7/Projects/STM32H7_SOM/Applications/FreeRTOS/freertos_stm32h750/Src/ethernetif.c:158:13:low_level_init	152	static
/home/usepat/Emcraft/STM32CubeH7/Projects/STM32H7_SOM/Applications/FreeRTOS/freertos_stm32h750/Src/ethernetif.c:289:14:low_level_output	80	static
/home/usepat/Emcraft/STM32CubeH7/Projects/STM32H7_SOM/Applications/FreeRTOS/freertos_stm32h750/Src/ethernetif.c:344:22:low_level_input	24	static
/home/usepat/Emcraft/STM32CubeH7/Projects/STM32H7_SOM/Applications/FreeRTOS/freertos_stm32h750/Src/ethernetif.c:362:13:ethernetif_input	24	static
/home/usepat/Emcraft/STM32CubeH7/Projects/STM32H7_SOM/Applications/FreeRTOS/freertos_stm32h750/Src/ethernetif.c:399:7:ethernetif_init	16	static
/home/usepat/Emcraft/STM32CubeH7/Projects/STM32H7_SOM/Applications/FreeRTOS/freertos_stm32h750/Src/ethernetif.c:436:6:pbuf_free_custom	24	static
/home/usepat/Emcraft/STM32CubeH7/Projects/STM32H7_SOM/Applications/FreeRTOS/freertos_stm32h750/Src/ethernetif.c:454:7:sys_now	8	static
/home/usepat/Emcraft/STM32CubeH7/Projects/STM32H7_SOM/Applications/FreeRTOS/freertos_stm32h750/Src/ethernetif.c:467:6:HAL_ETH_MspInit	64	static
/home/usepat/Emcraft/STM32CubeH7/Projects/STM32H7_SOM/Applications/FreeRTOS/freertos_stm32h750/Src/ethernetif.c:521:6:HAL_ETH_RxCpltCallback	16	static
/home/usepat/Emcraft/STM32CubeH7/Projects/STM32H7_SOM/Applications/FreeRTOS/freertos_stm32h750/Src/ethernetif.c:531:6:HAL_ETH_TxCpltCallback	16	static
/home/usepat/Emcraft/STM32CubeH7/Projects/STM32H7_SOM/Applications/FreeRTOS/freertos_stm32h750/Src/ethernetif.c:541:6:HAL_ETH_ErrorCallback	16	static
/home/usepat/Emcraft/STM32CubeH7/Projects/STM32H7_SOM/Applications/FreeRTOS/freertos_stm32h750/Src/ethernetif.c:562:9:ETH_PHY_IO_Init	8	static
/home/usepat/Emcraft/STM32CubeH7/Projects/STM32H7_SOM/Applications/FreeRTOS/freertos_stm32h750/Src/ethernetif.c:579:9:ETH_PHY_IO_DeInit	4	static
/home/usepat/Emcraft/STM32CubeH7/Projects/STM32H7_SOM/Applications/FreeRTOS/freertos_stm32h750/Src/ethernetif.c:591:9:ETH_PHY_IO_ReadReg	16	static
/home/usepat/Emcraft/STM32CubeH7/Projects/STM32H7_SOM/Applications/FreeRTOS/freertos_stm32h750/Src/ethernetif.c:609:9:ETH_PHY_IO_WriteReg	16	static
/home/usepat/Emcraft/STM32CubeH7/Projects/STM32H7_SOM/Applications/FreeRTOS/freertos_stm32h750/Src/ethernetif.c:624:9:ETH_PHY_IO_GetTick	8	static
/home/usepat/Emcraft/STM32CubeH7/Projects/STM32H7_SOM/Applications/FreeRTOS/freertos_stm32h750/Src/ethernetif.c:634:6:ethernet_link_thread	144	static
/home/usepat/Emcraft/STM32CubeH7/Projects/STM32H7_SOM/Applications/FreeRTOS/freertos_stm32h750/Src/ethernetif.c:718:6:HAL_ETH_RxAllocateCallback	32	static
/home/usepat/Emcraft/STM32CubeH7/Projects/STM32H7_SOM/Applications/FreeRTOS/freertos_stm32h750/Src/ethernetif.c:738:6:HAL_ETH_RxLinkCallback	56	static
/home/usepat/Emcraft/STM32CubeH7/Projects/STM32H7_SOM/Applications/FreeRTOS/freertos_stm32h750/Src/ethernetif.c:774:6:HAL_ETH_TxFreeCallback	16	static
