/home/usepat/Emcraft/STM32CubeH7/Projects/STM32H7_SOM/Applications/FreeRTOS/freertos_stm32h750/Src/i2c_drvr.c:23:12:i2c_get_bus_by_handle	24	static
/home/usepat/Emcraft/STM32CubeH7/Projects/STM32H7_SOM/Applications/FreeRTOS/freertos_stm32h750/Src/i2c_drvr.c:37:21:i2c_init	32	static
/home/usepat/Emcraft/STM32CubeH7/Projects/STM32H7_SOM/Applications/FreeRTOS/freertos_stm32h750/Src/i2c_drvr.c:118:5:i2c_deinit	24	static
/home/usepat/Emcraft/STM32CubeH7/Projects/STM32H7_SOM/Applications/FreeRTOS/freertos_stm32h750/Src/i2c_drvr.c:133:10:i2c_read	48	static
/home/usepat/Emcraft/STM32CubeH7/Projects/STM32H7_SOM/Applications/FreeRTOS/freertos_stm32h750/Src/i2c_drvr.c:162:10:i2c_write	48	static
/home/usepat/Emcraft/STM32CubeH7/Projects/STM32H7_SOM/Applications/FreeRTOS/freertos_stm32h750/Src/i2c_drvr.c:191:5:i2c_fastmode_enable	24	static
/home/usepat/Emcraft/STM32CubeH7/Projects/STM32H7_SOM/Applications/FreeRTOS/freertos_stm32h750/Src/i2c_drvr.c:217:5:i2c_fastmode_disable	24	static
/home/usepat/Emcraft/STM32CubeH7/Projects/STM32H7_SOM/Applications/FreeRTOS/freertos_stm32h750/Src/i2c_drvr.c:243:6:HAL_I2C_MemRxCpltCallback	24	static
/home/usepat/Emcraft/STM32CubeH7/Projects/STM32H7_SOM/Applications/FreeRTOS/freertos_stm32h750/Src/i2c_drvr.c:254:6:HAL_I2C_MemTxCpltCallback	24	static
/home/usepat/Emcraft/STM32CubeH7/Projects/STM32H7_SOM/Applications/FreeRTOS/freertos_stm32h750/Src/i2c_drvr.c:265:6:HAL_I2C_ErrorCallback	24	static
/home/usepat/Emcraft/STM32CubeH7/Projects/STM32H7_SOM/Applications/FreeRTOS/freertos_stm32h750/Src/i2c_drvr.c:276:6:I2C1_EV_IRQHandler	8	static
/home/usepat/Emcraft/STM32CubeH7/Projects/STM32H7_SOM/Applications/FreeRTOS/freertos_stm32h750/Src/i2c_drvr.c:281:6:I2C1_ER_IRQHandler	8	static
/home/usepat/Emcraft/STM32CubeH7/Projects/STM32H7_SOM/Applications/FreeRTOS/freertos_stm32h750/Src/i2c_drvr.c:286:6:I2C2_EV_IRQHandler	8	static
/home/usepat/Emcraft/STM32CubeH7/Projects/STM32H7_SOM/Applications/FreeRTOS/freertos_stm32h750/Src/i2c_drvr.c:291:6:I2C2_ER_IRQHandler	8	static
/home/usepat/Emcraft/STM32CubeH7/Projects/STM32H7_SOM/Applications/FreeRTOS/freertos_stm32h750/Src/i2c_drvr.c:296:6:I2C3_EV_IRQHandler	8	static
/home/usepat/Emcraft/STM32CubeH7/Projects/STM32H7_SOM/Applications/FreeRTOS/freertos_stm32h750/Src/i2c_drvr.c:301:6:I2C3_ER_IRQHandler	8	static
/home/usepat/Emcraft/STM32CubeH7/Projects/STM32H7_SOM/Applications/FreeRTOS/freertos_stm32h750/Src/i2c_drvr.c:306:6:I2C4_EV_IRQHandler	8	static
/home/usepat/Emcraft/STM32CubeH7/Projects/STM32H7_SOM/Applications/FreeRTOS/freertos_stm32h750/Src/i2c_drvr.c:311:6:I2C4_ER_IRQHandler	8	static
