/home/usepat/Emcraft/STM32CubeH7/Projects/STM32H7_SOM/Applications/FreeRTOS/freertos_stm32h750/Src/stm32h7xx_hal_msp.c:66:6:HAL_MspInit	16	static
/home/usepat/Emcraft/STM32CubeH7/Projects/STM32H7_SOM/Applications/FreeRTOS/freertos_stm32h750/Src/stm32h7xx_hal_msp.c:96:6:HAL_ADC_MspInit	80	static
/home/usepat/Emcraft/STM32CubeH7/Projects/STM32H7_SOM/Applications/FreeRTOS/freertos_stm32h750/Src/stm32h7xx_hal_msp.c:235:6:HAL_ADC_MspDeInit	16	static
/home/usepat/Emcraft/STM32CubeH7/Projects/STM32H7_SOM/Applications/FreeRTOS/freertos_stm32h750/Src/stm32h7xx_hal_msp.c:333:6:HAL_I2C_MspInit	56	static
/home/usepat/Emcraft/STM32CubeH7/Projects/STM32H7_SOM/Applications/FreeRTOS/freertos_stm32h750/Src/stm32h7xx_hal_msp.c:392:6:HAL_I2C_MspDeInit	16	static
/home/usepat/Emcraft/STM32CubeH7/Projects/STM32H7_SOM/Applications/FreeRTOS/freertos_stm32h750/Src/stm32h7xx_hal_msp.c:438:6:HAL_LTDC_MspInit	56	static
/home/usepat/Emcraft/STM32CubeH7/Projects/STM32H7_SOM/Applications/FreeRTOS/freertos_stm32h750/Src/stm32h7xx_hal_msp.c:521:6:HAL_DMA2D_MspInit	24	static
/home/usepat/Emcraft/STM32CubeH7/Projects/STM32H7_SOM/Applications/FreeRTOS/freertos_stm32h750/Src/stm32h7xx_hal_msp.c:540:6:HAL_DMA2D_MspDeInit	16	static
/home/usepat/Emcraft/STM32CubeH7/Projects/STM32H7_SOM/Applications/FreeRTOS/freertos_stm32h750/Src/stm32h7xx_hal_msp.c:561:6:HAL_LTDC_MspDeInit	16	static
/home/usepat/Emcraft/STM32CubeH7/Projects/STM32H7_SOM/Applications/FreeRTOS/freertos_stm32h750/Src/stm32h7xx_hal_msp.c:623:6:HAL_QSPI_MspInit	56	static
/home/usepat/Emcraft/STM32CubeH7/Projects/STM32H7_SOM/Applications/FreeRTOS/freertos_stm32h750/Src/stm32h7xx_hal_msp.c:685:6:HAL_QSPI_MspDeInit	16	static
/home/usepat/Emcraft/STM32CubeH7/Projects/STM32H7_SOM/Applications/FreeRTOS/freertos_stm32h750/Src/stm32h7xx_hal_msp.c:721:6:HAL_SD_MspInit	48	static
/home/usepat/Emcraft/STM32CubeH7/Projects/STM32H7_SOM/Applications/FreeRTOS/freertos_stm32h750/Src/stm32h7xx_hal_msp.c:769:6:HAL_SD_MspDeInit	16	static
/home/usepat/Emcraft/STM32CubeH7/Projects/STM32H7_SOM/Applications/FreeRTOS/freertos_stm32h750/Src/stm32h7xx_hal_msp.c:804:6:HAL_SPI_MspInit	48	static
/home/usepat/Emcraft/STM32CubeH7/Projects/STM32H7_SOM/Applications/FreeRTOS/freertos_stm32h750/Src/stm32h7xx_hal_msp.c:849:6:HAL_SPI_MspDeInit	16	static
/home/usepat/Emcraft/STM32CubeH7/Projects/STM32H7_SOM/Applications/FreeRTOS/freertos_stm32h750/Src/stm32h7xx_hal_msp.c:881:6:HAL_TIM_PWM_MspInit	24	static
/home/usepat/Emcraft/STM32CubeH7/Projects/STM32H7_SOM/Applications/FreeRTOS/freertos_stm32h750/Src/stm32h7xx_hal_msp.c:902:6:HAL_TIM_Base_MspInit	24	static
/home/usepat/Emcraft/STM32CubeH7/Projects/STM32H7_SOM/Applications/FreeRTOS/freertos_stm32h750/Src/stm32h7xx_hal_msp.c:917:6:HAL_TIM_MspPostInit	48	static
/home/usepat/Emcraft/STM32CubeH7/Projects/STM32H7_SOM/Applications/FreeRTOS/freertos_stm32h750/Src/stm32h7xx_hal_msp.c:969:6:HAL_TIM_PWM_MspDeInit	16	static
/home/usepat/Emcraft/STM32CubeH7/Projects/STM32H7_SOM/Applications/FreeRTOS/freertos_stm32h750/Src/stm32h7xx_hal_msp.c:990:6:HAL_TIM_Base_MspDeInit	16	static
/home/usepat/Emcraft/STM32CubeH7/Projects/STM32H7_SOM/Applications/FreeRTOS/freertos_stm32h750/Src/stm32h7xx_hal_msp.c:1011:6:HAL_UART_MspInit	64	static
/home/usepat/Emcraft/STM32CubeH7/Projects/STM32H7_SOM/Applications/FreeRTOS/freertos_stm32h750/Src/stm32h7xx_hal_msp.c:1094:6:HAL_UART_MspDeInit	16	static
/home/usepat/Emcraft/STM32CubeH7/Projects/STM32H7_SOM/Applications/FreeRTOS/freertos_stm32h750/Src/stm32h7xx_hal_msp.c:1158:6:HAL_HCD_MspInit	48	static
/home/usepat/Emcraft/STM32CubeH7/Projects/STM32H7_SOM/Applications/FreeRTOS/freertos_stm32h750/Src/stm32h7xx_hal_msp.c:1197:6:HAL_HCD_MspDeInit	16	static
/home/usepat/Emcraft/STM32CubeH7/Projects/STM32H7_SOM/Applications/FreeRTOS/freertos_stm32h750/Src/stm32h7xx_hal_msp.c:1224:13:HAL_FMC_MspInit	32	static
/home/usepat/Emcraft/STM32CubeH7/Projects/STM32H7_SOM/Applications/FreeRTOS/freertos_stm32h750/Src/stm32h7xx_hal_msp.c:1354:6:HAL_SDRAM_MspInit	16	static
/home/usepat/Emcraft/STM32CubeH7/Projects/STM32H7_SOM/Applications/FreeRTOS/freertos_stm32h750/Src/stm32h7xx_hal_msp.c:1366:13:HAL_FMC_MspDeInit	8	static
/home/usepat/Emcraft/STM32CubeH7/Projects/STM32H7_SOM/Applications/FreeRTOS/freertos_stm32h750/Src/stm32h7xx_hal_msp.c:1465:6:HAL_SDRAM_MspDeInit	16	static
