/home/usepat/Emcraft/STM32CubeH7/Projects/STM32H7_SOM/Applications/FreeRTOS/freertos_stm32h750/Src/stm32h7xx_hal_timebase_tim.c:63:19:HAL_InitTick	72	static
/home/usepat/Emcraft/STM32CubeH7/Projects/STM32H7_SOM/Applications/FreeRTOS/freertos_stm32h750/Src/stm32h7xx_hal_timebase_tim.c:127:6:HAL_SuspendTick	4	static
/home/usepat/Emcraft/STM32CubeH7/Projects/STM32H7_SOM/Applications/FreeRTOS/freertos_stm32h750/Src/stm32h7xx_hal_timebase_tim.c:139:6:HAL_ResumeTick	4	static
/home/usepat/Emcraft/STM32CubeH7/Projects/STM32H7_SOM/Applications/FreeRTOS/freertos_stm32h750/Src/stm32h7xx_hal_timebase_tim.c:153:6:HAL_TIM_PeriodElapsedCallback	16	static
/home/usepat/Emcraft/STM32CubeH7/Projects/STM32H7_SOM/Applications/FreeRTOS/freertos_stm32h750/Src/stm32h7xx_hal_timebase_tim.c:163:6:TIM6_DAC_IRQHandler	8	static
