
Discarded input sections

 .data          0x0000000000000000        0x0 arch/arm/cpu/armv7m/start.o
 .bss           0x0000000000000000        0x0 arch/arm/cpu/armv7m/start.o
 .text          0x0000000000000000        0x0 arch/arm/mach-stm32/built-in.o
 .data          0x0000000000000000        0x0 arch/arm/mach-stm32/built-in.o
 .bss           0x0000000000000000        0x0 arch/arm/mach-stm32/built-in.o
 .text          0x0000000000000000        0x0 arch/arm/cpu/armv7m/built-in.o
 .text.cleanup_before_linux
                0x0000000000000000       0x1a arch/arm/cpu/armv7m/built-in.o
 .text.action_dcache_all
                0x0000000000000000       0x5c arch/arm/cpu/armv7m/built-in.o
 .text.dcache_status
                0x0000000000000000       0x12 arch/arm/cpu/armv7m/built-in.o
 .text.dcache_enable
                0x0000000000000000       0x38 arch/arm/cpu/armv7m/built-in.o
 .text.dcache_disable
                0x0000000000000000       0x38 arch/arm/cpu/armv7m/built-in.o
 .text.invalidate_dcache_range
                0x0000000000000000       0x3a arch/arm/cpu/armv7m/built-in.o
 .text.flush_dcache_all
                0x0000000000000000       0x1c arch/arm/cpu/armv7m/built-in.o
 .text.invalidate_dcache_all
                0x0000000000000000       0x1c arch/arm/cpu/armv7m/built-in.o
 .text.invalidate_icache_all
                0x0000000000000000       0x18 arch/arm/cpu/armv7m/built-in.o
 .text.icache_status
                0x0000000000000000       0x12 arch/arm/cpu/armv7m/built-in.o
 .text.icache_enable
                0x0000000000000000       0x26 arch/arm/cpu/armv7m/built-in.o
 .text.icache_disable
                0x0000000000000000       0x22 arch/arm/cpu/armv7m/built-in.o
 .text.enable_caches
                0x0000000000000000        0xe arch/arm/cpu/armv7m/built-in.o
 .rodata.dcache_enable.str1.1
                0x0000000000000000       0x1a arch/arm/cpu/armv7m/built-in.o
 .rodata.dcache_disable.str1.1
                0x0000000000000000       0x1a arch/arm/cpu/armv7m/built-in.o
 .rodata.invalidate_dcache_all.str1.1
                0x0000000000000000       0x1e arch/arm/cpu/armv7m/built-in.o
 .rodata.CSWTCH.2
                0x0000000000000000       0x18 arch/arm/cpu/armv7m/built-in.o
 .data          0x0000000000000000        0x0 arch/arm/cpu/armv7m/built-in.o
 .bss           0x0000000000000000        0x0 arch/arm/cpu/armv7m/built-in.o
 .text.setjmp   0x0000000000000000        0xc arch/arm/lib/built-in.o
 .text.longjmp  0x0000000000000000       0x14 arch/arm/lib/built-in.o
 .text.bootz_setup
                0x0000000000000000       0x6c arch/arm/lib/built-in.o
 .text.arch_fixup_fdt
                0x0000000000000000       0x24 arch/arm/lib/built-in.o
 .text.arch_reserve_stacks
                0x0000000000000000       0x16 arch/arm/lib/built-in.o
 .text.interrupt_init
                0x0000000000000000        0x4 arch/arm/lib/built-in.o
 .text.enable_interrupts
                0x0000000000000000        0x2 arch/arm/lib/built-in.o
 .text.enable_caches
                0x0000000000000000        0xc arch/arm/lib/built-in.o
 .text.invalidate_dcache_range
                0x0000000000000000        0x2 arch/arm/lib/built-in.o
 .text.flush_dcache_range
                0x0000000000000000        0x2 arch/arm/lib/built-in.o
 .text.flush_dcache_all
                0x0000000000000000        0xa arch/arm/lib/built-in.o
 .text.check_cache_range
                0x0000000000000000        0xe arch/arm/lib/built-in.o
 .text.invalidate_l2_cache
                0x0000000000000000        0xc arch/arm/lib/built-in.o
 .text.fdt_psci
                0x0000000000000000        0x4 arch/arm/lib/built-in.o
 .rodata.enable_caches.str1.1
                0x0000000000000000       0x1d arch/arm/lib/built-in.o
 .data          0x0000000000000000        0x0 arch/arm/lib/built-in.o
 .__bss_end     0x0000000000000000        0x0 arch/arm/lib/built-in.o
 .__bss_start   0x0000000000000000        0x0 arch/arm/lib/built-in.o
 .__efi_runtime_rel_start
                0x0000000000000000        0x0 arch/arm/lib/built-in.o
 .__efi_runtime_rel_stop
                0x0000000000000000        0x0 arch/arm/lib/built-in.o
 .__efi_runtime_start
                0x0000000000000000        0x0 arch/arm/lib/built-in.o
 .__efi_runtime_stop
                0x0000000000000000        0x0 arch/arm/lib/built-in.o
 .__end         0x0000000000000000        0x0 arch/arm/lib/built-in.o
 .__image_copy_end
                0x0000000000000000        0x0 arch/arm/lib/built-in.o
 .__image_copy_start
                0x0000000000000000        0x0 arch/arm/lib/built-in.o
 .__rel_dyn_end
                0x0000000000000000        0x0 arch/arm/lib/built-in.o
 .__rel_dyn_start
                0x0000000000000000        0x0 arch/arm/lib/built-in.o
 .__secure_end  0x0000000000000000        0x0 arch/arm/lib/built-in.o
 .__secure_stack_end
                0x0000000000000000        0x0 arch/arm/lib/built-in.o
 .__secure_stack_start
[...]
Memory Configuration

Name             Origin             Length             Attributes
*default*        0x0000000000000000 0xffffffffffffffff

Linker script and memory map

                0x0000000000000000                . = 0x0
                0x0000000000000000                . = ALIGN (0x4)

.text           0x0000000008000000     0x9278
                0x0000000008000000                __image_copy_start = .
 *(.vectors)
 .vectors       0x0000000008000000      0x3fc arch/arm/lib/built-in.o
                0x0000000008000000                _start
 arch/arm/cpu/armv7m/start.o(.text*)
 .text          0x00000000080003fc        0x6 arch/arm/cpu/armv7m/start.o
                0x00000000080003fc                reset
                0x0000000008000400                c_runtime_cpu_setup
 *(.text*)
 *fill*         0x0000000008000402        0x2 
 .text.arch_cpu_init
                0x0000000008000404       0x38 arch/arm/mach-stm32/built-in.o
                0x0000000008000404                arch_cpu_init
 .text.stm32_syscon_probe
                0x000000000800043c       0x44 arch/arm/mach-stm32/built-in.o
 .text.reset_cpu
                0x0000000008000480       0x24 arch/arm/cpu/armv7m/built-in.o
                0x0000000008000480                reset_cpu
 .text.get_cline_size
                0x00000000080004a4       0x34 arch/arm/cpu/armv7m/built-in.o
 .text.flush_dcache_range
                0x00000000080004d8       0x3a arch/arm/cpu/armv7m/built-in.o
                0x00000000080004d8                flush_dcache_range
 .text.disable_mpu
                0x0000000008000512       0x10 arch/arm/cpu/armv7m/built-in.o
                0x0000000008000512                disable_mpu
 .text.enable_mpu
                0x0000000008000522       0x18 arch/arm/cpu/armv7m/built-in.o
                0x0000000008000522                enable_mpu
 *fill*         0x000000000800053a        0x2 
 .text.mpu_config
                0x000000000800053c       0x4c arch/arm/cpu/armv7m/built-in.o
                0x000000000800053c                mpu_config
 *fill*         0x0000000008000588       0x18 
 .text          0x00000000080005a0      0x384 arch/arm/lib/built-in.o
                0x00000000080005c0                _main
                0x0000000008000620                memset
                0x00000000080006c0                memcpy
 .text.board_init_f
                0x0000000008000924        0x2 arch/arm/lib/built-in.o
                0x0000000008000924                board_init_f
 .text.disable_interrupts
                0x0000000008000926        0x4 arch/arm/lib/built-in.o
                0x0000000008000926                disable_interrupts
 *fill*         0x000000000800092a        0x2 
 .text.dump_regs
                0x000000000800092c       0x30 arch/arm/lib/built-in.o
                0x000000000800092c                dump_regs
 .text.bad_mode
                0x000000000800095c        0xc arch/arm/lib/built-in.o
                0x000000000800095c                bad_mode
 .text.do_hard_fault
                0x0000000008000968       0x18 arch/arm/lib/built-in.o
                0x0000000008000968                do_hard_fault
 .text.do_mm_fault
                0x0000000008000980       0x18 arch/arm/lib/built-in.o
                0x0000000008000980                do_mm_fault
 .text.do_bus_fault
                0x0000000008000998       0x18 arch/arm/lib/built-in.o
                0x0000000008000998                do_bus_fault
 .text.do_usage_fault
                0x00000000080009b0       0x18 arch/arm/lib/built-in.o
                0x00000000080009b0                do_usage_fault
 .text.do_invalid_entry
                0x00000000080009c8       0x18 arch/arm/lib/built-in.o
                0x00000000080009c8                do_invalid_entry
 .text.reset_misc
                0x00000000080009e0        0x2 arch/arm/lib/built-in.o
                0x00000000080009e0                reset_misc
 *fill*         0x00000000080009e2        0x2 
 .text.do_reset
                0x00000000080009e4       0x28 arch/arm/lib/built-in.o
                0x00000000080009e4                do_reset
 .text.flush_cache
                0x0000000008000a0c        0x6 arch/arm/lib/built-in.o
                0x0000000008000a0c                flush_cache
 *fill*         0x0000000008000a12        0x2 
 .text.dram_init
                0x0000000008000a14       0xac board/emcraft/stm32h7-som/built-in.o
                0x0000000008000a14                dram_init
 .text.spl_board_init
                0x0000000008000ac0       0x16 board/emcraft/stm32h7-som/built-in.o
                0x0000000008000ac0                spl_board_init
 .text.spl_boot_device
                0x0000000008000ad6        0x4 board/emcraft/stm32h7-som/built-in.o
                0x0000000008000ad6                spl_boot_device
 .text.show_boot_progress
                0x0000000008000ada        0x2 common/spl/built-in.o
                0x0000000008000ada                show_boot_progress
 .text.spl_common_init.constprop.0
                0x0000000008000adc       0x28 common/spl/built-in.o
 .text.spl_perform_fixups
                0x0000000008000b04        0x2 common/spl/built-in.o
                0x0000000008000b04                spl_perform_fixups
 .text.spl_board_prepare_for_boot
                0x0000000008000b06        0x2 common/spl/built-in.o
                0x0000000008000b06                spl_board_prepare_for_boot
 .text.spl_get_load_buffer
                0x0000000008000b08        0xa common/spl/built-in.o
                0x0000000008000b08                spl_get_load_buffer
 *fill*         0x0000000008000b12        0x2 
 .text.spl_parse_image_header
                0x0000000008000b14       0x74 common/spl/built-in.o
                0x0000000008000b14                spl_parse_image_header
 .text.jump_to_image_no_args
                0x0000000008000b88        0x6 common/spl/built-in.o
                0x0000000008000b88                jump_to_image_no_args
 *fill*         0x0000000008000b8e        0x2 
 .text.spl_set_bd
                0x0000000008000b90       0x14 common/spl/built-in.o
                0x0000000008000b90                spl_set_bd
 .text.spl_init
                0x0000000008000ba4       0x24 common/spl/built-in.o
                0x0000000008000ba4                spl_init
 .text.board_boot_order
                0x0000000008000bc8        0xc common/spl/built-in.o
                0x0000000008000bc8                board_boot_order
 .text.board_init_r
                0x0000000008000bd4      0x114 common/spl/built-in.o
                0x0000000008000bd4                board_init_r
 .text.preloader_console_init
                0x0000000008000ce8       0x24 common/spl/built-in.o
                0x0000000008000ce8                preloader_console_init
 .text.spl_relocate_stack_gd
                0x0000000008000d0c        0x4 common/spl/built-in.o
                0x0000000008000d0c                spl_relocate_stack_gd
 .text.spl_spi_load_image
                0x0000000008000d10       0x88 common/spl/built-in.o
 .text.shellexit
                0x0000000008000d98        0xc common/spl/built-in.o
 .text.shellClearCtrlC
                0x0000000008000da4        0xc common/spl/built-in.o
 .text.shell_nprintf
                0x0000000008000db0       0x44 common/spl/built-in.o
 .text.shell_snprintf
                0x0000000008000df4       0x1a common/spl/built-in.o
 *fill*         0x0000000008000e0e        0x2 
 .text.shell_getArgumentList.part.0
                0x0000000008000e10      0x22c common/spl/built-in.o
 .text.shellInput.constprop.0
                0x000000000800103c       0x26 common/spl/built-in.o
 .text.shell_puts.isra.0
                0x0000000008001062       0x3c common/spl/built-in.o
 *fill*         0x000000000800109e        0x2 
 .text.shellRegister4
                0x00000000080010a0       0x4c common/spl/built-in.o
 .text.shellRegister2
                0x00000000080010ec       0x50 common/spl/built-in.o
 .text.shellRegister1
                0x000000000800113c       0x48 common/spl/built-in.o
 .text.shellloadb
                0x0000000008001184       0x58 common/spl/built-in.o
 .text.shellgo  0x00000000080011dc       0x34 common/spl/built-in.o
 .text.shellDumpMemory
                0x0000000008001210      0x1c4 common/spl/built-in.o
 .text.shellShowHelp
                0x00000000080013d4       0x48 common/spl/built-in.o
 .text.shellDumpMemory4
                0x000000000800141c      0x15c common/spl/built-in.o
 .text.spl_shell
                0x0000000008001578      0x424 common/spl/built-in.o
                0x0000000008001578                spl_shell
 .text.shell_addCommand
                0x000000000800199c       0x92 common/spl/built-in.o
                0x000000000800199c                shell_addCommand
 *fill*         0x0000000008001a2e        0x2 
 .text.spl_shell_init
                0x0000000008001a30      0x160 common/spl/built-in.o
                0x0000000008001a30                spl_shell_init
 .text.shell_scanf_detail
                0x0000000008001b90      0x168 common/spl/built-in.o
                0x0000000008001b90                shell_scanf_detail
 .text.shellEditMemory
                0x0000000008001cf8      0x144 common/spl/built-in.o
 .text.bin_data_init
                0x0000000008001e3c       0x16 common/spl/built-in.o
 .text.k_data_save
                0x0000000008001e52       0x26 common/spl/built-in.o
 .text.k_data_restore
                0x0000000008001e78       0x26 common/spl/built-in.o
 .text.chk1     0x0000000008001e9e       0x1a common/spl/built-in.o
 .text.s1_sendpacket
                0x0000000008001eb8       0x2e common/spl/built-in.o
 .text.bin_data_char
                0x0000000008001ee6       0x16 common/spl/built-in.o
 .text.spl_kermit_init
                0x0000000008001efc       0x34 common/spl/built-in.o
                0x0000000008001efc                spl_kermit_init
 .text.spl_kermit_load_binary
                0x0000000008001f30      0x548 common/spl/built-in.o
                0x0000000008001f30                spl_kermit_load_binary
 .text.board_init_f_alloc_reserve
                0x0000000008002478        0xc common/init/built-in.o
                0x0000000008002478                board_init_f_alloc_reserve
 .text.board_init_f_init_reserve
                0x0000000008002484       0x14 common/init/built-in.o
                0x0000000008002484                board_init_f_init_reserve
 .text.of_bus_default_map
                0x0000000008002498       0x70 common/built-in.o
 .text.of_bus_default_translate
                0x0000000008002508       0x66 common/built-in.o
 *fill*         0x000000000800256e        0x2 
 .text.fdt_support_default_count_cells
                0x0000000008002570       0x34 common/built-in.o
                0x0000000008002570                fdt_support_default_count_cells
 .text.fdt_translate_address
                0x00000000080025a4      0x174 common/built-in.o
                0x00000000080025a4                fdt_translate_address
 .text.fgetc.part.0
                0x0000000008002718       0x24 common/built-in.o
 .text.getc     0x000000000800273c       0x1a common/built-in.o
                0x000000000800273c                getc
 *fill*         0x0000000008002756        0x2 
 .text.puts     0x0000000008002758       0x28 common/built-in.o
                0x0000000008002758                puts
 .text.putc     0x0000000008002780       0x28 common/built-in.o
                0x0000000008002780                putc
 .text.ftstc    0x00000000080027a8       0x18 common/built-in.o
                0x00000000080027a8                ftstc
 .text.tstc     0x00000000080027c0       0x1a common/built-in.o
                0x00000000080027c0                tstc
 .text.alloc_simple
                0x00000000080027da       0x36 common/built-in.o
 .text.malloc_simple
                0x0000000008002810        0x6 common/built-in.o
                0x0000000008002810                malloc_simple
 .text.memalign_simple
                0x0000000008002816        0xa common/built-in.o
                0x0000000008002816                memalign_simple
 .text.calloc   0x0000000008002820       0x1a common/built-in.o
                0x0000000008002820                calloc
 .text.image_check_hcrc
                0x000000000800283a       0x2a common/built-in.o
                0x000000000800283a                image_check_hcrc
 .text.fdt_check_header
                0x0000000008002864       0x4c lib/built-in.o
                0x0000000008002864                fdt_check_header
 .text.fdt_offset_ptr
                0x00000000080028b0       0x32 lib/built-in.o
                0x00000000080028b0                fdt_offset_ptr
 *fill*         0x00000000080028e2        0x2 
 .text.fdt_next_tag
                0x00000000080028e4       0xc0 lib/built-in.o
                0x00000000080028e4                fdt_next_tag
 .text.fdt_check_node_offset_
                0x00000000080029a4       0x24 lib/built-in.o
                0x00000000080029a4                fdt_check_node_offset_
 .text.fdt_check_prop_offset_
                0x00000000080029c8       0x24 lib/built-in.o
                0x00000000080029c8                fdt_check_prop_offset_
 .text.fdt_next_node
                0x00000000080029ec       0x6e lib/built-in.o
                0x00000000080029ec                fdt_next_node
 .text.fdt_first_subnode
                0x0000000008002a5a       0x26 lib/built-in.o
                0x0000000008002a5a                fdt_first_subnode
 .text.fdt_next_subnode
                0x0000000008002a80       0x2a lib/built-in.o
                0x0000000008002a80                fdt_next_subnode
 *fill*         0x0000000008002aaa        0x2 
 .text.fdt_address_cells
                0x0000000008002aac       0x34 lib/built-in.o
                0x0000000008002aac                fdt_address_cells
 .text.fdt_size_cells
                0x0000000008002ae0       0x34 lib/built-in.o
                0x0000000008002ae0                fdt_size_cells
 .text.fdt_path_next_separator
                0x0000000008002b14       0x2a lib/built-in.o
 .text._nextprop
                0x0000000008002b3e       0x32 lib/built-in.o
 .text.fdt_string
                0x0000000008002b70        0xa lib/built-in.o
                0x0000000008002b70                fdt_string
 .text.fdt_subnode_offset_namelen
                0x0000000008002b7a       0x84 lib/built-in.o
                0x0000000008002b7a                fdt_subnode_offset_namelen
 .text.fdt_subnode_offset
                0x0000000008002bfe       0x1e lib/built-in.o
                0x0000000008002bfe                fdt_subnode_offset
 .text.fdt_get_name
                0x0000000008002c1c       0x3e lib/built-in.o
                0x0000000008002c1c                fdt_get_name
 .text.fdt_first_property_offset
                0x0000000008002c5a       0x18 lib/built-in.o
                0x0000000008002c5a                fdt_first_property_offset
 .text.fdt_next_property_offset
                0x0000000008002c72       0x18 lib/built-in.o
                0x0000000008002c72                fdt_next_property_offset
 .text.fdt_get_property_by_offset
                0x0000000008002c8a       0x30 lib/built-in.o
                0x0000000008002c8a                fdt_get_property_by_offset
 .text.fdt_get_property_namelen
                0x0000000008002cba       0x7c lib/built-in.o
                0x0000000008002cba                fdt_get_property_namelen
 .text.fdt_getprop_namelen
                0x0000000008002d36       0x12 lib/built-in.o
                0x0000000008002d36                fdt_getprop_namelen
 .text.fdt_getprop_by_offset
                0x0000000008002d48       0x24 lib/built-in.o
                0x0000000008002d48                fdt_getprop_by_offset
 .text.fdt_getprop
                0x0000000008002d6c       0x22 lib/built-in.o
                0x0000000008002d6c                fdt_getprop
 *fill*         0x0000000008002d8e        0x2 
 .text.fdt_get_phandle
                0x0000000008002d90       0x40 lib/built-in.o
                0x0000000008002d90                fdt_get_phandle
 .text.fdt_get_alias_namelen
                0x0000000008002dd0       0x2c lib/built-in.o
                0x0000000008002dd0                fdt_get_alias_namelen
 .text.fdt_path_offset_namelen
                0x0000000008002dfc       0x8e lib/built-in.o
                0x0000000008002dfc                fdt_path_offset_namelen
 .text.fdt_path_offset
                0x0000000008002e8a       0x1a lib/built-in.o
                0x0000000008002e8a                fdt_path_offset
 .text.fdt_supernode_atdepth_offset
                0x0000000008002ea4       0x68 lib/built-in.o
                0x0000000008002ea4                fdt_supernode_atdepth_offset
 .text.fdt_node_depth
                0x0000000008002f0c       0x1e lib/built-in.o
                0x0000000008002f0c                fdt_node_depth
 .text.fdt_parent_offset
                0x0000000008002f2a       0x20 lib/built-in.o
                0x0000000008002f2a                fdt_parent_offset
 .text.fdt_node_offset_by_prop_value
                0x0000000008002f4a       0x58 lib/built-in.o
                0x0000000008002f4a                fdt_node_offset_by_prop_value
 .text.fdt_node_offset_by_phandle
                0x0000000008002fa2       0x42 lib/built-in.o
                0x0000000008002fa2                fdt_node_offset_by_phandle
 .text.fdt_stringlist_contains
                0x0000000008002fe4       0x46 lib/built-in.o
                0x0000000008002fe4                fdt_stringlist_contains
 .text.fdt_stringlist_search
                0x000000000800302a       0x66 lib/built-in.o
                0x000000000800302a                fdt_stringlist_search
 .text.fdt_node_check_compatible
                0x0000000008003090       0x28 lib/built-in.o
                0x0000000008003090                fdt_node_check_compatible
 .text.fdtdec_get_int
                0x00000000080030b8       0x1c lib/built-in.o
                0x00000000080030b8                fdtdec_get_int
 .text.get_prop_check_min_len
                0x00000000080030d4       0x26 lib/built-in.o
 *fill*         0x00000000080030fa        0x2 
 .text.fdtdec_get_is_enabled
                0x00000000080030fc       0x28 lib/built-in.o
                0x00000000080030fc                fdtdec_get_is_enabled
 .text.get_next_memory_node
                0x0000000008003124       0x38 lib/built-in.o
 .text.fdtdec_get_alias_seq
                0x000000000800315c       0xac lib/built-in.o
                0x000000000800315c                fdtdec_get_alias_seq
 .text.fdtdec_get_chosen_prop
                0x0000000008003208       0x24 lib/built-in.o
                0x0000000008003208                fdtdec_get_chosen_prop
 .text.fdtdec_get_chosen_node
                0x000000000800322c       0x1c lib/built-in.o
                0x000000000800322c                fdtdec_get_chosen_node
 .text.fdtdec_prepare_fdt
                0x0000000008003248       0x30 lib/built-in.o
                0x0000000008003248                fdtdec_prepare_fdt
 .text.fdtdec_get_int_array
                0x0000000008003278       0x36 lib/built-in.o
                0x0000000008003278                fdtdec_get_int_array
 .text.fdtdec_get_int_array_count
                0x00000000080032ae       0x38 lib/built-in.o
                0x00000000080032ae                fdtdec_get_int_array_count
 .text.fdtdec_get_bool
                0x00000000080032e6       0x14 lib/built-in.o
                0x00000000080032e6                fdtdec_get_bool
 .text.fdtdec_parse_phandle_with_args
                0x00000000080032fa       0xc8 lib/built-in.o
                0x00000000080032fa                fdtdec_parse_phandle_with_args
 .text.fdtdec_locate_byte_array
                0x00000000080033c2       0x16 lib/built-in.o
                0x00000000080033c2                fdtdec_locate_byte_array
 .text.fdtdec_get_config_int
                0x00000000080033d8       0x28 lib/built-in.o
                0x00000000080033d8                fdtdec_get_config_int
 .text.fdtdec_get_number
                0x0000000008003400       0x1a lib/built-in.o
                0x0000000008003400                fdtdec_get_number
 .text.fdtdec_get_addr_size_fixed
                0x000000000800341a       0x6c lib/built-in.o
                0x000000000800341a                fdtdec_get_addr_size_fixed
 .text.fdt_get_resource
                0x0000000008003486       0x92 lib/built-in.o
                0x0000000008003486                fdt_get_resource
 .text.fdtdec_setup_mem_size_base
                0x0000000008003518       0x48 lib/built-in.o
                0x0000000008003518                fdtdec_setup_mem_size_base
 .text.fdtdec_setup_memory_banksize
                0x0000000008003560       0x78 lib/built-in.o
                0x0000000008003560                fdtdec_setup_memory_banksize
 .text.board_fdt_blob_setup
                0x00000000080035d8        0x8 lib/built-in.o
                0x00000000080035d8                board_fdt_blob_setup
 .text.fdtdec_setup
                0x00000000080035e0       0x12 lib/built-in.o
                0x00000000080035e0                fdtdec_setup
 *fill*         0x00000000080035f2        0x2 
 .text.crc32_no_comp
                0x00000000080035f4       0x90 lib/built-in.o
                0x00000000080035f4                crc32_no_comp
 .text.crc32    0x0000000008003684        0xc lib/built-in.o
                0x0000000008003684                crc32
 .text.crc32_wd
                0x0000000008003690        0x4 lib/built-in.o
                0x0000000008003690                crc32_wd
 .text.__div64_32
                0x0000000008003694       0x74 lib/built-in.o
                0x0000000008003694                __div64_32
 .text.hang     0x0000000008003708       0x18 lib/built-in.o
                0x0000000008003708                hang
 .text.strcpy   0x0000000008003720       0x10 lib/built-in.o
                0x0000000008003720                strcpy
 .text.strncpy  0x0000000008003730       0x18 lib/built-in.o
                0x0000000008003730                strncpy
 .text.strcmp   0x0000000008003748       0x16 lib/built-in.o
                0x0000000008003748                strcmp
 .text.strncmp  0x000000000800375e       0x22 lib/built-in.o
                0x000000000800375e                strncmp
 .text.strchr   0x0000000008003780       0x1a lib/built-in.o
                0x0000000008003780                strchr
 .text.strlen   0x000000000800379a       0x10 lib/built-in.o
                0x000000000800379a                strlen
 .text.strrchr  0x00000000080037aa       0x20 lib/built-in.o
                0x00000000080037aa                strrchr
 .text.strnlen  0x00000000080037ca       0x18 lib/built-in.o
                0x00000000080037ca                strnlen
 .text.strdup   0x00000000080037e2       0x22 lib/built-in.o
                0x00000000080037e2                strdup
 .text.strpbrk  0x0000000008003804       0x22 lib/built-in.o
                0x0000000008003804                strpbrk
 .text.strsep   0x0000000008003826       0x1c lib/built-in.o
                0x0000000008003826                strsep
 .text.memmove  0x0000000008003842       0x26 lib/built-in.o
                0x0000000008003842                memmove
 .text.memcmp   0x0000000008003868       0x1e lib/built-in.o
                0x0000000008003868                memcmp
 .text.memchr   0x0000000008003886       0x1c lib/built-in.o
                0x0000000008003886                memchr
 .text.get_tbclk
                0x00000000080038a2       0x1c lib/built-in.o
                0x00000000080038a2                get_tbclk
 .text.tick_to_time
                0x00000000080038be       0x38 lib/built-in.o
 .text.get_ticks
                0x00000000080038f6       0x2a lib/built-in.o
                0x00000000080038f6                get_ticks
 .text.timer_init
                0x0000000008003920        0x4 lib/built-in.o
                0x0000000008003920                timer_init
 .text.get_timer
                0x0000000008003924       0x10 lib/built-in.o
                0x0000000008003924                get_timer
 .text.__udelay
                0x0000000008003934       0x84 lib/built-in.o
                0x0000000008003934                __udelay
 .text.udelay   0x00000000080039b8       0x20 lib/built-in.o
                0x00000000080039b8                udelay
 .text.uuid_bin_to_str
                0x00000000080039d8       0x74 lib/built-in.o
                0x00000000080039d8                uuid_bin_to_str
 .text.panic_finish
                0x0000000008003a4c       0x20 lib/built-in.o
 .text.panic_str
                0x0000000008003a6c        0xa lib/built-in.o
                0x0000000008003a6c                panic_str
 .text.panic    0x0000000008003a76       0x14 lib/built-in.o
                0x0000000008003a76                panic
 .text.put_dec_trunc
                0x0000000008003a8a       0x94 lib/built-in.o
 *fill*         0x0000000008003b1e        0x2 
 .text.put_dec  0x0000000008003b20      0x11c lib/built-in.o
 .text.number   0x0000000008003c3c      0x204 lib/built-in.o
 .text.string   0x0000000008003e40       0x9c lib/built-in.o
 .text.vsnprintf_internal
                0x0000000008003edc      0x4ec lib/built-in.o
 .text.vsnprintf
                0x00000000080043c8        0x4 lib/built-in.o
                0x00000000080043c8                vsnprintf
 .text.vscnprintf
                0x00000000080043cc       0x16 lib/built-in.o
                0x00000000080043cc                vscnprintf
 .text.snprintf
                0x00000000080043e2       0x1a lib/built-in.o
                0x00000000080043e2                snprintf
 .text.vsprintf
                0x00000000080043fc        0xc lib/built-in.o
                0x00000000080043fc                vsprintf
 .text.sprintf  0x0000000008004408       0x1a lib/built-in.o
                0x0000000008004408                sprintf
 .text.printf   0x0000000008004422       0x2e lib/built-in.o
                0x0000000008004422                printf
 .text.vprintf  0x0000000008004450       0x22 lib/built-in.o
                0x0000000008004450                vprintf
 *fill*         0x0000000008004472        0x2 
 .text._parse_integer_fixup_radix
                0x0000000008004474       0x5c lib/built-in.o
 .text.simple_strtoul
                0x00000000080044d0       0x50 lib/built-in.o
                0x00000000080044d0                simple_strtoul
 .text.strict_strtoul
                0x0000000008004520       0x42 lib/built-in.o
                0x0000000008004520                strict_strtoul
 *fill*         0x0000000008004562        0x2 
 .text.trailing_strtoln
                0x0000000008004564       0x44 lib/built-in.o
                0x0000000008004564                trailing_strtoln
 .text.trailing_strtol
                0x00000000080045a8        0x6 lib/built-in.o
                0x00000000080045a8                trailing_strtol
 *fill*         0x00000000080045ae        0x2 
 .text.part_init
                0x00000000080045b0       0x2c disk/built-in.o
                0x00000000080045b0                part_init
 .text.test_block_type
                0x00000000080045dc       0x4c disk/built-in.o
 .text.part_test_dos
                0x0000000008004628       0x40 disk/built-in.o
 .text.part_test_efi
                0x0000000008004668       0x72 disk/built-in.o
 .text.clk_request
                0x00000000080046da       0x14 drivers/built-in.o
                0x00000000080046da                clk_request
 *fill*         0x00000000080046ee        0x2 
 .text.clk_get_by_indexed_prop
                0x00000000080046f0       0x60 drivers/built-in.o
 .text.clk_get_by_index
                0x0000000008004750       0x10 drivers/built-in.o
                0x0000000008004750                clk_get_by_index
 .text.clk_get_by_name
                0x0000000008004760       0x2c drivers/built-in.o
                0x0000000008004760                clk_get_by_name
 .text.clk_free
                0x000000000800478c       0x10 drivers/built-in.o
                0x000000000800478c                clk_free
 .text.clk_get_rate
                0x000000000800479c       0x12 drivers/built-in.o
                0x000000000800479c                clk_get_rate
 .text.clk_set_rate
                0x00000000080047ae       0x12 drivers/built-in.o
                0x00000000080047ae                clk_set_rate
 .text.clk_set_parent
                0x00000000080047c0       0x12 drivers/built-in.o
                0x00000000080047c0                clk_set_parent
 *fill*         0x00000000080047d2        0x2 
 .text.clk_set_defaults
                0x00000000080047d4       0xdc drivers/built-in.o
                0x00000000080047d4                clk_set_defaults
 .text.clk_enable
                0x00000000080048b0       0x12 drivers/built-in.o
                0x00000000080048b0                clk_enable
 .text.clk_disable
                0x00000000080048c2       0x12 drivers/built-in.o
                0x00000000080048c2                clk_disable
 .text.clk_fixed_rate_ofdata_to_platdata
                0x00000000080048d4       0x20 drivers/built-in.o
 .text.clk_fixed_rate_get_rate
                0x00000000080048f4       0x16 drivers/built-in.o
 .text.clk_fixed_factor_get_rate
                0x000000000800490a       0x2c drivers/built-in.o
 *fill*         0x0000000008004936        0x2 
 .text.clk_fixed_factor_ofdata_to_platdata
                0x0000000008004938       0x3c drivers/built-in.o
 .text.stm32_clk_set_rate
                0x0000000008004974        0x4 drivers/built-in.o
 .text.stm32_clk_of_xlate
                0x0000000008004978       0x1c drivers/built-in.o
 .text.stm32_clk_enable
                0x0000000008004994       0x30 drivers/built-in.o
 .text.stm32_get_apb_psc.isra.0
                0x00000000080049c4       0x44 drivers/built-in.o
 .text.stm32_get_timer_rate.isra.0
                0x0000000008004a08       0x88 drivers/built-in.o
 .text.stm32_get_rate
                0x0000000008004a90       0x7c drivers/built-in.o
 .text.stm32_clk_get_rate
                0x0000000008004b0c      0x194 drivers/built-in.o
 .text.configure_clocks
                0x0000000008004ca0      0x160 drivers/built-in.o
                0x0000000008004ca0                configure_clocks
 .text.stm32_clk_probe
                0x0000000008004e00       0x64 drivers/built-in.o
 .text.alloc_priv
                0x0000000008004e64       0x38 drivers/built-in.o
 .text.device_bind_common.constprop.0
                0x0000000008004e9c      0x18e drivers/built-in.o
 .text.device_bind_with_driver_data
                0x000000000800502a       0x16 drivers/built-in.o
                0x000000000800502a                device_bind_with_driver_data
 .text.device_bind_by_name
                0x0000000008005040       0x44 drivers/built-in.o
                0x0000000008005040                device_bind_by_name
 .text.device_probe
                0x0000000008005084      0x154 drivers/built-in.o
                0x0000000008005084                device_probe
 .text.dev_get_platdata
                0x00000000080051d8        0x6 drivers/built-in.o
                0x00000000080051d8                dev_get_platdata
 .text.dev_get_parent_platdata
                0x00000000080051de        0x6 drivers/built-in.o
                0x00000000080051de                dev_get_parent_platdata
 .text.dev_get_uclass_platdata
                0x00000000080051e4        0x6 drivers/built-in.o
                0x00000000080051e4                dev_get_uclass_platdata
 .text.dev_get_priv
                0x00000000080051ea        0x6 drivers/built-in.o
                0x00000000080051ea                dev_get_priv
 .text.dev_get_uclass_priv
                0x00000000080051f0        0x6 drivers/built-in.o
                0x00000000080051f0                dev_get_uclass_priv
 .text.dev_get_parent_priv
                0x00000000080051f6        0x6 drivers/built-in.o
                0x00000000080051f6                dev_get_parent_priv
 .text.device_find_first_child
                0x00000000080051fc       0x12 drivers/built-in.o
                0x00000000080051fc                device_find_first_child
 .text.device_find_next_child
                0x000000000800520e       0x16 drivers/built-in.o
                0x000000000800520e                device_find_next_child
 .text.dev_get_parent
                0x0000000008005224        0x4 drivers/built-in.o
                0x0000000008005224                dev_get_parent
 .text.dev_get_driver_data
                0x0000000008005228        0x4 drivers/built-in.o
                0x0000000008005228                dev_get_driver_data
 .text.device_get_uclass_id
                0x000000000800522c        0x8 drivers/built-in.o
                0x000000000800522c                device_get_uclass_id
 .text.device_is_compatible
                0x0000000008005234       0x10 drivers/built-in.o
                0x0000000008005234                device_is_compatible
 .text.devfdt_get_addr_index
                0x0000000008005244       0x7c drivers/built-in.o
                0x0000000008005244                devfdt_get_addr_index
 .text.devfdt_get_addr
                0x00000000080052c0        0x6 drivers/built-in.o
                0x00000000080052c0                devfdt_get_addr
 *fill*         0x00000000080052c6        0x2 
 .text.lists_driver_lookup_name
                0x00000000080052c8       0x2c drivers/built-in.o
                0x00000000080052c8                lists_driver_lookup_name
 .text.lists_uclass_lookup
                0x00000000080052f4       0x20 drivers/built-in.o
                0x00000000080052f4                lists_uclass_lookup
 .text.lists_bind_drivers
                0x0000000008005314       0x48 drivers/built-in.o
                0x0000000008005314                lists_bind_drivers
 .text.device_bind_driver_to_node
                0x000000000800535c       0x2c drivers/built-in.o
                0x000000000800535c                device_bind_driver_to_node
 .text.device_bind_driver
                0x0000000008005388       0x12 drivers/built-in.o
                0x0000000008005388                device_bind_driver
 *fill*         0x000000000800539a        0x2 
 .text.lists_bind_fdt
                0x000000000800539c       0xd8 drivers/built-in.o
                0x000000000800539c                lists_bind_fdt
 .text.dm_scan_fdt_node
                0x0000000008005474       0x90 drivers/built-in.o
 .text.dm_scan_fdt_ofnode_path
                0x0000000008005504       0x24 drivers/built-in.o
 .text.dm_root  0x0000000008005528        0xc drivers/built-in.o
                0x0000000008005528                dm_root
 .text.dm_get_translation_offset
                0x0000000008005534        0xe drivers/built-in.o
                0x0000000008005534                dm_get_translation_offset
 *fill*         0x0000000008005542        0x2 
 .text.dm_init  0x0000000008005544       0x40 drivers/built-in.o
                0x0000000008005544                dm_init
 .text.dm_scan_platdata
                0x0000000008005584       0x14 drivers/built-in.o
                0x0000000008005584                dm_scan_platdata
 .text.dm_scan_fdt_dev
                0x0000000008005598       0x1c drivers/built-in.o
                0x0000000008005598                dm_scan_fdt_dev
 .text.dm_scan_fdt
                0x00000000080055b4       0x14 drivers/built-in.o
                0x00000000080055b4                dm_scan_fdt
 .text.dm_extended_scan_fdt
                0x00000000080055c8       0x30 drivers/built-in.o
                0x00000000080055c8                dm_extended_scan_fdt
 .text.dm_scan_other
                0x00000000080055f8        0x4 drivers/built-in.o
                0x00000000080055f8                dm_scan_other
 .text.dm_init_and_scan
                0x00000000080055fc       0x2c drivers/built-in.o
                0x00000000080055fc                dm_init_and_scan
 .text.uclass_find
                0x0000000008005628       0x2e drivers/built-in.o
                0x0000000008005628                uclass_find
 .text.uclass_get
                0x0000000008005656       0x96 drivers/built-in.o
                0x0000000008005656                uclass_get
 .text.uclass_find_device
                0x00000000080056ec       0x42 drivers/built-in.o
                0x00000000080056ec                uclass_find_device
 .text.uclass_find_first_device
                0x000000000800572e       0x26 drivers/built-in.o
                0x000000000800572e                uclass_find_first_device
 .text.uclass_find_next_device
                0x0000000008005754       0x18 drivers/built-in.o
                0x0000000008005754                uclass_find_next_device
 .text.uclass_find_device_by_name
                0x000000000800576c       0x50 drivers/built-in.o
                0x000000000800576c                uclass_find_device_by_name
 .text.uclass_find_device_by_seq
                0x00000000080057bc       0x4e drivers/built-in.o
                0x00000000080057bc                uclass_find_device_by_seq
 .text.uclass_find_device_by_of_offset
                0x000000000800580a       0x40 drivers/built-in.o
                0x000000000800580a                uclass_find_device_by_of_offset
 .text.uclass_find_device_by_ofnode
                0x000000000800584a       0x42 drivers/built-in.o
                0x000000000800584a                uclass_find_device_by_ofnode
 .text.uclass_find_device_by_phandle
                0x000000000800588c       0x60 drivers/built-in.o
                0x000000000800588c                uclass_find_device_by_phandle
 .text.uclass_get_device_tail
                0x00000000080058ec       0x16 drivers/built-in.o
                0x00000000080058ec                uclass_get_device_tail
 .text.uclass_get_device
                0x0000000008005902       0x1c drivers/built-in.o
                0x0000000008005902                uclass_get_device
 .text.uclass_get_device_by_name
                0x000000000800591e       0x1c drivers/built-in.o
                0x000000000800591e                uclass_get_device_by_name
 .text.uclass_get_device_by_seq
                0x000000000800593a       0x34 drivers/built-in.o
                0x000000000800593a                uclass_get_device_by_seq
 .text.uclass_get_device_by_of_offset
                0x000000000800596e       0x1c drivers/built-in.o
                0x000000000800596e                uclass_get_device_by_of_offset
 .text.uclass_get_device_by_ofnode
                0x000000000800598a       0x1c drivers/built-in.o
                0x000000000800598a                uclass_get_device_by_ofnode
 .text.uclass_get_device_by_phandle_id
                0x00000000080059a6       0x4c drivers/built-in.o
                0x00000000080059a6                uclass_get_device_by_phandle_id
 .text.uclass_get_device_by_phandle
                0x00000000080059f2       0x1c drivers/built-in.o
                0x00000000080059f2                uclass_get_device_by_phandle
 .text.uclass_first_device
                0x0000000008005a0e       0x1e drivers/built-in.o
                0x0000000008005a0e                uclass_first_device
 .text.uclass_first_device_err
                0x0000000008005a2c       0x16 drivers/built-in.o
                0x0000000008005a2c                uclass_first_device_err
 .text.uclass_next_device
                0x0000000008005a42       0x22 drivers/built-in.o
                0x0000000008005a42                uclass_next_device
 .text.uclass_bind_device
                0x0000000008005a64       0x3a drivers/built-in.o
                0x0000000008005a64                uclass_bind_device
 .text.uclass_resolve_seq
                0x0000000008005a9e       0x52 drivers/built-in.o
                0x0000000008005a9e                uclass_resolve_seq
 .text.uclass_pre_probe_device
                0x0000000008005af0       0x2e drivers/built-in.o
                0x0000000008005af0                uclass_pre_probe_device
 .text.uclass_post_probe_device
                0x0000000008005b1e       0x2e drivers/built-in.o
                0x0000000008005b1e                uclass_post_probe_device
 .text.dm_ofnode_pre_reloc
                0x0000000008005b4c       0x24 drivers/built-in.o
                0x0000000008005b4c                dm_ofnode_pre_reloc
 .text.simple_bus_post_bind
                0x0000000008005b70       0x34 drivers/built-in.o
 .text.regmap_init_mem
                0x0000000008005ba4       0xf8 drivers/built-in.o
                0x0000000008005ba4                regmap_init_mem
 .text.regmap_get_range
                0x0000000008005c9c       0x10 drivers/built-in.o
                0x0000000008005c9c                regmap_get_range
 .text.syscon_pre_probe
                0x0000000008005cac       0x24 drivers/built-in.o
 .text.syscon_get_regmap
                0x0000000008005cd0       0x1c drivers/built-in.o
                0x0000000008005cd0                syscon_get_regmap
 .text.ofnode_read_u32
                0x0000000008005cec       0x2e drivers/built-in.o
                0x0000000008005cec                ofnode_read_u32
 .text.ofnode_read_u32_default
                0x0000000008005d1a       0x12 drivers/built-in.o
                0x0000000008005d1a                ofnode_read_u32_default
 .text.ofnode_read_string
                0x0000000008005d2c       0x30 drivers/built-in.o
                0x0000000008005d2c                ofnode_read_string
 .text.ofnode_find_subnode
                0x0000000008005d5c       0x12 drivers/built-in.o
                0x0000000008005d5c                ofnode_find_subnode
 .text.ofnode_read_u32_array
                0x0000000008005d6e       0x18 drivers/built-in.o
                0x0000000008005d6e                ofnode_read_u32_array
 .text.ofnode_first_subnode
                0x0000000008005d86        0xe drivers/built-in.o
                0x0000000008005d86                ofnode_first_subnode
 .text.ofnode_next_subnode
                0x0000000008005d94        0xe drivers/built-in.o
                0x0000000008005d94                ofnode_next_subnode
 .text.ofnode_get_parent
                0x0000000008005da2        0xe drivers/built-in.o
                0x0000000008005da2                ofnode_get_parent
 .text.ofnode_get_name
                0x0000000008005db0        0xc drivers/built-in.o
                0x0000000008005db0                ofnode_get_name
 .text.ofnode_read_size
                0x0000000008005dbc       0x20 drivers/built-in.o
                0x0000000008005dbc                ofnode_read_size
 .text.ofnode_stringlist_search
                0x0000000008005ddc       0x26 drivers/built-in.o
                0x0000000008005ddc                ofnode_stringlist_search
 .text.ofnode_parse_phandle_with_args
                0x0000000008005e02       0x3e drivers/built-in.o
                0x0000000008005e02                ofnode_parse_phandle_with_args
 .text.ofnode_count_phandle_with_args
                0x0000000008005e40       0x24 drivers/built-in.o
                0x0000000008005e40                ofnode_count_phandle_with_args
 .text.ofnode_path
                0x0000000008005e64        0xe drivers/built-in.o
                0x0000000008005e64                ofnode_path
 *fill*         0x0000000008005e72        0x2 
 .text.ofnode_get_chosen_prop
                0x0000000008005e74       0x18 drivers/built-in.o
                0x0000000008005e74                ofnode_get_chosen_prop
 .text.ofnode_get_chosen_node
                0x0000000008005e8c       0x16 drivers/built-in.o
                0x0000000008005e8c                ofnode_get_chosen_node
 .text.ofnode_get_property
                0x0000000008005ea2       0x14 drivers/built-in.o
                0x0000000008005ea2                ofnode_get_property
 .text.ofnode_read_bool
                0x0000000008005eb6       0x10 drivers/built-in.o
                0x0000000008005eb6                ofnode_read_bool
 .text.ofnode_read_u8_array_ptr
                0x0000000008005ec6       0x14 drivers/built-in.o
                0x0000000008005ec6                ofnode_read_u8_array_ptr
 .text.ofnode_read_addr_cells
                0x0000000008005eda        0xa drivers/built-in.o
                0x0000000008005eda                ofnode_read_addr_cells
 .text.ofnode_read_size_cells
                0x0000000008005ee4        0xa drivers/built-in.o
                0x0000000008005ee4                ofnode_read_size_cells
 *fill*         0x0000000008005eee        0x2 
 .text.ofnode_get_addr_index
                0x0000000008005ef0       0x40 drivers/built-in.o
                0x0000000008005ef0                ofnode_get_addr_index
 .text.ofnode_get_addr
                0x0000000008005f30        0x6 drivers/built-in.o
                0x0000000008005f30                ofnode_get_addr
 .text.ofnode_read_simple_addr_cells
                0x0000000008005f36        0x4 drivers/built-in.o
                0x0000000008005f36                ofnode_read_simple_addr_cells
 .text.ofnode_read_simple_size_cells
                0x0000000008005f3a        0x4 drivers/built-in.o
                0x0000000008005f3a                ofnode_read_simple_size_cells
 *fill*         0x0000000008005f3e        0x2 
 .text.ofnode_pre_reloc
                0x0000000008005f40       0x34 drivers/built-in.o
                0x0000000008005f40                ofnode_pre_reloc
 .text.ofnode_read_resource
                0x0000000008005f74       0x40 drivers/built-in.o
                0x0000000008005f74                ofnode_read_resource
 .text.ofnode_read_resource_byname
                0x0000000008005fb4       0x24 drivers/built-in.o
                0x0000000008005fb4                ofnode_read_resource_byname
 .text.ofnode_device_is_compatible
                0x0000000008005fd8       0x18 drivers/built-in.o
                0x0000000008005fd8                ofnode_device_is_compatible
 .text.gpio_post_bind
                0x0000000008005ff0        0x4 drivers/built-in.o
 .text.gpio_to_device
                0x0000000008005ff4       0x4a drivers/built-in.o
 *fill*         0x000000000800603e        0x2 
 .text.check_reserved
                0x0000000008006040       0x4c drivers/built-in.o
 .text.gpio_renumber
                0x000000000800608c       0x46 drivers/built-in.o
 .text.gpio_pre_remove
                0x00000000080060d2       0x12 drivers/built-in.o
 .text.gpio_post_probe
                0x00000000080060e4       0x24 drivers/built-in.o
 .text.dm_gpio_request
                0x0000000008006108       0x5a drivers/built-in.o
                0x0000000008006108                dm_gpio_request
 .text.gpio_request
                0x0000000008006162       0x18 drivers/built-in.o
                0x0000000008006162                gpio_request
 *fill*         0x000000000800617a        0x2 
 .text.gpio_direction_input
                0x000000000800617c       0x2c drivers/built-in.o
                0x000000000800617c                gpio_direction_input
 .text.dm_gpio_get_value
                0x00000000080061a8       0x2c drivers/built-in.o
                0x00000000080061a8                dm_gpio_get_value
 .text.gpio_get_value
                0x00000000080061d4       0x16 drivers/built-in.o
                0x00000000080061d4                gpio_get_value
 *fill*         0x00000000080061ea        0x2 
 .text.gpio_stm32_probe
                0x00000000080061ec       0x48 drivers/built-in.o
 .text.stm32_rcc_bind
                0x0000000008006234       0x5c drivers/built-in.o
 .text.pinconfig_post_bind
                0x0000000008006290       0x84 drivers/built-in.o
 .text.pinctrl_post_bind
                0x0000000008006314       0x18 drivers/built-in.o
 .text.pinctrl_select_state
                0x000000000800632c       0xc8 drivers/built-in.o
                0x000000000800632c                pinctrl_select_state
 .text.stm32_pinctrl_probe
                0x00000000080063f4       0x12 drivers/built-in.o
                0x00000000080063f4                stm32_pinctrl_probe
 *fill*         0x0000000008006406        0x2 
 .text.stm32_pinctrl_config
                0x0000000008006408      0x190 drivers/built-in.o
 .text.stm32_pinctrl_set_state
                0x0000000008006598        0x6 drivers/built-in.o
 .text.stm32_fmc_get_info
                0x000000000800659e        0x4 drivers/built-in.o
 *fill*         0x00000000080065a2        0x2 
 .text.stm32_fmc_ofdata_to_platdata
                0x00000000080065a4      0x13c drivers/built-in.o
 .text.stm32_sdram_init
                0x00000000080066e0      0x1e2 drivers/built-in.o
                0x00000000080066e0                stm32_sdram_init
 *fill*         0x00000000080068c2        0x2 
 .text.stm32_fmc_probe
                0x00000000080068c4       0x58 drivers/built-in.o
 .text._serial_putc
                0x000000000800691c       0x22 drivers/built-in.o
 .text.serial_post_probe
                0x000000000800693e       0x12 drivers/built-in.o
 .text.serial_pre_remove
                0x0000000008006950        0x4 drivers/built-in.o
 .text.serial_init
                0x0000000008006954       0xe0 drivers/built-in.o
                0x0000000008006954                serial_init
 .text.serial_putc
                0x0000000008006a34       0x12 drivers/built-in.o
                0x0000000008006a34                serial_putc
 .text.serial_puts
                0x0000000008006a46       0x1e drivers/built-in.o
                0x0000000008006a46                serial_puts
 .text.serial_getc
                0x0000000008006a64       0x22 drivers/built-in.o
                0x0000000008006a64                serial_getc
 .text.serial_tstc
                0x0000000008006a86       0x1a drivers/built-in.o
                0x0000000008006a86                serial_tstc
 .text.stm32_serial_setconfig
                0x0000000008006aa0       0x78 drivers/built-in.o
 .text.stm32_serial_pending
                0x0000000008006b18       0x32 drivers/built-in.o
 .text.stm32_serial_getc
                0x0000000008006b4a       0x52 drivers/built-in.o
 .text.stm32_serial_ofdata_to_platdata
                0x0000000008006b9c       0x1e drivers/built-in.o
 *fill*         0x0000000008006bba        0x2 
 .text.stm32_serial_probe
                0x0000000008006bbc       0x9c drivers/built-in.o
 .text.stm32_serial_putc
                0x0000000008006c58       0x38 drivers/built-in.o
 .text.stm32_serial_setbrg
                0x0000000008006c90       0x5a drivers/built-in.o
 .text.spi_flash_post_bind
                0x0000000008006cea        0x4 drivers/built-in.o
 .text.spi_flash_read_dm
                0x0000000008006cee        0xe drivers/built-in.o
                0x0000000008006cee                spi_flash_read_dm
 .text.spi_flash_write_dm
                0x0000000008006cfc        0xe drivers/built-in.o
                0x0000000008006cfc                spi_flash_write_dm
 .text.spi_flash_erase_dm
                0x0000000008006d0a        0x8 drivers/built-in.o
                0x0000000008006d0a                spi_flash_erase_dm
 *fill*         0x0000000008006d12        0x2 
 .text.spi_flash_probe_bus_cs
                0x0000000008006d14       0x50 drivers/built-in.o
                0x0000000008006d14                spi_flash_probe_bus_cs
 .text.spi_flash_probe
                0x0000000008006d64       0x1a drivers/built-in.o
                0x0000000008006d64                spi_flash_probe
 .text.spi_flash_std_write
                0x0000000008006d7e       0x22 drivers/built-in.o
 .text.spi_flash_std_read
                0x0000000008006da0       0x22 drivers/built-in.o
 .text.spi_flash_std_get_sw_write_prot
                0x0000000008006dc2        0xe drivers/built-in.o
 .text.spi_flash_std_erase
                0x0000000008006dd0       0x54 drivers/built-in.o
 .text.spi_flash_std_remove
                0x0000000008006e24        0xa drivers/built-in.o
 *fill*         0x0000000008006e2e        0x2 
 .text.spi_flash_std_probe
                0x0000000008006e30       0x58 drivers/built-in.o
 .text.read_sr  0x0000000008006e88       0x1c drivers/built-in.o
 .text.read_cr  0x0000000008006ea4       0x1c drivers/built-in.o
 .text.write_sr
                0x0000000008006ec0       0x18 drivers/built-in.o
 .text.stm_get_locked_range
                0x0000000008006ed8       0x64 drivers/built-in.o
 .text.spi_nor_write_data
                0x0000000008006f3c       0x9a drivers/built-in.o
 .text.spi_nor_read_data
                0x0000000008006fd6       0x8a drivers/built-in.o
 .text.spi_nor_wait_till_ready
                0x0000000008007060       0xa0 drivers/built-in.o
 .text.spi_nor_read_reg
                0x0000000008007100       0x36 drivers/built-in.o
 .text.write_disable.isra.0
                0x0000000008007136       0x12 drivers/built-in.o
 .text.write_enable.isra.0
                0x0000000008007148       0x12 drivers/built-in.o
 .text.write_sr_and_check.constprop.0
                0x000000000800715a       0x42 drivers/built-in.o
 .text.macronix_quad_enable
                0x000000000800719c       0x54 drivers/built-in.o
 .text.spansion_read_cr_quad_enable
                0x00000000080071f0       0x62 drivers/built-in.o
 .text.write_bar
                0x0000000008007252       0x3c drivers/built-in.o
 .text.clean_bar
                0x000000000800728e       0x34 drivers/built-in.o
 .text.spi_nor_read
                0x00000000080072c2       0x6c drivers/built-in.o
 .text.spi_nor_write
                0x000000000800732e       0xf0 drivers/built-in.o
 .text.spi_nor_erase
                0x000000000800741e       0xae drivers/built-in.o
 .text.spi_nor_write_reg
                0x00000000080074cc       0x38 drivers/built-in.o
 .text.stm_is_locked_sr
                0x0000000008007504       0x52 drivers/built-in.o
 .text.stm_is_locked
                0x0000000008007556       0x2a drivers/built-in.o
 .text.stm_lock
                0x0000000008007580      0x1f0 drivers/built-in.o
 .text.stm_is_unlocked_sr
                0x0000000008007770       0x4e drivers/built-in.o
 .text.stm_unlock
                0x00000000080077be      0x1ae drivers/built-in.o
 .text.spi_nor_scan
                0x000000000800796c      0x54c drivers/built-in.o
                0x000000000800796c                spi_nor_scan
 .text.spi_flash_cmd_get_sw_write_prot
                0x0000000008007eb8       0x10 drivers/built-in.o
                0x0000000008007eb8                spi_flash_cmd_get_sw_write_prot
 .text.spi_flash_mtd_sync
                0x0000000008007ec8        0x2 drivers/built-in.o
 .text.spi_flash_mtd_write
                0x0000000008007eca       0x26 drivers/built-in.o
 .text.spi_flash_mtd_read
                0x0000000008007ef0       0x26 drivers/built-in.o
 .text.spi_flash_mtd_erase
                0x0000000008007f16       0x4e drivers/built-in.o
 .text.spi_flash_mtd_register
                0x0000000008007f64      0x120 drivers/built-in.o
                0x0000000008007f64                spi_flash_mtd_register
 .text.spi_flash_mtd_unregister
                0x0000000008008084       0x40 drivers/built-in.o
                0x0000000008008084                spi_flash_mtd_unregister
 .text.spi_set_speed_mode
                0x00000000080080c4       0x4c drivers/built-in.o
 .text.spi_child_pre_probe
                0x0000000008008110       0x22 drivers/built-in.o
 *fill*         0x0000000008008132        0x2 
 .text.spi_post_probe
                0x0000000008008134       0x20 drivers/built-in.o
 .text.dm_spi_claim_bus
                0x0000000008008154       0x64 drivers/built-in.o
                0x0000000008008154                dm_spi_claim_bus
 .text.dm_spi_release_bus
                0x00000000080081b8        0xe drivers/built-in.o
                0x00000000080081b8                dm_spi_release_bus
 .text.dm_spi_xfer
                0x00000000080081c6       0x22 drivers/built-in.o
                0x00000000080081c6                dm_spi_xfer
 .text.spi_claim_bus
                0x00000000080081e8        0x6 drivers/built-in.o
                0x00000000080081e8                spi_claim_bus
 .text.spi_release_bus
                0x00000000080081ee        0x6 drivers/built-in.o
                0x00000000080081ee                spi_release_bus
 .text.spi_xfer
                0x00000000080081f4        0x6 drivers/built-in.o
                0x00000000080081f4                spi_xfer
 .text.spi_find_chip_select
                0x00000000080081fa       0x32 drivers/built-in.o
                0x00000000080081fa                spi_find_chip_select
 .text.spi_get_bus_and_cs
                0x000000000800822c       0xe8 drivers/built-in.o
                0x000000000800822c                spi_get_bus_and_cs
 .text.spi_slave_ofdata_to_platdata
                0x0000000008008314       0xd4 drivers/built-in.o
                0x0000000008008314                spi_slave_ofdata_to_platdata
 .text.spi_child_post_bind
                0x00000000080083e8       0x1e drivers/built-in.o
 *fill*         0x0000000008008406        0x2 
 .text.spi_check_buswidth_req.isra.0
                0x0000000008008408       0x38 drivers/built-in.o
 .text.spi_mem_default_supports_op
                0x0000000008008440       0x54 drivers/built-in.o
                0x0000000008008440                spi_mem_default_supports_op
 .text.spi_mem_supports_op
                0x0000000008008494       0x26 drivers/built-in.o
                0x0000000008008494                spi_mem_supports_op
 *fill*         0x00000000080084ba        0x2 
 .text.spi_mem_exec_op
                0x00000000080084bc      0x120 drivers/built-in.o
                0x00000000080084bc                spi_mem_exec_op
 .text.spi_mem_adjust_op_size
                0x00000000080085dc       0x64 drivers/built-in.o
                0x00000000080085dc                spi_mem_adjust_op_size
 .text._stm32_qspi_wait_for_not_busy
                0x0000000008008640        0xe drivers/built-in.o
 .text._stm32_qspi_gen_ccr
                0x000000000800864e       0x6e drivers/built-in.o
 .text.stm32_qspi_remove
                0x00000000080086bc        0x4 drivers/built-in.o
 .text.stm32_qspi_set_mode
                0x00000000080086c0       0x76 drivers/built-in.o
 *fill*         0x0000000008008736        0x2 
 .text.stm32_qspi_set_speed
                0x0000000008008738       0x70 drivers/built-in.o
 .text.stm32_qspi_ofdata_to_platdata
                0x00000000080087a8       0x68 drivers/built-in.o
 .text.stm32_qspi_probe
                0x0000000008008810       0x98 drivers/built-in.o
 .text._stm32_qspi_gen_ccr_w25n01.isra.0
                0x00000000080088a8       0x88 drivers/built-in.o
 .text.stm32_qspi_claim_bus
                0x0000000008008930       0x94 drivers/built-in.o
 .text.stm32_qspi_release_bus
                0x00000000080089c4       0x16 drivers/built-in.o
 *fill*         0x00000000080089da        0x2 
 .text.stm32_qspi_xfer
                0x00000000080089dc      0x278 drivers/built-in.o
 .text.timer_post_probe
                0x0000000008008c54       0x14 drivers/built-in.o
 .text.timer_pre_probe
                0x0000000008008c68       0x44 drivers/built-in.o
 .text.timer_get_count
                0x0000000008008cac       0x10 drivers/built-in.o
                0x0000000008008cac                timer_get_count
 .text.timer_get_rate
                0x0000000008008cbc        0x6 drivers/built-in.o
                0x0000000008008cbc                timer_get_rate
 *fill*         0x0000000008008cc2        0x2 
 .text.dm_timer_init
                0x0000000008008cc4       0x78 drivers/built-in.o
                0x0000000008008cc4                dm_timer_init
 .text.stm32_timer_get_count
                0x0000000008008d3c       0x18 drivers/built-in.o
 .text.stm32_timer_probe
                0x0000000008008d54       0x98 drivers/built-in.o
 .text.reset_get_by_index
                0x0000000008008dec       0x60 drivers/built-in.o
                0x0000000008008dec                reset_get_by_index
 .text.reset_assert
                0x0000000008008e4c        0xa drivers/built-in.o
                0x0000000008008e4c                reset_assert
 .text.reset_deassert
                0x0000000008008e56        0xa drivers/built-in.o
                0x0000000008008e56                reset_deassert
 .text.stm32_reset_request
                0x0000000008008e60        0x4 drivers/built-in.o
 .text.stm32_reset_deassert
                0x0000000008008e64       0x4e drivers/built-in.o
 .text.stm32_reset_assert
                0x0000000008008eb2       0x40 drivers/built-in.o
 .text.stm32_reset_probe
                0x0000000008008ef2       0x2c drivers/built-in.o
 .text.stm32_reset_free
                0x0000000008008f1e        0x4 drivers/built-in.o
 .text.idr_remove
                0x0000000008008f22       0x14 drivers/built-in.o
                0x0000000008008f22                idr_remove
 .text.idr_find
                0x0000000008008f36        0xe drivers/built-in.o
                0x0000000008008f36                idr_find
 .text.idr_alloc
                0x0000000008008f44       0x2a drivers/built-in.o
                0x0000000008008f44                idr_alloc
 *fill*         0x0000000008008f6e        0x2 
 .text.del_mtd_device
                0x0000000008008f70       0x48 drivers/built-in.o
                0x0000000008008f70                del_mtd_device
 .text.mtd_unlock
                0x0000000008008fb8       0x4c drivers/built-in.o
                0x0000000008008fb8                mtd_unlock
 .text.add_mtd_device
                0x0000000008009004      0x134 drivers/built-in.o
                0x0000000008009004                add_mtd_device
 .text.part_erase
                0x0000000008009138       0x54 drivers/built-in.o
 .text.mtd_erase_callback
                0x000000000800918c       0x4c drivers/built-in.o
                0x000000000800918c                mtd_erase_callback
 .text.del_mtd_partitions
                0x00000000080091d8       0x78 drivers/built-in.o
                0x00000000080091d8                del_mtd_partitions
 .text.blk_post_probe
                0x0000000008009250        0xe drivers/built-in.o
 .text.blk_dread
                0x000000000800925e       0x1a drivers/built-in.o
                0x000000000800925e                blk_dread
 *(.glue*)
 .glue_7        0x0000000008009278        0x0 linker stubs
 .glue_7t       0x0000000008009278        0x0 linker stubs

.vfp11_veneer   0x0000000008009278        0x0
 .vfp11_veneer  0x0000000008009278        0x0 linker stubs

.v4_bx          0x0000000008009278        0x0
 .v4_bx         0x0000000008009278        0x0 linker stubs

.iplt           0x0000000008009278        0x0
 .iplt          0x0000000008009278        0x0 arch/arm/cpu/armv7m/start.o
                0x0000000008009278                . = ALIGN (0x4)

.rodata         0x0000000008009278     0x39ab
 *(SORT_BY_ALIGNMENT(SORT_BY_NAME(.rodata*)))
 .rodata        0x0000000008009278       0x30 arch/arm/mach-stm32/built-in.o
 .rodata        0x00000000080092a8       0x1b common/spl/built-in.o
 *fill*         0x00000000080092c3        0x1 
 .rodata.CSWTCH.1
                0x00000000080092c4       0x1c arch/arm/cpu/armv7m/built-in.o
 .rodata.clk_fixed_factor_match
                0x00000000080092e0       0x10 drivers/built-in.o
 .rodata.clk_fixed_factor_ops
                0x00000000080092f0       0x20 drivers/built-in.o
                0x00000000080092f0                clk_fixed_factor_ops
 .rodata.clk_fixed_rate_match
                0x0000000008009310       0x10 drivers/built-in.o
 .rodata.clk_fixed_rate_ops
                0x0000000008009320       0x20 drivers/built-in.o
                0x0000000008009320                clk_fixed_rate_ops
 .rodata.clk_map
                0x0000000008009340      0x510 drivers/built-in.o
 .rodata.crc_table
                0x0000000008009850      0x400 lib/built-in.o
 .rodata.generic_simple_bus_ids
                0x0000000008009c50       0x18 drivers/built-in.o
 .rodata.generic_syscon_ids
                0x0000000008009c68       0x10 drivers/built-in.o
 .rodata.hwcaps_pp2cmd.0
                0x0000000008009c78       0x38 drivers/built-in.o
 .rodata.hwcaps_read2cmd.1
                0x0000000008009cb0       0x78 drivers/built-in.o
 .rodata.pllsrc_name
                0x0000000008009d28       0x18 drivers/built-in.o
 .rodata.root_info
                0x0000000008009d40        0x8 drivers/built-in.o
 .rodata.spi_flash_std_ids
                0x0000000008009d48       0x18 drivers/built-in.o
 .rodata.spi_flash_std_ops
                0x0000000008009d60       0x10 drivers/built-in.o
 .rodata.spi_nor_ids
                0x0000000008009d70      0x960 drivers/built-in.o
                0x0000000008009d70                spi_nor_ids
 .rodata.stm32_fmc_ids
                0x000000000800a6d0       0x18 drivers/built-in.o
 .rodata.stm32_gpio_ids
                0x000000000800a6e8       0x10 drivers/built-in.o
 .rodata.stm32_pinctrl_ids
                0x000000000800a6f8       0x38 drivers/built-in.o
 .rodata.stm32_qspi_ids
                0x000000000800a730       0x20 drivers/built-in.o
 .rodata.stm32_qspi_ops
                0x000000000800a750       0x20 drivers/built-in.o
 .rodata.stm32_rcc_ids
                0x000000000800a770       0x30 drivers/built-in.o
 .rodata.stm32_rcc_ops
                0x000000000800a7a0       0x14 drivers/built-in.o
 .rodata.stm32_reset_ops
                0x000000000800a7b4       0x18 drivers/built-in.o
 .rodata.stm32_serial_id
                0x000000000800a7cc       0x20 drivers/built-in.o
 .rodata.stm32_serial_ops
                0x000000000800a7ec       0x20 drivers/built-in.o
 .rodata.stm32_syscon_ids
                0x000000000800a80c       0x10 arch/arm/mach-stm32/built-in.o
 .rodata.stm32_timer_ids
                0x000000000800a81c       0x10 drivers/built-in.o
 .rodata.stm32_timer_ops
                0x000000000800a82c        0x4 drivers/built-in.o
 .rodata        0x000000000800a830       0x10 drivers/built-in.o
 .rodata        0x000000000800a840       0x20 lib/built-in.o
 .rodata.__FUNCTION__.0
                0x000000000800a860       0x17 common/built-in.o
 .rodata.__func__.1
                0x000000000800a877        0xf drivers/built-in.o
 .rodata.__put_mtd_device.str1.1
                0x000000000800a886       0x2f drivers/built-in.o
 .rodata._ctype
                0x000000000800a8b5      0x100 lib/built-in.o
                0x000000000800a8b5                _ctype
 .rodata._stm32_qspi_gen_ccr_w25n01.isra.0.str1.1
                0x000000000800a9b5       0x20 drivers/built-in.o
 .rodata.add_mtd_device.str1.1
                0x000000000800a9d5       0x28 drivers/built-in.o
 .rodata.bad_mode.str1.1
                0x000000000800a9fd       0x13 arch/arm/lib/built-in.o
 .rodata.board_init_r.str1.1
                0x000000000800aa10       0x9d common/spl/built-in.o
 .rodata.check_reserved.str1.1
                0x000000000800aaad       0x27 drivers/built-in.o
                                         0x28 (size before relaxing)
 .rodata.clk_fixed_factor_ofdata_to_platdata.str1.1
                0x000000000800aad4       0x15 drivers/built-in.o
 .rodata.clk_fixed_rate_ofdata_to_platdata.str1.1
                0x000000000800aae9       0x10 drivers/built-in.o
 .rodata.clk_get_by_index.str1.1
                0x000000000800aaf9        0xd drivers/built-in.o
                                          0x7 (size before relaxing)
 .rodata.clk_get_by_indexed_prop.str1.1
                0x000000000800aaf9        0xd drivers/built-in.o
 .rodata.clk_get_by_name.str1.1
                0x000000000800ab06        0xc drivers/built-in.o
 .rodata.clk_set_defaults.str1.1
                0x000000000800ab12       0x3c drivers/built-in.o
 .rodata.commandNotFound
                0x000000000800ab4e       0x16 common/spl/built-in.o
 .rodata.del_mtd_device.str1.1
                0x000000000800ab64       0x30 drivers/built-in.o
 .rodata.del_mtd_partitions.str1.1
                0x000000000800ab94       0x29 drivers/built-in.o
 .rodata.devfdt_get_addr_index.str1.1
                0x000000000800abbd        0x4 drivers/built-in.o
 .rodata.device_probe.str1.1
                0x000000000800abbd        0x8 drivers/built-in.o
 .rodata.digits.1
                0x000000000800abbd       0x10 lib/built-in.o
 .rodata.dm_extended_scan_fdt.str1.1
                0x000000000800abcd       0x12 drivers/built-in.o
 .rodata.dm_fdt_pre_reloc.str1.1
                0x000000000800abdf       0x22 drivers/built-in.o
 .rodata.dm_gpio_get_value.str1.1
                0x000000000800ac01        0xa drivers/built-in.o
 .rodata.dm_scan_fdt_node.str1.1
                0x000000000800ac0b       0x3f drivers/built-in.o
                                         0x10 (size before relaxing)
 .rodata.dm_timer_init.str1.1
                0x000000000800ac0b        0xb drivers/built-in.o
 .rodata.do_bus_fault.str1.1
                0x000000000800ac16        0xb arch/arm/lib/built-in.o
 .rodata.do_hard_fault.str1.1
                0x000000000800ac21        0xc arch/arm/lib/built-in.o
 .rodata.do_invalid_entry.str1.1
                0x000000000800ac2d        0xb arch/arm/lib/built-in.o
 .rodata.do_mm_fault.str1.1
                0x000000000800ac38       0x19 arch/arm/lib/built-in.o
 .rodata.do_reset.str1.1
                0x000000000800ac51        0xf arch/arm/lib/built-in.o
 .rodata.do_usage_fault.str1.1
                0x000000000800ac60        0xd arch/arm/lib/built-in.o
 .rodata.dram_init.str1.1
                0x000000000800ac6d       0x2d board/emcraft/stm32h7-som/built-in.o
 .rodata.dump_regs.str1.1
                0x000000000800ac9a       0x6b arch/arm/lib/built-in.o
 .rodata.fdt_address_cells.str1.1
                0x000000000800ad05        0xf lib/built-in.o
 .rodata.fdt_fixup_memory_banks.str1.1
                0x000000000800ad14       0x89 common/built-in.o
                                         0x94 (size before relaxing)
 .rodata.fdt_get_alias_namelen.str1.1
                0x000000000800ad9d        0x9 lib/built-in.o
 .rodata.fdt_get_phandle.str1.1
                0x000000000800ada6        0xe lib/built-in.o
                                         0x16 (size before relaxing)
 .rodata.fdt_node_check_compatible.str1.1
                0x000000000800adb4        0xb lib/built-in.o
 .rodata.fdt_size_cells.str1.1
                0x000000000800adbf        0xc lib/built-in.o
 .rodata.fdt_support_default_count_cells.str1.1
                0x000000000800adbf        0xc common/built-in.o
 .rodata.fdt_translate_address.str1.1
                0x000000000800adcb       0x22 common/built-in.o
 .rodata.fdtdec_add_aliases_for_id.str1.1
                0x000000000800aded        0x9 lib/built-in.o
 .rodata.fdtdec_get_chosen_prop.str1.1
                0x000000000800aded        0x8 lib/built-in.o
 .rodata.fdtdec_get_config_int.str1.1
                0x000000000800adf5        0x8 lib/built-in.o
 .rodata.fdtdec_get_is_enabled.str1.1
                0x000000000800adfd        0xc lib/built-in.o
 .rodata.fdtdec_prepare_fdt.str1.1
                0x000000000800ae09        0xd lib/built-in.o
 .rodata.fdtdec_setup_mem_size_base.str1.1
                0x000000000800ae16        0xc lib/built-in.o
 .rodata.get_next_memory_node.str1.1
                0x000000000800ae16       0x13 lib/built-in.o
 .rodata.gpio_direction_input.str1.1
                0x000000000800ae16        0xa drivers/built-in.o
 .rodata.gpio_stm32_probe.str1.1
                0x000000000800ae20       0x18 drivers/built-in.o
 .rodata.hang.str1.1
                0x000000000800ae38       0x2a lib/built-in.o
 .rodata.hex_asc
                0x000000000800ae62       0x11 lib/built-in.o
                0x000000000800ae62                hex_asc
 .rodata.lists_bind_fdt.str1.1
                0x000000000800ae73        0xb drivers/built-in.o
 .rodata.log    0x000000000800ae73       0x26 common/spl/built-in.o
 .rodata.macronix_quad_enable.str1.1
                0x000000000800ae99       0x1b drivers/built-in.o
 .rodata.ofnode_get_addr_index.str1.1
                0x000000000800aeb4        0x4 drivers/built-in.o
 .rodata.ofnode_get_chosen_prop.str1.1
                0x000000000800aeb4        0x8 drivers/built-in.o
 .rodata.ofnode_pre_reloc.str1.1
                0x000000000800aeb4       0x15 drivers/built-in.o
                                         0x37 (size before relaxing)
 .rodata.ofnode_read_resource_byname.str1.1
                0x000000000800aec9        0xa drivers/built-in.o
 .rodata.pinconfig_post_bind.str1.1
                0x000000000800aed3        0xa drivers/built-in.o
                                         0x15 (size before relaxing)
 .rodata.pinctrl_select_state.str1.1
                0x000000000800aedd       0x31 drivers/built-in.o
 .rodata.preloader_console_init.str1.1
                0x000000000800af0e       0x57 common/spl/built-in.o
 .rodata.prompt
                0x000000000800af65        0x8 common/spl/built-in.o
 .rodata.regmap_init_mem.str1.1
                0x000000000800af6d       0x27 drivers/built-in.o
                                         0x2b (size before relaxing)
 .rodata.reset_get_by_index.str1.1
                0x000000000800af94       0x14 drivers/built-in.o
 .rodata.serial_init.str1.1
                0x000000000800afa8       0x2b drivers/built-in.o
 .rodata.shellDumpMemory.str1.1
                0x000000000800afd3       0xa6 common/spl/built-in.o
                                         0xac (size before relaxing)
 .rodata.shellDumpMemory4.str1.1
                0x000000000800b079       0x6f common/spl/built-in.o
 .rodata.shellEditMemory.str1.1
                0x000000000800b0e8       0x1a common/spl/built-in.o
 .rodata.shellRegister1.str1.1
                0x000000000800b102       0x10 common/spl/built-in.o
 .rodata.shellRegister2.str1.1
                0x000000000800b112       0x10 common/spl/built-in.o
 .rodata.shellRegister4.str1.1
                0x000000000800b122       0x10 common/spl/built-in.o
 .rodata.shellShowHelp.str1.1
                0x000000000800b132       0x25 common/spl/built-in.o
 .rodata.shell_invalidArguments
                0x000000000800b157       0x22 common/spl/built-in.o
 .rodata.shell_scanf_detail.str1.1
                0x000000000800b179        0x4 common/spl/built-in.o
 .rodata.shellgo.str1.1
                0x000000000800b17d       0x18 common/spl/built-in.o
 .rodata.shellloadb.str1.1
                0x000000000800b195       0x3d common/spl/built-in.o
                                         0x3f (size before relaxing)
 .rodata.simple_bus_post_bind.str1.1
                0x000000000800b1d2        0x7 drivers/built-in.o
 .rodata.spi_flash_mtd_register.str1.1
                0x000000000800b1d2       0x2d drivers/built-in.o
 .rodata.spi_flash_mtd_unregister.str1.1
                0x000000000800b1ff       0x5c drivers/built-in.o
 .rodata.spi_flash_probe_bus_cs.str1.1
                0x000000000800b25b       0x10 drivers/built-in.o
                                         0x1e (size before relaxing)
 .rodata.spi_flash_std_erase.str1.1
                0x000000000800b26b       0x34 drivers/built-in.o
 .rodata.spi_flash_std_probe.str1.1
                0x000000000800b29f       0x1c drivers/built-in.o
 .rodata.spi_get_bus_and_cs.str1.1
                0x000000000800b2bb       0x64 drivers/built-in.o
 .rodata.spi_nor_scan.str1.1
                0x000000000800b31f       0x6d drivers/built-in.o
 .rodata.spi_nor_wait_till_ready.str1.1
                0x000000000800b38c       0x1b drivers/built-in.o
 .rodata.spi_post_probe.str1.1
                0x000000000800b3a7       0x12 drivers/built-in.o
 .rodata.spi_set_speed_mode.str1.1
                0x000000000800b3b9       0x35 drivers/built-in.o
 .rodata.spi_slave_ofdata_to_platdata.str1.1
                0x000000000800b3ee       0x5a drivers/built-in.o
                                         0x5e (size before relaxing)
 .rodata.spl_kermit_init.str1.1
                0x000000000800b448       0x20 common/spl/built-in.o
 .rodata.spl_kermit_load_binary.str1.1
                0x000000000800b468       0xaa common/spl/built-in.o
 .rodata.spl_parse_image_header.str1.1
                0x000000000800b512       0x25 common/spl/built-in.o
 .rodata.spl_shell.str1.1
                0x000000000800b537       0xac common/spl/built-in.o
                                         0xb6 (size before relaxing)
 .rodata.spl_shell_init.str1.1
                0x000000000800b5e3      0x1d7 common/spl/built-in.o
                                        0x1db (size before relaxing)
 .rodata.spl_spi_load_image.str1.1
                0x000000000800b7ba       0x2d common/spl/built-in.o
 .rodata.stm32_clk_get_rate.str1.1
                0x000000000800b7e7       0x4d drivers/built-in.o
 .rodata.stm32_clk_probe.str1.1
                0x000000000800b834       0x3f drivers/built-in.o
 .rodata.stm32_fmc_ofdata_to_platdata.str1.1
                0x000000000800b873       0xcc drivers/built-in.o
                                         0xe7 (size before relaxing)
 .rodata.stm32_fmc_probe.str1.1
                0x000000000800b93f       0x18 drivers/built-in.o
 .rodata.stm32_get_rate.str1.1
                0x000000000800b93f       0x31 drivers/built-in.o
 .rodata.stm32_get_timer_rate.isra.0.str1.1
                0x000000000800b970       0x21 drivers/built-in.o
 .rodata.stm32_pinctrl_config.str1.1
                0x000000000800b991       0x3e drivers/built-in.o
 .rodata.stm32_qspi_ofdata_to_platdata.str1.1
                0x000000000800b9cf       0x1d drivers/built-in.o
                                         0x34 (size before relaxing)
 .rodata.stm32_qspi_probe.str1.1
                0x000000000800b9ec       0x15 drivers/built-in.o
                                         0x2d (size before relaxing)
 .rodata.stm32_rcc_bind.str1.1
                0x000000000800ba01       0x25 drivers/built-in.o
                                         0x35 (size before relaxing)
 .rodata.stm32_serial_probe.str1.1
                0x000000000800ba26       0x18 drivers/built-in.o
 .rodata.stm32_syscon_probe.str1.1
                0x000000000800ba26       0x54 arch/arm/mach-stm32/built-in.o
 .rodata.stm32_timer_probe.str1.1
                0x000000000800ba7a       0x18 drivers/built-in.o
 .rodata.str1.1
                0x000000000800ba7a       0x1d arch/arm/mach-stm32/built-in.o
 .rodata.str1.1
                0x000000000800ba97        0x4 common/spl/built-in.o
 .rodata.str1.1
                0x000000000800ba9b      0x7ee common/built-in.o
                                        0x817 (size before relaxing)
 .rodata.str1.1
                0x000000000800c289       0x1b disk/built-in.o
                                         0x1e (size before relaxing)
 .rodata.str1.1
                0x000000000800c2a4      0x969 drivers/built-in.o
                                        0x9e0 (size before relaxing)
 .rodata.string.str1.1
                0x000000000800cc0d        0x7 lib/built-in.o
 .rodata.syscon_node_to_regmap.str1.1
                0x000000000800cc14       0x27 drivers/built-in.o
                                          0x7 (size before relaxing)
 .rodata.test_block_type.str1.1
                0x000000000800cc14        0xa disk/built-in.o
 .rodata.timer_pre_probe.str1.1
                0x000000000800cc1e       0x10 drivers/built-in.o
 .rodata.uuid_bin_to_str.str1.1
                0x000000000800cc1e        0x5 lib/built-in.o
                0x000000000800cc3c                . = ALIGN (0x4)

.data           0x000000000800cc24      0x119
 *(.data*)
 .data          0x000000000800cc24       0x50 common/spl/built-in.o
 .data.of_busses
                0x000000000800cc74       0x18 common/built-in.o
 .data.load_addr
                0x000000000800cc8c        0x4 common/built-in.o
                0x000000000800cc8c                load_addr
 .data.stm32_clk_ops
                0x000000000800cc90       0x20 drivers/built-in.o
 .data.sys_pll3_psc
                0x000000000800ccb0        0x8 drivers/built-in.o
                0x000000000800ccb0                sys_pll3_psc
 .data.sys_pll_psc
                0x000000000800ccb8        0x8 drivers/built-in.o
                0x000000000800ccb8                sys_pll_psc
 .data.stm32_rcc_clk_f42x
                0x000000000800ccc0        0x8 drivers/built-in.o
                0x000000000800ccc0                stm32_rcc_clk_f42x
 .data.stm32_rcc_clk_f469
                0x000000000800ccc8        0x8 drivers/built-in.o
                0x000000000800ccc8                stm32_rcc_clk_f469
 .data.stm32_rcc_clk_f7
                0x000000000800ccd0        0x8 drivers/built-in.o
                0x000000000800ccd0                stm32_rcc_clk_f7
 .data.stm32_rcc_clk_h7
                0x000000000800ccd8        0x8 drivers/built-in.o
                0x000000000800ccd8                stm32_rcc_clk_h7
 .data.stm32_rcc_clk_mp1
                0x000000000800cce0        0x8 drivers/built-in.o
                0x000000000800cce0                stm32_rcc_clk_mp1
 .data.stm32_pinctrl_ops
                0x000000000800cce8       0x48 drivers/built-in.o
 .data.stm32_fmc_ops
                0x000000000800cd30        0x4 drivers/built-in.o
 .data.stm32f4_info
                0x000000000800cd34        0x3 drivers/built-in.o
                0x000000000800cd34                stm32f4_info
 .data.stm32f7_info
                0x000000000800cd37        0x3 drivers/built-in.o
                0x000000000800cd37                stm32f7_info
 .data.stm32h7_info
                0x000000000800cd3a        0x3 drivers/built-in.o
                0x000000000800cd3a                stm32h7_info

.igot.plt       0x000000000800cd40        0x0
 .igot.plt      0x000000000800cd40        0x0 arch/arm/cpu/armv7m/start.o
                0x000000000800cd40                . = ALIGN (0x4)

.u_boot_list    0x000000000800cd40      0xa10
 *(SORT_BY_NAME(.u_boot_list*))
 .u_boot_list_2_cmd_1
                0x000000000800cd40        0x0 common/built-in.o
 .u_boot_list_2_cmd_3
                0x000000000800cd40        0x0 common/built-in.o
 .u_boot_list_2_driver_1
                0x000000000800cd40        0x0 drivers/built-in.o
 .u_boot_list_2_driver_2_clk_fixed_factor
                0x000000000800cd40       0x44 drivers/built-in.o
                0x000000000800cd40                _u_boot_list_2_driver_2_clk_fixed_factor
 .u_boot_list_2_driver_2_clk_fixed_rate
                0x000000000800cd84       0x44 drivers/built-in.o
                0x000000000800cd84                _u_boot_list_2_driver_2_clk_fixed_rate
 .u_boot_list_2_driver_2_generic_syscon
                0x000000000800cdc8       0x44 drivers/built-in.o
                0x000000000800cdc8                _u_boot_list_2_driver_2_generic_syscon
 .u_boot_list_2_driver_2_gpio_stm32
                0x000000000800ce0c       0x44 drivers/built-in.o
                0x000000000800ce0c                _u_boot_list_2_driver_2_gpio_stm32
 .u_boot_list_2_driver_2_pinconfig_generic
                0x000000000800ce50       0x44 drivers/built-in.o
                0x000000000800ce50                _u_boot_list_2_driver_2_pinconfig_generic
 .u_boot_list_2_driver_2_pinctrl_stm32
                0x000000000800ce94       0x44 drivers/built-in.o
                0x000000000800ce94                _u_boot_list_2_driver_2_pinctrl_stm32
 .u_boot_list_2_driver_2_root_driver
                0x000000000800ced8       0x44 drivers/built-in.o
                0x000000000800ced8                _u_boot_list_2_driver_2_root_driver
 .u_boot_list_2_driver_2_serial_stm32
                0x000000000800cf1c       0x44 drivers/built-in.o
                0x000000000800cf1c                _u_boot_list_2_driver_2_serial_stm32
 .u_boot_list_2_driver_2_simple_bus_drv
                0x000000000800cf60       0x44 drivers/built-in.o
                0x000000000800cf60                _u_boot_list_2_driver_2_simple_bus_drv
 .u_boot_list_2_driver_2_spi_flash_std
                0x000000000800cfa4       0x44 drivers/built-in.o
                0x000000000800cfa4                _u_boot_list_2_driver_2_spi_flash_std
 .u_boot_list_2_driver_2_spi_generic_drv
                0x000000000800cfe8       0x44 drivers/built-in.o
                0x000000000800cfe8                _u_boot_list_2_driver_2_spi_generic_drv
 .u_boot_list_2_driver_2_stm32_fmc
                0x000000000800d02c       0x44 drivers/built-in.o
                0x000000000800d02c                _u_boot_list_2_driver_2_stm32_fmc
 .u_boot_list_2_driver_2_stm32_qspi
                0x000000000800d070       0x44 drivers/built-in.o
                0x000000000800d070                _u_boot_list_2_driver_2_stm32_qspi
 .u_boot_list_2_driver_2_stm32_rcc
                0x000000000800d0b4       0x44 drivers/built-in.o
                0x000000000800d0b4                _u_boot_list_2_driver_2_stm32_rcc
 .u_boot_list_2_driver_2_stm32_rcc_reset
                0x000000000800d0f8       0x44 drivers/built-in.o
                0x000000000800d0f8                _u_boot_list_2_driver_2_stm32_rcc_reset
 .u_boot_list_2_driver_2_stm32_timer
                0x000000000800d13c       0x44 drivers/built-in.o
                0x000000000800d13c                _u_boot_list_2_driver_2_stm32_timer
 .u_boot_list_2_driver_2_stm32h7_clk
                0x000000000800d180       0x44 drivers/built-in.o
                0x000000000800d180                _u_boot_list_2_driver_2_stm32h7_clk
 .u_boot_list_2_driver_2_syscon_stm32
                0x000000000800d1c4       0x44 arch/arm/mach-stm32/built-in.o
                0x000000000800d1c4                _u_boot_list_2_driver_2_syscon_stm32
 .u_boot_list_2_driver_3
                0x000000000800d208        0x0 drivers/built-in.o
 .u_boot_list_2_driver_info_1
                0x000000000800d208        0x0 drivers/built-in.o
 .u_boot_list_2_driver_info_3
                0x000000000800d208        0x0 drivers/built-in.o
 .u_boot_list_2_env_driver_1
                0x000000000800d208        0x0 env/built-in.o
 .u_boot_list_2_env_driver_3
                0x000000000800d208        0x0 env/built-in.o
 .u_boot_list_2_part_driver_1
                0x000000000800d208        0x0 disk/built-in.o
 .u_boot_list_2_part_driver_2_a_efi
                0x000000000800d208       0x18 disk/built-in.o
                0x000000000800d208                _u_boot_list_2_part_driver_2_a_efi
 .u_boot_list_2_part_driver_2_dos
                0x000000000800d220       0x18 disk/built-in.o
                0x000000000800d220                _u_boot_list_2_part_driver_2_dos
 .u_boot_list_2_part_driver_3
                0x000000000800d238        0x0 disk/built-in.o
 .u_boot_list_2_spl_image_loader_1
                0x000000000800d238        0x0 common/spl/built-in.o
 .u_boot_list_2_spl_image_loader_2_spl_spi_load_image1BOOT_DEVICE_SPI
                0x000000000800d238        0xc common/spl/built-in.o
                0x000000000800d238                _u_boot_list_2_spl_image_loader_2_spl_spi_load_image1BOOT_DEVICE_SPI
 .u_boot_list_2_spl_image_loader_3
                0x000000000800d244        0x0 common/spl/built-in.o
 .u_boot_list_2_uclass_1
                0x000000000800d244        0x0 drivers/built-in.o
 .u_boot_list_2_uclass_2_blk
                0x000000000800d244       0x4c drivers/built-in.o
                0x000000000800d244                _u_boot_list_2_uclass_2_blk
 .u_boot_list_2_uclass_2_clk
                0x000000000800d290       0x4c drivers/built-in.o
                0x000000000800d290                _u_boot_list_2_uclass_2_clk
 .u_boot_list_2_uclass_2_gpio
                0x000000000800d2dc       0x4c drivers/built-in.o
                0x000000000800d2dc                _u_boot_list_2_uclass_2_gpio
 .u_boot_list_2_uclass_2_misc
                0x000000000800d328       0x4c drivers/built-in.o
                0x000000000800d328                _u_boot_list_2_uclass_2_misc
 .u_boot_list_2_uclass_2_mtd
                0x000000000800d374       0x4c drivers/built-in.o
                0x000000000800d374                _u_boot_list_2_uclass_2_mtd
 .u_boot_list_2_uclass_2_pinconfig
                0x000000000800d3c0       0x4c drivers/built-in.o
                0x000000000800d3c0                _u_boot_list_2_uclass_2_pinconfig
 .u_boot_list_2_uclass_2_pinctrl
                0x000000000800d40c       0x4c drivers/built-in.o
                0x000000000800d40c                _u_boot_list_2_uclass_2_pinctrl
 .u_boot_list_2_uclass_2_ram
                0x000000000800d458       0x4c drivers/built-in.o
                0x000000000800d458                _u_boot_list_2_uclass_2_ram
 .u_boot_list_2_uclass_2_reset
                0x000000000800d4a4       0x4c drivers/built-in.o
                0x000000000800d4a4                _u_boot_list_2_uclass_2_reset
 .u_boot_list_2_uclass_2_root
                0x000000000800d4f0       0x4c drivers/built-in.o
                0x000000000800d4f0                _u_boot_list_2_uclass_2_root
 .u_boot_list_2_uclass_2_serial
                0x000000000800d53c       0x4c drivers/built-in.o
                0x000000000800d53c                _u_boot_list_2_uclass_2_serial
 .u_boot_list_2_uclass_2_simple_bus
                0x000000000800d588       0x4c drivers/built-in.o
                0x000000000800d588                _u_boot_list_2_uclass_2_simple_bus
 .u_boot_list_2_uclass_2_spi
                0x000000000800d5d4       0x4c drivers/built-in.o
                0x000000000800d5d4                _u_boot_list_2_uclass_2_spi
 .u_boot_list_2_uclass_2_spi_generic
                0x000000000800d620       0x4c drivers/built-in.o
                0x000000000800d620                _u_boot_list_2_uclass_2_spi_generic
 .u_boot_list_2_uclass_2_spi_nor
                0x000000000800d66c       0x4c drivers/built-in.o
                0x000000000800d66c                _u_boot_list_2_uclass_2_spi_nor
 .u_boot_list_2_uclass_2_syscon
                0x000000000800d6b8       0x4c drivers/built-in.o
                0x000000000800d6b8                _u_boot_list_2_uclass_2_syscon
 .u_boot_list_2_uclass_2_timer
                0x000000000800d704       0x4c drivers/built-in.o
                0x000000000800d704                _u_boot_list_2_uclass_2_timer
 .u_boot_list_2_uclass_3
                0x000000000800d750        0x0 drivers/built-in.o
                0x000000000800d750                . = ALIGN (0x4)

.binman_sym_table
                0x000000000800d750        0x0
                0x000000000800d750                __binman_sym_start = .
 *(SORT_BY_NAME(.binman_sym*))
                0x000000000800d750                __binman_sym_end = .
                0x000000000800d750                . = ALIGN (0x4)
                0x000000000800d750                __image_copy_end = .

.rel.dyn        0x000000000800d750        0x0
                0x000000000800d750                __rel_dyn_start = .
 *(.rel*)
 .rel.iplt      0x000000000800d750        0x0 arch/arm/cpu/armv7m/start.o
                0x000000000800d750                __rel_dyn_end = .

.end
 *(.__end)
                0x000000000800d750                _image_binary_end = .

.bss            0x000000000800d750      0x210
                0x000000000800d750                __bss_start = .
 *(.bss*)
 .bss.stdio_devices
                0x000000000800d750        0xc common/built-in.o
                0x000000000800d750                stdio_devices
 .bss.mtd_idr   0x000000000800d75c      0x204 drivers/built-in.o
                0x000000000800d960                . = ALIGN (0x4)
                0x000000000800d960                __bss_end = .
                0x0000000000000210                __bss_size = (__bss_end - __bss_start)

.dynsym
 *(.dynsym)

.dynbss
 *(.dynbss)

.dynstr
 *(.dynstr*)

.dynamic
 *(.dynamic*)

.hash
 *(.hash*)

.plt
 *(.plt*)

.interp
 *(.interp*)

.gnu
 *(.gnu*)

.ARM.exidx
 *(.ARM.exidx*)
Address of section .text set to 0x8000000
LOAD arch/arm/cpu/armv7m/start.o
START GROUP
LOAD arch/arm/mach-stm32/built-in.o
LOAD arch/arm/cpu/armv7m/built-in.o
LOAD arch/arm/cpu/built-in.o
LOAD arch/arm/lib/built-in.o
LOAD board/emcraft/stm32h7-som/built-in.o
LOAD common/spl/built-in.o
LOAD common/init/built-in.o
LOAD common/built-in.o
LOAD cmd/built-in.o
LOAD env/built-in.o
LOAD lib/built-in.o
LOAD disk/built-in.o
LOAD drivers/built-in.o
LOAD dts/built-in.o
LOAD fs/built-in.o
END GROUP
LOAD arch/arm/lib/eabi_compat.o
LOAD arch/arm/lib/lib.a
OUTPUT(u-boot-spl elf32-littlearm)
LOAD linker stubs

.ARM.attributes
                0x0000000000000000       0x27
 .ARM.attributes
                0x0000000000000000       0x1b arch/arm/cpu/armv7m/start.o
 .ARM.attributes
                0x000000000000001b       0x2b arch/arm/mach-stm32/built-in.o
 .ARM.attributes
                0x0000000000000046       0x2b arch/arm/cpu/armv7m/built-in.o
 .ARM.attributes
                0x0000000000000071       0x27 arch/arm/lib/built-in.o
 .ARM.attributes
                0x0000000000000098       0x2b board/emcraft/stm32h7-som/built-in.o
 .ARM.attributes
                0x00000000000000c3       0x2b common/spl/built-in.o
 .ARM.attributes
                0x00000000000000ee       0x2b common/init/built-in.o
 .ARM.attributes
                0x0000000000000119       0x2b common/built-in.o
 .ARM.attributes
                0x0000000000000144       0x2b env/built-in.o
 .ARM.attributes
                0x000000000000016f       0x2b lib/built-in.o
 .ARM.attributes
                0x000000000000019a       0x2b disk/built-in.o
 .ARM.attributes
                0x00000000000001c5       0x2b drivers/built-in.o

.comment        0x0000000000000000       0x33
 .comment       0x0000000000000000       0x33 arch/arm/mach-stm32/built-in.o
                                         0x68 (size before relaxing)
 .comment       0x0000000000000033       0x9c arch/arm/cpu/armv7m/built-in.o
 .comment       0x0000000000000033      0x1d4 arch/arm/lib/built-in.o
 .comment       0x0000000000000033       0x34 board/emcraft/stm32h7-som/built-in.o
 .comment       0x0000000000000033       0xd0 common/spl/built-in.o
 .comment       0x0000000000000033       0x34 common/init/built-in.o
 .comment       0x0000000000000033      0x270 common/built-in.o
 .comment       0x0000000000000033       0x68 env/built-in.o
 .comment       0x0000000000000033      0x7b8 lib/built-in.o
 .comment       0x0000000000000033       0x9c disk/built-in.o
 .comment       0x0000000000000033      0x958 drivers/built-in.o

.debug_line     0x0000000000000000    0x31632
 .debug_line    0x0000000000000000       0x4c arch/arm/cpu/armv7m/start.o
 .debug_line    0x000000000000004c      0x296 arch/arm/mach-stm32/built-in.o
 .debug_line    0x00000000000002e2      0x6e1 arch/arm/cpu/armv7m/built-in.o
 .debug_line    0x00000000000009c3      0x939 arch/arm/lib/built-in.o