Archive member included to satisfy reference by file (symbol)

/usr/lib/gcc/arm-none-eabi/10.3.1/thumb/v7e-m+dp/hard/libgcc.a(_aeabi_ldivmod.o)
                              CMakeFiles/freertos_stm32h750.elf.dir/Drivers/STM32H7xx_HAL_Driver/Src/stm32h7xx_hal_uart.c.obj (__aeabi_ldivmod)
/usr/lib/gcc/arm-none-eabi/10.3.1/thumb/v7e-m+dp/hard/libgcc.a(_aeabi_uldivmod.o)
                              CMakeFiles/freertos_stm32h750.elf.dir/Drivers/STM32H7xx_HAL_Driver/Src/stm32h7xx_hal_uart.c.obj (__aeabi_uldivmod)
/usr/lib/gcc/arm-none-eabi/10.3.1/thumb/v7e-m+dp/hard/libgcc.a(_udivmoddi4.o)
                              /usr/lib/gcc/arm-none-eabi/10.3.1/thumb/v7e-m+dp/hard/libgcc.a(_aeabi_ldivmod.o) (__udivmoddi4)
/usr/lib/gcc/arm-none-eabi/10.3.1/thumb/v7e-m+dp/hard/libgcc.a(_dvmd_tls.o)
                              /usr/lib/gcc/arm-none-eabi/10.3.1/thumb/v7e-m+dp/hard/libgcc.a(_aeabi_ldivmod.o) (__aeabi_ldiv0)
/usr/lib/gcc/arm-none-eabi/10.3.1/../../../arm-none-eabi/lib/thumb/v7e-m+dp/hard/libc_nano.a(lib_a-atexit.o)
                              /usr/lib/gcc/arm-none-eabi/10.3.1/../../../arm-none-eabi/lib/thumb/v7e-m+dp/hard/crt0.o (atexit)
/usr/lib/gcc/arm-none-eabi/10.3.1/../../../arm-none-eabi/lib/thumb/v7e-m+dp/hard/libc_nano.a(lib_a-atoi.o)
                              CMakeFiles/freertos_stm32h750.elf.dir/Middlewares/Third_Party/LwIP/src/core/netif.c.obj (atoi)
/usr/lib/gcc/arm-none-eabi/10.3.1/../../../arm-none-eabi/lib/thumb/v7e-m+dp/hard/libc_nano.a(lib_a-ctype_.o)
                              CMakeFiles/freertos_stm32h750.elf.dir/Middlewares/Third_Party/LwIP/src/core/ipv4/ip4_addr.c.obj (_ctype_)
/usr/lib/gcc/arm-none-eabi/10.3.1/../../../arm-none-eabi/lib/thumb/v7e-m+dp/hard/libc_nano.a(lib_a-exit.o)
                              /usr/lib/gcc/arm-none-eabi/10.3.1/../../../arm-none-eabi/lib/thumb/v7e-m+dp/hard/crt0.o (exit)
/usr/lib/gcc/arm-none-eabi/10.3.1/../../../arm-none-eabi/lib/thumb/v7e-m+dp/hard/libc_nano.a(lib_a-fini.o)
                              /usr/lib/gcc/arm-none-eabi/10.3.1/../../../arm-none-eabi/lib/thumb/v7e-m+dp/hard/crt0.o (__libc_fini_array)
/usr/lib/gcc/arm-none-eabi/10.3.1/../../../arm-none-eabi/lib/thumb/v7e-m+dp/hard/libc_nano.a(lib_a-impure.o)
                              /usr/lib/gcc/arm-none-eabi/10.3.1/../../../arm-none-eabi/lib/thumb/v7e-m+dp/hard/libc_nano.a(lib_a-exit.o) (_global_impure_ptr)
/usr/lib/gcc/arm-none-eabi/10.3.1/../../../arm-none-eabi/lib/thumb/v7e-m+dp/hard/libc_nano.a(lib_a-init.o)
                              /usr/lib/gcc/arm-none-eabi/10.3.1/../../../arm-none-eabi/lib/thumb/v7e-m+dp/hard/crt0.o (__libc_init_array)
/usr/lib/gcc/arm-none-eabi/10.3.1/../../../arm-none-eabi/lib/thumb/v7e-m+dp/hard/libc_nano.a(lib_a-malloc.o)
                              CMakeFiles/freertos_stm32h750.elf.dir/Middlewares/ST/STM32_USB_Host_Library/Class/MSC/Src/usbh_msc.c.obj (malloc)
/usr/lib/gcc/arm-none-eabi/10.3.1/../../../arm-none-eabi/lib/thumb/v7e-m+dp/hard/libc_nano.a(lib_a-memcmp.o)
                              CMakeFiles/freertos_stm32h750.elf.dir/Middlewares/Third_Party/LwIP/src/netif/ethernet.c.obj (memcmp)
/usr/lib/gcc/arm-none-eabi/10.3.1/../../../arm-none-eabi/lib/thumb/v7e-m+dp/hard/libc_nano.a(lib_a-memcpy.o)
                              CMakeFiles/freertos_stm32h750.elf.dir/Middlewares/Third_Party/FreeRTOS/Source/queue.c.obj (memcpy)
/usr/lib/gcc/arm-none-eabi/10.3.1/../../../arm-none-eabi/lib/thumb/v7e-m+dp/hard/libc_nano.a(lib_a-memmove.o)
                              CMakeFiles/freertos_stm32h750.elf.dir/Middlewares/Third_Party/LwIP/src/core/def.c.obj (memmove)
/usr/lib/gcc/arm-none-eabi/10.3.1/../../../arm-none-eabi/lib/thumb/v7e-m+dp/hard/libc_nano.a(lib_a-memset.o)
                              /usr/lib/gcc/arm-none-eabi/10.3.1/../../../arm-none-eabi/lib/thumb/v7e-m+dp/hard/crt0.o (memset)
/usr/lib/gcc/arm-none-eabi/10.3.1/../../../arm-none-eabi/lib/thumb/v7e-m+dp/hard/libc_nano.a(lib_a-nano-freer.o)
                              /usr/lib/gcc/arm-none-eabi/10.3.1/../../../arm-none-eabi/lib/thumb/v7e-m+dp/hard/libc_nano.a(lib_a-malloc.o) (_free_r)
/usr/lib/gcc/arm-none-eabi/10.3.1/../../../arm-none-eabi/lib/thumb/v7e-m+dp/hard/libc_nano.a(lib_a-nano-mallocr.o)
                              /usr/lib/gcc/arm-none-eabi/10.3.1/../../../arm-none-eabi/lib/thumb/v7e-m+dp/hard/libc_nano.a(lib_a-malloc.o) (_malloc_r)
/usr/lib/gcc/arm-none-eabi/10.3.1/../../../arm-none-eabi/lib/thumb/v7e-m+dp/hard/libc_nano.a(lib_a-printf.o)
                              CMakeFiles/freertos_stm32h750.elf.dir/Middlewares/Third_Party/LwIP/src/core/mem.c.obj (printf)
/usr/lib/gcc/arm-none-eabi/10.3.1/../../../arm-none-eabi/lib/thumb/v7e-m+dp/hard/libc_nano.a(lib_a-rand.o)
                              CMakeFiles/freertos_stm32h750.elf.dir/Middlewares/Third_Party/LwIP/src/core/tcp.c.obj (rand)
/usr/lib/gcc/arm-none-eabi/10.3.1/../../../arm-none-eabi/lib/thumb/v7e-m+dp/hard/libc_nano.a(lib_a-sbrkr.o)
[...]
Memory Configuration

Name             Origin             Length             Attributes
DTCMRAM          0x0000000020000000 0x0000000000020000 xrw
RAM_D1           0x0000000024000000 0x0000000000080000 xrw
RAM_D2           0x0000000030000000 0x0000000000048000 xrw
RAM_D3           0x0000000038000000 0x0000000000010000 xrw
ITCMRAM          0x0000000000000000 0x0000000000010000 xrw
SDRAM            0x00000000d0600000 0x0000000003800000 xrw
FLASH            0x0000000008000000 0x0000000000200000 xr
*default*        0x0000000000000000 0xffffffffffffffff

Linker script and memory map

LOAD /usr/lib/gcc/arm-none-eabi/10.3.1/thumb/v7e-m+dp/hard/crti.o
LOAD /usr/lib/gcc/arm-none-eabi/10.3.1/thumb/v7e-m+dp/hard/crtbegin.o
LOAD /usr/lib/gcc/arm-none-eabi/10.3.1/../../../arm-none-eabi/lib/thumb/v7e-m+dp/hard/crt0.o
LOAD CMakeFiles/freertos_stm32h750.elf.dir/Middlewares/ST/STM32_USB_Host_Library/Core/Src/usbh_core.c.obj
LOAD CMakeFiles/freertos_stm32h750.elf.dir/Middlewares/ST/STM32_USB_Host_Library/Core/Src/usbh_ctlreq.c.obj
LOAD CMakeFiles/freertos_stm32h750.elf.dir/Middlewares/ST/STM32_USB_Host_Library/Core/Src/usbh_ioreq.c.obj
LOAD CMakeFiles/freertos_stm32h750.elf.dir/Middlewares/ST/STM32_USB_Host_Library/Class/MSC/Src/usbh_msc.c.obj
LOAD CMakeFiles/freertos_stm32h750.elf.dir/Middlewares/ST/STM32_USB_Host_Library/Class/MSC/Src/usbh_msc_bot.c.obj
LOAD CMakeFiles/freertos_stm32h750.elf.dir/Middlewares/ST/STM32_USB_Host_Library/Class/MSC/Src/usbh_msc_scsi.c.obj
LOAD CMakeFiles/freertos_stm32h750.elf.dir/Middlewares/ST/STM32_USB_Host_Library/Core/Src/usbh_pipes.c.obj
LOAD CMakeFiles/freertos_stm32h750.elf.dir/Middlewares/Third_Party/FreeRTOS/Source/portable/MemMang/heap_4.c.obj
LOAD CMakeFiles/freertos_stm32h750.elf.dir/Middlewares/Third_Party/FreeRTOS/Source/portable/GCC/ARM_CM4F/port.c.obj
LOAD CMakeFiles/freertos_stm32h750.elf.dir/Middlewares/Third_Party/FreeRTOS/Source/CMSIS_RTOS/cmsis_os.c.obj
LOAD CMakeFiles/freertos_stm32h750.elf.dir/Middlewares/Third_Party/FreeRTOS/Source/croutine.c.obj
LOAD CMakeFiles/freertos_stm32h750.elf.dir/Middlewares/Third_Party/FreeRTOS/Source/event_groups.c.obj
LOAD CMakeFiles/freertos_stm32h750.elf.dir/Middlewares/Third_Party/FreeRTOS/Source/list.c.obj
LOAD CMakeFiles/freertos_stm32h750.elf.dir/Middlewares/Third_Party/FreeRTOS/Source/queue.c.obj
LOAD CMakeFiles/freertos_stm32h750.elf.dir/Middlewares/Third_Party/FreeRTOS/Source/tasks.c.obj
LOAD CMakeFiles/freertos_stm32h750.elf.dir/Middlewares/Third_Party/FreeRTOS/Source/timers.c.obj
LOAD CMakeFiles/freertos_stm32h750.elf.dir/Middlewares/Third_Party/FatFs/src/diskio.c.obj
LOAD CMakeFiles/freertos_stm32h750.elf.dir/Middlewares/Third_Party/FatFs/src/ff.c.obj
LOAD CMakeFiles/freertos_stm32h750.elf.dir/Middlewares/Third_Party/FatFs/src/ff_gen_drv.c.obj
LOAD CMakeFiles/freertos_stm32h750.elf.dir/Drivers/STM32H7xx_HAL_Driver/Src/stm32h7xx_hal.c.obj
LOAD CMakeFiles/freertos_stm32h750.elf.dir/Drivers/STM32H7xx_HAL_Driver/Src/stm32h7xx_hal_adc.c.obj
LOAD CMakeFiles/freertos_stm32h750.elf.dir/Drivers/STM32H7xx_HAL_Driver/Src/stm32h7xx_hal_adc_ex.c.obj
LOAD CMakeFiles/freertos_stm32h750.elf.dir/Drivers/STM32H7xx_HAL_Driver/Src/stm32h7xx_hal_cortex.c.obj
LOAD CMakeFiles/freertos_stm32h750.elf.dir/Drivers/STM32H7xx_HAL_Driver/Src/stm32h7xx_hal_dma.c.obj
LOAD CMakeFiles/freertos_stm32h750.elf.dir/Drivers/STM32H7xx_HAL_Driver/Src/stm32h7xx_hal_dma2d.c.obj
LOAD CMakeFiles/freertos_stm32h750.elf.dir/Drivers/STM32H7xx_HAL_Driver/Src/stm32h7xx_hal_dma_ex.c.obj
LOAD CMakeFiles/freertos_stm32h750.elf.dir/Drivers/STM32H7xx_HAL_Driver/Src/stm32h7xx_hal_flash.c.obj
LOAD CMakeFiles/freertos_stm32h750.elf.dir/Drivers/STM32H7xx_HAL_Driver/Src/stm32h7xx_hal_flash_ex.c.obj
LOAD CMakeFiles/freertos_stm32h750.elf.dir/Drivers/STM32H7xx_HAL_Driver/Src/stm32h7xx_hal_gpio.c.obj
LOAD CMakeFiles/freertos_stm32h750.elf.dir/Drivers/STM32H7xx_HAL_Driver/Src/stm32h7xx_hal_hcd.c.obj
LOAD CMakeFiles/freertos_stm32h750.elf.dir/Drivers/STM32H7xx_HAL_Driver/Src/stm32h7xx_hal_i2c.c.obj
LOAD CMakeFiles/freertos_stm32h750.elf.dir/Drivers/STM32H7xx_HAL_Driver/Src/stm32h7xx_hal_i2c_ex.c.obj
LOAD CMakeFiles/freertos_stm32h750.elf.dir/Drivers/STM32H7xx_HAL_Driver/Src/stm32h7xx_hal_iwdg.c.obj
LOAD CMakeFiles/freertos_stm32h750.elf.dir/Drivers/STM32H7xx_HAL_Driver/Src/stm32h7xx_hal_ltdc.c.obj
LOAD CMakeFiles/freertos_stm32h750.elf.dir/Drivers/STM32H7xx_HAL_Driver/Src/stm32h7xx_hal_pwr_ex.c.obj
LOAD CMakeFiles/freertos_stm32h750.elf.dir/Drivers/STM32H7xx_HAL_Driver/Src/stm32h7xx_hal_pwr.c.obj
LOAD CMakeFiles/freertos_stm32h750.elf.dir/Drivers/STM32H7xx_HAL_Driver/Src/stm32h7xx_hal_rcc.c.obj
LOAD CMakeFiles/freertos_stm32h750.elf.dir/Drivers/STM32H7xx_HAL_Driver/Src/stm32h7xx_hal_rcc_ex.c.obj
LOAD CMakeFiles/freertos_stm32h750.elf.dir/Drivers/STM32H7xx_HAL_Driver/Src/stm32h7xx_hal_rtc.c.obj
LOAD CMakeFiles/freertos_stm32h750.elf.dir/Drivers/STM32H7xx_HAL_Driver/Src/stm32h7xx_hal_spi.c.obj
LOAD CMakeFiles/freertos_stm32h750.elf.dir/Drivers/STM32H7xx_HAL_Driver/Src/stm32h7xx_hal_tim.c.obj
LOAD CMakeFiles/freertos_stm32h750.elf.dir/Drivers/STM32H7xx_HAL_Driver/Src/stm32h7xx_hal_tim_ex.c.obj
LOAD CMakeFiles/freertos_stm32h750.elf.dir/Drivers/STM32H7xx_HAL_Driver/Src/stm32h7xx_hal_uart.c.obj
LOAD CMakeFiles/freertos_stm32h750.elf.dir/Drivers/STM32H7xx_HAL_Driver/Src/stm32h7xx_hal_uart_ex.c.obj
LOAD CMakeFiles/freertos_stm32h750.elf.dir/Drivers/STM32H7xx_HAL_Driver/Src/stm32h7xx_hal_eth.c.obj
LOAD CMakeFiles/freertos_stm32h750.elf.dir/Drivers/BSP/Components/LAN8720/PHY_LAN8720.c.obj
LOAD CMakeFiles/freertos_stm32h750.elf.dir/Middlewares/Third_Party/LwIP/src/core/ipv4/dhcp.c.obj
LOAD CMakeFiles/freertos_stm32h750.elf.dir/Middlewares/Third_Party/LwIP/src/core/mem.c.obj
LOAD CMakeFiles/freertos_stm32h750.elf.dir/Middlewares/Third_Party/LwIP/src/core/init.c.obj
LOAD CMakeFiles/freertos_stm32h750.elf.dir/Middlewares/Third_Party/LwIP/src/core/tcp_out.c.obj
LOAD CMakeFiles/freertos_stm32h750.elf.dir/Middlewares/Third_Party/LwIP/src/core/tcp_in.c.obj
LOAD CMakeFiles/freertos_stm32h750.elf.dir/Middlewares/Third_Party/LwIP/src/core/tcp.c.obj
LOAD CMakeFiles/freertos_stm32h750.elf.dir/Middlewares/Third_Party/LwIP/src/core/udp.c.obj
LOAD CMakeFiles/freertos_stm32h750.elf.dir/Middlewares/Third_Party/LwIP/src/core/inet_chksum.c.obj
LOAD CMakeFiles/freertos_stm32h750.elf.dir/Middlewares/Third_Party/LwIP/src/core/ipv4/icmp.c.obj
LOAD CMakeFiles/freertos_stm32h750.elf.dir/Middlewares/Third_Party/LwIP/system/OS/sys_arch.c.obj
LOAD CMakeFiles/freertos_stm32h750.elf.dir/Middlewares/Third_Party/LwIP/src/core/sys.c.obj
LOAD CMakeFiles/freertos_stm32h750.elf.dir/Middlewares/Third_Party/LwIP/src/core/memp.c.obj
LOAD CMakeFiles/freertos_stm32h750.elf.dir/Middlewares/Third_Party/LwIP/src/core/ipv4/ip4_frag.c.obj
LOAD CMakeFiles/freertos_stm32h750.elf.dir/Middlewares/Third_Party/LwIP/src/core/ip.c.obj
LOAD CMakeFiles/freertos_stm32h750.elf.dir/Middlewares/Third_Party/LwIP/src/core/def.c.obj
LOAD CMakeFiles/freertos_stm32h750.elf.dir/Middlewares/Third_Party/LwIP/src/core/ipv4/ip4_addr.c.obj
LOAD CMakeFiles/freertos_stm32h750.elf.dir/Middlewares/Third_Party/LwIP/src/core/ipv4/ip4.c.obj
LOAD CMakeFiles/freertos_stm32h750.elf.dir/Middlewares/Third_Party/LwIP/src/netif/ethernet.c.obj
LOAD CMakeFiles/freertos_stm32h750.elf.dir/Middlewares/Third_Party/LwIP/src/api/tcpip.c.obj
LOAD CMakeFiles/freertos_stm32h750.elf.dir/Middlewares/Third_Party/LwIP/src/core/netif.c.obj
LOAD CMakeFiles/freertos_stm32h750.elf.dir/Middlewares/Third_Party/LwIP/src/api/err.c.obj
LOAD CMakeFiles/freertos_stm32h750.elf.dir/Middlewares/Third_Party/LwIP/src/core/timeouts.c.obj
LOAD CMakeFiles/freertos_stm32h750.elf.dir/Middlewares/Third_Party/LwIP/src/core/ipv4/etharp.c.obj
LOAD CMakeFiles/freertos_stm32h750.elf.dir/Middlewares/Third_Party/LwIP/src/core/stats.c.obj
LOAD CMakeFiles/freertos_stm32h750.elf.dir/Middlewares/Third_Party/LwIP/src/core/pbuf.c.obj
LOAD CMakeFiles/freertos_stm32h750.elf.dir/Middlewares/Third_Party/LwIP/src/core/dns.c.obj
LOAD CMakeFiles/freertos_stm32h750.elf.dir/Middlewares/Third_Party/LwIP/src/api/netdb.c.obj
LOAD CMakeFiles/freertos_stm32h750.elf.dir/Middlewares/Third_Party/LwIP/src/api/sockets.c.obj
LOAD CMakeFiles/freertos_stm32h750.elf.dir/Middlewares/Third_Party/LwIP/src/api/netbuf.c.obj
LOAD CMakeFiles/freertos_stm32h750.elf.dir/Middlewares/Third_Party/LwIP/src/api/api_lib.c.obj
LOAD CMakeFiles/freertos_stm32h750.elf.dir/Middlewares/Third_Party/LwIP/src/api/api_msg.c.obj
LOAD CMakeFiles/freertos_stm32h750.elf.dir/Drivers/STM32H7xx_HAL_Driver/Src/stm32h7xx_ll_usb.c.obj
LOAD CMakeFiles/freertos_stm32h750.elf.dir/Projects/STM32H7_SOM/Applications/FreeRTOS/freertos_stm32h750/Src/system_stm32h7xx.c.obj
LOAD CMakeFiles/freertos_stm32h750.elf.dir/Projects/STM32H7_SOM/Applications/FreeRTOS/freertos_stm32h750/Src/FreeRTOS_CLI.c.obj
LOAD CMakeFiles/freertos_stm32h750.elf.dir/Projects/STM32H7_SOM/Applications/FreeRTOS/freertos_stm32h750/Src/adc_test.c.obj
LOAD CMakeFiles/freertos_stm32h750.elf.dir/Projects/STM32H7_SOM/Applications/FreeRTOS/freertos_stm32h750/Src/cmd_env.c.obj
LOAD CMakeFiles/freertos_stm32h750.elf.dir/Projects/STM32H7_SOM/Applications/FreeRTOS/freertos_stm32h750/Src/console.c.obj
LOAD CMakeFiles/freertos_stm32h750.elf.dir/Projects/STM32H7_SOM/Applications/FreeRTOS/freertos_stm32h750/Src/crc32.c.obj
LOAD CMakeFiles/freertos_stm32h750.elf.dir/Projects/STM32H7_SOM/Applications/FreeRTOS/freertos_stm32h750/Src/ctask.c.obj
LOAD CMakeFiles/freertos_stm32h750.elf.dir/Projects/STM32H7_SOM/Applications/FreeRTOS/freertos_stm32h750/Src/dma_alloc.c.obj
LOAD CMakeFiles/freertos_stm32h750.elf.dir/Projects/STM32H7_SOM/Applications/FreeRTOS/freertos_stm32h750/Src/env.c.obj
LOAD CMakeFiles/freertos_stm32h750.elf.dir/Projects/STM32H7_SOM/Applications/FreeRTOS/freertos_stm32h750/Src/fatfs.c.obj
LOAD CMakeFiles/freertos_stm32h750.elf.dir/Projects/STM32H7_SOM/Applications/FreeRTOS/freertos_stm32h750/Src/gpio_test.c.obj
LOAD CMakeFiles/freertos_stm32h750.elf.dir/Projects/STM32H7_SOM/Applications/FreeRTOS/freertos_stm32h750/Src/gui.c.obj
LOAD CMakeFiles/freertos_stm32h750.elf.dir/Projects/STM32H7_SOM/Applications/FreeRTOS/freertos_stm32h750/Src/i2c_drvr.c.obj
LOAD CMakeFiles/freertos_stm32h750.elf.dir/Projects/STM32H7_SOM/Applications/FreeRTOS/freertos_stm32h750/Src/i2c_test.c.obj
LOAD CMakeFiles/freertos_stm32h750.elf.dir/Projects/STM32H7_SOM/Applications/FreeRTOS/freertos_stm32h750/Src/lcd.c.obj
LOAD CMakeFiles/freertos_stm32h750.elf.dir/Projects/STM32H7_SOM/Applications/FreeRTOS/freertos_stm32h750/Src/pwm_test.c.obj
LOAD CMakeFiles/freertos_stm32h750.elf.dir/Projects/STM32H7_SOM/Applications/FreeRTOS/freertos_stm32h750/Src/rtc_test.c.obj
LOAD CMakeFiles/freertos_stm32h750.elf.dir/Projects/STM32H7_SOM/Applications/FreeRTOS/freertos_stm32h750/Src/sdram_info.c.obj
LOAD CMakeFiles/freertos_stm32h750.elf.dir/Projects/STM32H7_SOM/Applications/FreeRTOS/freertos_stm32h750/Src/sdram_test.c.obj
LOAD CMakeFiles/freertos_stm32h750.elf.dir/Projects/STM32H7_SOM/Applications/FreeRTOS/freertos_stm32h750/Src/spi_test.c.obj
LOAD CMakeFiles/freertos_stm32h750.elf.dir/Projects/STM32H7_SOM/Applications/FreeRTOS/freertos_stm32h750/Src/stm32h7xx_hal_msp.c.obj
LOAD CMakeFiles/freertos_stm32h750.elf.dir/Projects/STM32H7_SOM/Applications/FreeRTOS/freertos_stm32h750/Src/stm32h7xx_hal_timebase_tim.c.obj
LOAD CMakeFiles/freertos_stm32h750.elf.dir/Projects/STM32H7_SOM/Applications/FreeRTOS/freertos_stm32h750/Src/stm32h7xx_it.c.obj
LOAD CMakeFiles/freertos_stm32h750.elf.dir/Projects/STM32H7_SOM/Applications/FreeRTOS/freertos_stm32h750/Src/tim_test.c.obj
LOAD CMakeFiles/freertos_stm32h750.elf.dir/Projects/STM32H7_SOM/Applications/FreeRTOS/freertos_stm32h750/Src/ts_goodix_drvr.c.obj
LOAD CMakeFiles/freertos_stm32h750.elf.dir/Projects/STM32H7_SOM/Applications/FreeRTOS/freertos_stm32h750/Src/uart_drvr.c.obj
LOAD CMakeFiles/freertos_stm32h750.elf.dir/Projects/STM32H7_SOM/Applications/FreeRTOS/freertos_stm32h750/Src/uart_test.c.obj
LOAD CMakeFiles/freertos_stm32h750.elf.dir/Projects/STM32H7_SOM/Applications/FreeRTOS/freertos_stm32h750/Src/ubifs_test.c.obj
LOAD CMakeFiles/freertos_stm32h750.elf.dir/Projects/STM32H7_SOM/Applications/FreeRTOS/freertos_stm32h750/Src/uboot_abi.c.obj
LOAD CMakeFiles/freertos_stm32h750.elf.dir/Projects/STM32H7_SOM/Applications/FreeRTOS/freertos_stm32h750/Src/uboot_env.c.obj
LOAD CMakeFiles/freertos_stm32h750.elf.dir/Projects/STM32H7_SOM/Applications/FreeRTOS/freertos_stm32h750/Src/usb_host.c.obj
LOAD CMakeFiles/freertos_stm32h750.elf.dir/Projects/STM32H7_SOM/Applications/FreeRTOS/freertos_stm32h750/Src/usb_test.c.obj
LOAD CMakeFiles/freertos_stm32h750.elf.dir/Projects/STM32H7_SOM/Applications/FreeRTOS/freertos_stm32h750/Src/usbh_conf.c.obj
LOAD CMakeFiles/freertos_stm32h750.elf.dir/Projects/STM32H7_SOM/Applications/FreeRTOS/freertos_stm32h750/Src/usbh_diskio.c.obj
LOAD CMakeFiles/freertos_stm32h750.elf.dir/Projects/STM32H7_SOM/Applications/FreeRTOS/freertos_stm32h750/Src/usbh_platform.c.obj
LOAD CMakeFiles/freertos_stm32h750.elf.dir/Projects/STM32H7_SOM/Applications/FreeRTOS/freertos_stm32h750/Src/wdt_test.c.obj
LOAD CMakeFiles/freertos_stm32h750.elf.dir/Projects/STM32H7_SOM/Applications/FreeRTOS/freertos_stm32h750/Src/reliable_upgrade.c.obj
LOAD CMakeFiles/freertos_stm32h750.elf.dir/Projects/STM32H7_SOM/Applications/FreeRTOS/freertos_stm32h750/SW4STM32/startup_stm32h743xx.s.obj
LOAD CMakeFiles/freertos_stm32h750.elf.dir/Projects/STM32H7_SOM/Applications/FreeRTOS/freertos_stm32h750/Src/ethernetif.c.obj
LOAD CMakeFiles/freertos_stm32h750.elf.dir/Projects/STM32H7_SOM/Applications/FreeRTOS/freertos_stm32h750/Src/main.c.obj
LOAD /usr/lib/gcc/arm-none-eabi/10.3.1/../../../arm-none-eabi/lib/thumb/v7e-m+dp/hard/libm.a
START GROUP
LOAD /usr/lib/gcc/arm-none-eabi/10.3.1/thumb/v7e-m+dp/hard/libgcc.a
LOAD /usr/lib/gcc/arm-none-eabi/10.3.1/../../../arm-none-eabi/lib/thumb/v7e-m+dp/hard/libc_nano.a
END GROUP
START GROUP
LOAD /usr/lib/gcc/arm-none-eabi/10.3.1/thumb/v7e-m+dp/hard/libgcc.a
LOAD /usr/lib/gcc/arm-none-eabi/10.3.1/../../../arm-none-eabi/lib/thumb/v7e-m+dp/hard/libc_nano.a
LOAD /usr/lib/gcc/arm-none-eabi/10.3.1/../../../arm-none-eabi/lib/thumb/v7e-m+dp/hard/libnosys.a
END GROUP
START GROUP
LOAD /usr/lib/gcc/arm-none-eabi/10.3.1/thumb/v7e-m+dp/hard/libgcc.a
LOAD /usr/lib/gcc/arm-none-eabi/10.3.1/../../../arm-none-eabi/lib/thumb/v7e-m+dp/hard/libc_nano.a
LOAD /usr/lib/gcc/arm-none-eabi/10.3.1/../../../arm-none-eabi/lib/thumb/v7e-m+dp/hard/libnosys.a
END GROUP
LOAD /usr/lib/gcc/arm-none-eabi/10.3.1/thumb/v7e-m+dp/hard/crtend.o
LOAD /usr/lib/gcc/arm-none-eabi/10.3.1/thumb/v7e-m+dp/hard/crtn.o
                0x0000000020020000                _estack = 0x20020000
                0x0000000000000200                _Min_Heap_Size = 0x200
                0x0000000000000400                _Min_Stack_Size = 0x400

.isr_vector     0x00000000d0600000      0x298
                0x00000000d0600000                . = ALIGN (0x4)
 *(.isr_vector)
 .isr_vector    0x00000000d0600000      0x298 CMakeFiles/freertos_stm32h750.elf.dir/Projects/STM32H7_SOM/Applications/FreeRTOS/freertos_stm32h750/SW4STM32/startup_stm32h743xx.s.obj
                0x00000000d0600000                g_pfnVectors
                0x00000000d0600298                . = ALIGN (0x4)

.text           0x00000000d06002c0    0x1d500
                0x00000000d06002c0                . = ALIGN (0x4)
 *(.text)
 .text          0x00000000d06002c0       0x88 /usr/lib/gcc/arm-none-eabi/10.3.1/thumb/v7e-m+dp/hard/crtbegin.o
 .text          0x00000000d0600348       0xa0 /usr/lib/gcc/arm-none-eabi/10.3.1/thumb/v7e-m+dp/hard/libgcc.a(_aeabi_ldivmod.o)
                0x00000000d0600348                __aeabi_ldivmod
 .text          0x00000000d06003e8       0x30 /usr/lib/gcc/arm-none-eabi/10.3.1/thumb/v7e-m+dp/hard/libgcc.a(_aeabi_uldivmod.o)
                0x00000000d06003e8                __aeabi_uldivmod
 .text          0x00000000d0600418      0x2d0 /usr/lib/gcc/arm-none-eabi/10.3.1/thumb/v7e-m+dp/hard/libgcc.a(_udivmoddi4.o)
                0x00000000d0600418                __udivmoddi4
 .text          0x00000000d06006e8        0x4 /usr/lib/gcc/arm-none-eabi/10.3.1/thumb/v7e-m+dp/hard/libgcc.a(_dvmd_tls.o)
                0x00000000d06006e8                __aeabi_ldiv0
                0x00000000d06006e8                __aeabi_idiv0
 .text          0x00000000d06006ec       0x48 /usr/lib/gcc/arm-none-eabi/10.3.1/../../../arm-none-eabi/lib/thumb/v7e-m+dp/hard/libc_nano.a(lib_a-init.o)
                0x00000000d06006ec                __libc_init_array
 .text          0x00000000d0600734       0x20 /usr/lib/gcc/arm-none-eabi/10.3.1/../../../arm-none-eabi/lib/thumb/v7e-m+dp/hard/libc_nano.a(lib_a-malloc.o)
                0x00000000d0600734                malloc
                0x00000000d0600744                free
 .text          0x00000000d0600754       0x64 /usr/lib/gcc/arm-none-eabi/10.3.1/../../../arm-none-eabi/lib/thumb/v7e-m+dp/hard/libc_nano.a(lib_a-memcmp.o)
                0x00000000d0600754                memcmp
 .text          0x00000000d06007b8      0x134 /usr/lib/gcc/arm-none-eabi/10.3.1/../../../arm-none-eabi/lib/thumb/v7e-m+dp/hard/libc_nano.a(lib_a-memcpy.o)
                0x00000000d06007b8                memcpy
 .text          0x00000000d06008ec       0xf8 /usr/lib/gcc/arm-none-eabi/10.3.1/../../../arm-none-eabi/lib/thumb/v7e-m+dp/hard/libc_nano.a(lib_a-memmove.o)
                0x00000000d06008ec                memmove
 .text          0x00000000d06009e4       0xa4 /usr/lib/gcc/arm-none-eabi/10.3.1/../../../arm-none-eabi/lib/thumb/v7e-m+dp/hard/libc_nano.a(lib_a-memset.o)
                0x00000000d06009e4                memset
 .text          0x00000000d0600a88       0xc4 /usr/lib/gcc/arm-none-eabi/10.3.1/../../../arm-none-eabi/lib/thumb/v7e-m+dp/hard/libc_nano.a(lib_a-nano-freer.o)
                0x00000000d0600a88                _free_r
 .text          0x00000000d0600b4c       0xb4 /usr/lib/gcc/arm-none-eabi/10.3.1/../../../arm-none-eabi/lib/thumb/v7e-m+dp/hard/libc_nano.a(lib_a-nano-mallocr.o)
                0x00000000d0600b4c                _malloc_r
 .text          0x00000000d0600c00       0x60 /usr/lib/gcc/arm-none-eabi/10.3.1/../../../arm-none-eabi/lib/thumb/v7e-m+dp/hard/libc_nano.a(lib_a-printf.o)
                0x00000000d0600c00                _printf_r
                0x00000000d0600c00                _iprintf_r
                0x00000000d0600c2c                printf
                0x00000000d0600c2c                iprintf
 .text          0x00000000d0600c60       0xfc /usr/lib/gcc/arm-none-eabi/10.3.1/../../../arm-none-eabi/lib/thumb/v7e-m+dp/hard/libc_nano.a(lib_a-rand.o)
                0x00000000d0600c60                srand
                0x00000000d0600cc4                rand
 .text          0x00000000d0600d5c       0x24 /usr/lib/gcc/arm-none-eabi/10.3.1/../../../arm-none-eabi/lib/thumb/v7e-m+dp/hard/libc_nano.a(lib_a-sbrkr.o)
                0x00000000d0600d5c                _sbrk_r
 .text          0x00000000d0600d80      0x108 /usr/lib/gcc/arm-none-eabi/10.3.1/../../../arm-none-eabi/lib/thumb/v7e-m+dp/hard/libc_nano.a(lib_a-snprintf.o)
                0x00000000d0600d80                _sniprintf_r
                0x00000000d0600d80                _snprintf_r
                0x00000000d0600e00                snprintf
                0x00000000d0600e00                sniprintf
 .text          0x00000000d0600e88       0x78 /usr/lib/gcc/arm-none-eabi/10.3.1/../../../arm-none-eabi/lib/thumb/v7e-m+dp/hard/libc_nano.a(lib_a-sprintf.o)
                0x00000000d0600e88                _siprintf_r
                0x00000000d0600e88                _sprintf_r
                0x00000000d0600ec0                sprintf
                0x00000000d0600ec0                siprintf
 .text          0x00000000d0600f00       0xb0 /usr/lib/gcc/arm-none-eabi/10.3.1/../../../arm-none-eabi/lib/thumb/v7e-m+dp/hard/libc_nano.a(lib_a-sscanf.o)
                0x00000000d0600f00                sscanf
                0x00000000d0600f00                siscanf
                0x00000000d0600f58                _siscanf_r
                0x00000000d0600f58                _sscanf_r
 .text          0x00000000d0600fb0       0x90 /usr/lib/gcc/arm-none-eabi/10.3.1/../../../arm-none-eabi/lib/thumb/v7e-m+dp/hard/libc_nano.a(lib_a-stdio.o)
                0x00000000d0600fb0                __sread
                0x00000000d0600fd4                __seofread
                0x00000000d0600fd8                __swrite
                0x00000000d0601018                __sseek
                0x00000000d0601038                __sclose
 .text          0x00000000d0601040       0x40 /usr/lib/gcc/arm-none-eabi/10.3.1/../../../arm-none-eabi/lib/thumb/v7e-m+dp/hard/libc_nano.a(lib_a-strcat.o)
                0x00000000d0601040                strcat
 .text          0x00000000d0601080       0xcc /usr/lib/gcc/arm-none-eabi/10.3.1/../../../arm-none-eabi/lib/thumb/v7e-m+dp/hard/libc_nano.a(lib_a-strchr.o)
                0x00000000d0601080                strchr
 *fill*         0x00000000d060114c       0x14 
 .text          0x00000000d0601160      0x2dc /usr/lib/gcc/arm-none-eabi/10.3.1/../../../arm-none-eabi/lib/thumb/v7e-m+dp/hard/libc_nano.a(lib_a-strcmp.o)
                0x00000000d0601168                strcmp
 .text          0x00000000d060143c       0xbc /usr/lib/gcc/arm-none-eabi/10.3.1/../../../arm-none-eabi/lib/thumb/v7e-m+dp/hard/libc_nano.a(lib_a-strcpy.o)
                0x00000000d060143c                strcpy
 *fill*         0x00000000d06014f8        0x8 
 .text          0x00000000d0601500       0xdc /usr/lib/gcc/arm-none-eabi/10.3.1/../../../arm-none-eabi/lib/thumb/v7e-m+dp/hard/libc_nano.a(lib_a-strlen.o)
                0x00000000d0601500                strlen
 .text          0x00000000d06015dc       0x80 /usr/lib/gcc/arm-none-eabi/10.3.1/../../../arm-none-eabi/lib/thumb/v7e-m+dp/hard/libc_nano.a(lib_a-strncmp.o)
                0x00000000d06015dc                strncmp
 .text          0x00000000d060165c       0x64 /usr/lib/gcc/arm-none-eabi/10.3.1/../../../arm-none-eabi/lib/thumb/v7e-m+dp/hard/libc_nano.a(lib_a-strncpy.o)
                0x00000000d060165c                strncpy
 .text          0x00000000d06016c0      0x188 /usr/lib/gcc/arm-none-eabi/10.3.1/../../../arm-none-eabi/lib/thumb/v7e-m+dp/hard/libc_nano.a(lib_a-strtol.o)
                0x00000000d06017e0                _strtol_r
                0x00000000d06017f8                strtol_l
                0x00000000d0601820                strtol
 .text          0x00000000d0601848       0xe0 /usr/lib/gcc/arm-none-eabi/10.3.1/../../../arm-none-eabi/lib/thumb/v7e-m+dp/hard/libc_nano.a(lib_a-vsnprintf.o)
                0x00000000d0601848                vsnprintf
                0x00000000d0601848                vsniprintf
                0x00000000d06018b8                _vsnprintf_r
                0x00000000d06018b8                _vsniprintf_r
 .text          0x00000000d0601928       0x2c /usr/lib/gcc/arm-none-eabi/10.3.1/../../../arm-none-eabi/lib/thumb/v7e-m+dp/hard/libc_nano.a(lib_a-writer.o)
                0x00000000d0601928                _write_r
 .text          0x00000000d0601954       0x4c /usr/lib/gcc/arm-none-eabi/10.3.1/../../../arm-none-eabi/lib/thumb/v7e-m+dp/hard/libc_nano.a(lib_a-assert.o)
                0x00000000d0601954                __assert_func
                0x00000000d0601994                __assert
 .text          0x00000000d06019a0       0x24 /usr/lib/gcc/arm-none-eabi/10.3.1/../../../arm-none-eabi/lib/thumb/v7e-m+dp/hard/libc_nano.a(lib_a-closer.o)
                0x00000000d06019a0                _close_r
 .text          0x00000000d06019c4        0xc /usr/lib/gcc/arm-none-eabi/10.3.1/../../../arm-none-eabi/lib/thumb/v7e-m+dp/hard/libc_nano.a(lib_a-errno.o)
                0x00000000d06019c4                __errno
 .text          0x00000000d06019d0      0x238 /usr/lib/gcc/arm-none-eabi/10.3.1/../../../arm-none-eabi/lib/thumb/v7e-m+dp/hard/libc_nano.a(lib_a-findfp.o)
                0x00000000d06019d4                _cleanup_r
                0x00000000d06019e4                __sfmoreglue
                0x00000000d0601a14                __sfp
                0x00000000d0601bb4                _cleanup
                0x00000000d0601bc8                __sinit
                0x00000000d0601bd0                __sfp_lock_acquire
                0x00000000d0601bd4                __sfp_lock_release
                0x00000000d0601bd8                __sinit_lock_acquire
                0x00000000d0601bdc                __sinit_lock_release
                0x00000000d0601be0                __fp_lock_all
                0x00000000d0601bf4                __fp_unlock_all
 .text          0x00000000d0601c08       0x44 /usr/lib/gcc/arm-none-eabi/10.3.1/../../../arm-none-eabi/lib/thumb/v7e-m+dp/hard/libc_nano.a(lib_a-fprintf.o)
                0x00000000d0601c08                _fprintf_r
                0x00000000d0601c08                _fiprintf_r
                0x00000000d0601c24                fprintf
                0x00000000d0601c24                fiprintf
 .text          0x00000000d0601c4c       0x88 /usr/lib/gcc/arm-none-eabi/10.3.1/../../../arm-none-eabi/lib/thumb/v7e-m+dp/hard/libc_nano.a(lib_a-fwalk.o)
                0x00000000d0601c4c                _fwalk
                0x00000000d0601c8c                _fwalk_reent
 .text          0x00000000d0601cd4       0x2c /usr/lib/gcc/arm-none-eabi/10.3.1/../../../arm-none-eabi/lib/thumb/v7e-m+dp/hard/libc_nano.a(lib_a-lseekr.o)
                0x00000000d0601cd4                _lseek_r
 .text          0x00000000d0601d00        0x8 /usr/lib/gcc/arm-none-eabi/10.3.1/../../../arm-none-eabi/lib/thumb/v7e-m+dp/hard/libc_nano.a(lib_a-mlock.o)
                0x00000000d0601d00                __malloc_lock
                0x00000000d0601d04                __malloc_unlock
 .text          0x00000000d0601d08      0x3f0 /usr/lib/gcc/arm-none-eabi/10.3.1/../../../arm-none-eabi/lib/thumb/v7e-m+dp/hard/libc_nano.a(lib_a-nano-svfprintf.o)
                0x00000000d0601d08                __ssputs_r
                0x00000000d0601dcc                __ssprint_r
                0x00000000d0601ec4                _svfprintf_r
                0x00000000d0601ec4                _svfiprintf_r
 .text          0x00000000d06020f8      0x43c /usr/lib/gcc/arm-none-eabi/10.3.1/../../../arm-none-eabi/lib/thumb/v7e-m+dp/hard/libc_nano.a(lib_a-nano-svfscanf.o)
                0x00000000d06020f8                _sungetc_r
                0x00000000d0602178                __ssrefill_r
                0x00000000d06021b4                __ssvfscanf_r
                0x00000000d06021b4                __ssvfiscanf_r
 .text          0x00000000d0602534      0x328 /usr/lib/gcc/arm-none-eabi/10.3.1/../../../arm-none-eabi/lib/thumb/v7e-m+dp/hard/libc_nano.a(lib_a-nano-vfprintf.o)
                0x00000000d0602570                __sfputs_r
                0x00000000d06025a0                __sprint_r
                0x00000000d06025bc                _vfiprintf_r
                0x00000000d06025bc                _vfprintf_r
                0x00000000d0602840                vfiprintf
                0x00000000d0602840                vfprintf
 .text          0x00000000d060285c      0x3dc /usr/lib/gcc/arm-none-eabi/10.3.1/../../../arm-none-eabi/lib/thumb/v7e-m+dp/hard/libc_nano.a(lib_a-nano-vfprintf_i.o)
                0x00000000d060285c                _printf_common
                0x00000000d0602988                _printf_i
 .text          0x00000000d0602c38      0x2b0 /usr/lib/gcc/arm-none-eabi/10.3.1/../../../arm-none-eabi/lib/thumb/v7e-m+dp/hard/libc_nano.a(lib_a-nano-vfscanf_i.o)
                0x00000000d0602c38                _scanf_chars
                0x00000000d0602cfc                _scanf_i
 .text          0x00000000d0602ee8       0x2c /usr/lib/gcc/arm-none-eabi/10.3.1/../../../arm-none-eabi/lib/thumb/v7e-m+dp/hard/libc_nano.a(lib_a-readr.o)
                0x00000000d0602ee8                _read_r
 .text          0x00000000d0602f14       0x8c /usr/lib/gcc/arm-none-eabi/10.3.1/../../../arm-none-eabi/lib/thumb/v7e-m+dp/hard/libc_nano.a(lib_a-sccl.o)
                0x00000000d0602f14                __sccl
 .text          0x00000000d0602fa0      0x170 /usr/lib/gcc/arm-none-eabi/10.3.1/../../../arm-none-eabi/lib/thumb/v7e-m+dp/hard/libc_nano.a(lib_a-strtoul.o)
                0x00000000d06030dc                _strtoul_r
                0x00000000d06030e0                strtoul_l
                0x00000000d06030f8                strtoul
 .text          0x00000000d0603110      0x180 /usr/lib/gcc/arm-none-eabi/10.3.1/../../../arm-none-eabi/lib/thumb/v7e-m+dp/hard/libc_nano.a(lib_a-ungetc.o)
                0x00000000d0603110                __submore
                0x00000000d0603188                _ungetc_r
                0x00000000d0603278                ungetc
 .text          0x00000000d0603290       0xc8 /usr/lib/gcc/arm-none-eabi/10.3.1/../../../arm-none-eabi/lib/thumb/v7e-m+dp/hard/libc_nano.a(lib_a-wbuf.o)
                0x00000000d0603290                __swbuf_r
                0x00000000d0603340                __swbuf
 .text          0x00000000d0603358      0x104 /usr/lib/gcc/arm-none-eabi/10.3.1/../../../arm-none-eabi/lib/thumb/v7e-m+dp/hard/libc_nano.a(lib_a-wsetup.o)
                0x00000000d0603358                __swsetup_r
 .text          0x00000000d060345c       0x10 /usr/lib/gcc/arm-none-eabi/10.3.1/../../../arm-none-eabi/lib/thumb/v7e-m+dp/hard/libc_nano.a(lib_a-abort.o)
                0x00000000d060345c                abort
 .text          0x00000000d060346c      0x1e8 /usr/lib/gcc/arm-none-eabi/10.3.1/../../../arm-none-eabi/lib/thumb/v7e-m+dp/hard/libc_nano.a(lib_a-fflush.o)
                0x00000000d060346c                __sflush_r
                0x00000000d0603580                _fflush_r
                0x00000000d06035d4                fflush
 .text          0x00000000d0603654      0x2f0 /usr/lib/gcc/arm-none-eabi/10.3.1/../../../arm-none-eabi/lib/thumb/v7e-m+dp/hard/libc_nano.a(lib_a-fvwrite.o)
                0x00000000d0603654                __sfvwrite_r
 .text          0x00000000d0603944      0x11c /usr/lib/gcc/arm-none-eabi/10.3.1/../../../arm-none-eabi/lib/thumb/v7e-m+dp/hard/libc_nano.a(lib_a-makebuf.o)
                0x00000000d0603944                __smakebuf_r
                0x00000000d0603a04                __swhatbuf_r
 .text          0x00000000d0603a60       0xa0 /usr/lib/gcc/arm-none-eabi/10.3.1/../../../arm-none-eabi/lib/thumb/v7e-m+dp/hard/libc_nano.a(lib_a-memchr.o)
                0x00000000d0603a60                memchr
 .text          0x00000000d0603b00       0x50 /usr/lib/gcc/arm-none-eabi/10.3.1/../../../arm-none-eabi/lib/thumb/v7e-m+dp/hard/libc_nano.a(lib_a-nano-reallocr.o)
                0x00000000d0603b00                _realloc_r
 .text          0x00000000d0603b50      0x268 /usr/lib/gcc/arm-none-eabi/10.3.1/../../../arm-none-eabi/lib/thumb/v7e-m+dp/hard/libc_nano.a(lib_a-signal.o)
                0x00000000d0603b50                _init_signal_r
                0x00000000d0603b7c                _signal_r
                0x00000000d0603bc4                _raise_r
                0x00000000d0603c18                __sigtramp_r
                0x00000000d0603c78                raise
                0x00000000d0603cd0                signal
                0x00000000d0603d20                _init_signal
                0x00000000d0603d54                __sigtramp
 .text          0x00000000d0603db8       0x30 /usr/lib/gcc/arm-none-eabi/10.3.1/../../../arm-none-eabi/lib/thumb/v7e-m+dp/hard/libc_nano.a(lib_a-signalr.o)
                0x00000000d0603db8                _kill_r
                0x00000000d0603de4                _getpid_r
 .text          0x00000000d0603de8       0x2c /usr/lib/gcc/arm-none-eabi/10.3.1/../../../arm-none-eabi/lib/thumb/v7e-m+dp/hard/libc_nano.a(lib_a-fstatr.o)
                0x00000000d0603de8                _fstat_r
 .text          0x00000000d0603e14       0x24 /usr/lib/gcc/arm-none-eabi/10.3.1/../../../arm-none-eabi/lib/thumb/v7e-m+dp/hard/libc_nano.a(lib_a-isattyr.o)
                0x00000000d0603e14                _isatty_r
 .text          0x00000000d0603e38       0x14 /usr/lib/gcc/arm-none-eabi/10.3.1/../../../arm-none-eabi/lib/thumb/v7e-m+dp/hard/libc_nano.a(lib_a-nano-msizer.o)
                0x00000000d0603e38                _malloc_usable_size_r
 .text          0x00000000d0603e4c       0x10 /usr/lib/gcc/arm-none-eabi/10.3.1/../../../arm-none-eabi/lib/thumb/v7e-m+dp/hard/libnosys.a(close.o)
                0x00000000d0603e4c                _close
 .text          0x00000000d0603e5c       0x10 /usr/lib/gcc/arm-none-eabi/10.3.1/../../../arm-none-eabi/lib/thumb/v7e-m+dp/hard/libnosys.a(fstat.o)
                0x00000000d0603e5c                _fstat
 .text          0x00000000d0603e6c       0x10 /usr/lib/gcc/arm-none-eabi/10.3.1/../../../arm-none-eabi/lib/thumb/v7e-m+dp/hard/libnosys.a(getpid.o)
                0x00000000d0603e6c                _getpid
 .text          0x00000000d0603e7c       0x10 /usr/lib/gcc/arm-none-eabi/10.3.1/../../../arm-none-eabi/lib/thumb/v7e-m+dp/hard/libnosys.a(isatty.o)
                0x00000000d0603e7c                _isatty
 .text          0x00000000d0603e8c       0x10 /usr/lib/gcc/arm-none-eabi/10.3.1/../../../arm-none-eabi/lib/thumb/v7e-m+dp/hard/libnosys.a(kill.o)
                0x00000000d0603e8c                _kill
 .text          0x00000000d0603e9c       0x10 /usr/lib/gcc/arm-none-eabi/10.3.1/../../../arm-none-eabi/lib/thumb/v7e-m+dp/hard/libnosys.a(lseek.o)
                0x00000000d0603e9c                _lseek
 .text          0x00000000d0603eac       0x10 /usr/lib/gcc/arm-none-eabi/10.3.1/../../../arm-none-eabi/lib/thumb/v7e-m+dp/hard/libnosys.a(read.o)
                0x00000000d0603eac                _read
 .text          0x00000000d0603ebc       0x1c /usr/lib/gcc/arm-none-eabi/10.3.1/../../../arm-none-eabi/lib/thumb/v7e-m+dp/hard/libnosys.a(sbrk.o)
                0x00000000d0603ebc                _sbrk
 .text          0x00000000d0603ed8       0x10 /usr/lib/gcc/arm-none-eabi/10.3.1/../../../arm-none-eabi/lib/thumb/v7e-m+dp/hard/libnosys.a(write.o)
                0x00000000d0603ed8                _write
 .text          0x00000000d0603ee8        0x4 /usr/lib/gcc/arm-none-eabi/10.3.1/../../../arm-none-eabi/lib/thumb/v7e-m+dp/hard/libnosys.a(_exit.o)
                0x00000000d0603ee8                _exit
 *(.text*)
 .text.DeInitStateMachine.isra.0
                0x00000000d0603eec       0x60 CMakeFiles/freertos_stm32h750.elf.dir/Middlewares/ST/STM32_USB_Host_Library/Core/Src/usbh_core.c.obj
 .text.USBH_Init
                0x00000000d0603f4c       0x3a CMakeFiles/freertos_stm32h750.elf.dir/Middlewares/ST/STM32_USB_Host_Library/Core/Src/usbh_core.c.obj
                0x00000000d0603f4c                USBH_Init
 .text.USBH_RegisterClass
                0x00000000d0603f86       0x1a CMakeFiles/freertos_stm32h750.elf.dir/Middlewares/ST/STM32_USB_Host_Library/Core/Src/usbh_core.c.obj
                0x00000000d0603f86                USBH_RegisterClass
 .text.USBH_SelectInterface
                0x00000000d0603fa0       0x12 CMakeFiles/freertos_stm32h750.elf.dir/Middlewares/ST/STM32_USB_Host_Library/Core/Src/usbh_core.c.obj
                0x00000000d0603fa0                USBH_SelectInterface
 .text.USBH_FindInterface
                0x00000000d0603fb2       0x38 CMakeFiles/freertos_stm32h750.elf.dir/Middlewares/ST/STM32_USB_Host_Library/Core/Src/usbh_core.c.obj
                0x00000000d0603fb2                USBH_FindInterface
 .text.USBH_Start
                0x00000000d0603fea       0x14 CMakeFiles/freertos_stm32h750.elf.dir/Middlewares/ST/STM32_USB_Host_Library/Core/Src/usbh_core.c.obj
                0x00000000d0603fea                USBH_Start
 .text.USBH_Process
                0x00000000d0603ffe      0x400 CMakeFiles/freertos_stm32h750.elf.dir/Middlewares/ST/STM32_USB_Host_Library/Core/Src/usbh_core.c.obj
                0x00000000d0603ffe                USBH_Process
 .text.USBH_LL_SetTimer
                0x00000000d06043fe        0x6 CMakeFiles/freertos_stm32h750.elf.dir/Middlewares/ST/STM32_USB_Host_Library/Core/Src/usbh_core.c.obj
                0x00000000d06043fe                USBH_LL_SetTimer
 .text.USBH_LL_IncTimer
                0x00000000d0604404       0x1c CMakeFiles/freertos_stm32h750.elf.dir/Middlewares/ST/STM32_USB_Host_Library/Core/Src/usbh_core.c.obj
                0x00000000d0604404                USBH_LL_IncTimer
 .text.USBH_LL_PortEnabled
                0x00000000d0604420        0x8 CMakeFiles/freertos_stm32h750.elf.dir/Middlewares/ST/STM32_USB_Host_Library/Core/Src/usbh_core.c.obj
                0x00000000d0604420                USBH_LL_PortEnabled
 .text.USBH_LL_PortDisabled
                0x00000000d0604428        0x8 CMakeFiles/freertos_stm32h750.elf.dir/Middlewares/ST/STM32_USB_Host_Library/Core/Src/usbh_core.c.obj
                0x00000000d0604428                USBH_LL_PortDisabled
 .text.USBH_LL_Connect
                0x00000000d0604430       0x14 CMakeFiles/freertos_stm32h750.elf.dir/Middlewares/ST/STM32_USB_Host_Library/Core/Src/usbh_core.c.obj
                0x00000000d0604430                USBH_LL_Connect
 .text.USBH_LL_Disconnect
                0x00000000d0604444       0x2c CMakeFiles/freertos_stm32h750.elf.dir/Middlewares/ST/STM32_USB_Host_Library/Core/Src/usbh_core.c.obj
                0x00000000d0604444                USBH_LL_Disconnect
 .text.USBH_CtlReq
                0x00000000d0604470      0x176 CMakeFiles/freertos_stm32h750.elf.dir/Middlewares/ST/STM32_USB_Host_Library/Core/Src/usbh_ctlreq.c.obj
                0x00000000d0604470                USBH_CtlReq
 .text.USBH_GetDescriptor
                0x00000000d06045e6       0x38 CMakeFiles/freertos_stm32h750.elf.dir/Middlewares/ST/STM32_USB_Host_Library/Core/Src/usbh_ctlreq.c.obj
                0x00000000d06045e6                USBH_GetDescriptor
 .text.USBH_Get_DevDesc
                0x00000000d060461e       0xd8 CMakeFiles/freertos_stm32h750.elf.dir/Middlewares/ST/STM32_USB_Host_Library/Core/Src/usbh_ctlreq.c.obj
                0x00000000d060461e                USBH_Get_DevDesc
 .text.USBH_Get_CfgDesc
                0x00000000d06046f6      0x21a CMakeFiles/freertos_stm32h750.elf.dir/Middlewares/ST/STM32_USB_Host_Library/Core/Src/usbh_ctlreq.c.obj
                0x00000000d06046f6                USBH_Get_CfgDesc
 .text.USBH_Get_StringDesc
                0x00000000d0604910       0x5c CMakeFiles/freertos_stm32h750.elf.dir/Middlewares/ST/STM32_USB_Host_Library/Core/Src/usbh_ctlreq.c.obj
                0x00000000d0604910                USBH_Get_StringDesc
 .text.USBH_SetAddress
                0x00000000d060496c       0x1a CMakeFiles/freertos_stm32h750.elf.dir/Middlewares/ST/STM32_USB_Host_Library/Core/Src/usbh_ctlreq.c.obj
                0x00000000d060496c                USBH_SetAddress
 .text.USBH_SetCfg
                0x00000000d0604986       0x1a CMakeFiles/freertos_stm32h750.elf.dir/Middlewares/ST/STM32_USB_Host_Library/Core/Src/usbh_ctlreq.c.obj
                0x00000000d0604986                USBH_SetCfg
 .text.USBH_SetFeature
                0x00000000d06049a0       0x1a CMakeFiles/freertos_stm32h750.elf.dir/Middlewares/ST/STM32_USB_Host_Library/Core/Src/usbh_ctlreq.c.obj
                0x00000000d06049a0                USBH_SetFeature
 .text.USBH_ClrFeature
                0x00000000d06049ba       0x1a CMakeFiles/freertos_stm32h750.elf.dir/Middlewares/ST/STM32_USB_Host_Library/Core/Src/usbh_ctlreq.c.obj
                0x00000000d06049ba                USBH_ClrFeature
 .text.USBH_CtlSendSetup
                0x00000000d06049d4       0x20 CMakeFiles/freertos_stm32h750.elf.dir/Middlewares/ST/STM32_USB_Host_Library/Core/Src/usbh_ioreq.c.obj
                0x00000000d06049d4                USBH_CtlSendSetup
 .text.USBH_CtlSendData
                0x00000000d06049f4       0x2e CMakeFiles/freertos_stm32h750.elf.dir/Middlewares/ST/STM32_USB_Host_Library/Core/Src/usbh_ioreq.c.obj
                0x00000000d06049f4                USBH_CtlSendData
 .text.USBH_CtlReceiveData
                0x00000000d0604a22       0x20 CMakeFiles/freertos_stm32h750.elf.dir/Middlewares/ST/STM32_USB_Host_Library/Core/Src/usbh_ioreq.c.obj
                0x00000000d0604a22                USBH_CtlReceiveData
 .text.USBH_BulkSendData
                0x00000000d0604a42       0x2e CMakeFiles/freertos_stm32h750.elf.dir/Middlewares/ST/STM32_USB_Host_Library/Core/Src/usbh_ioreq.c.obj
                0x00000000d0604a42                USBH_BulkSendData
 .text.USBH_BulkReceiveData
                0x00000000d0604a70       0x20 CMakeFiles/freertos_stm32h750.elf.dir/Middlewares/ST/STM32_USB_Host_Library/Core/Src/usbh_ioreq.c.obj
                0x00000000d0604a70                USBH_BulkReceiveData
 .text.USBH_MSC_SOFProcess
                0x00000000d0604a90        0x4 CMakeFiles/freertos_stm32h750.elf.dir/Middlewares/ST/STM32_USB_Host_Library/Class/MSC/Src/usbh_msc.c.obj
 .text.USBH_MSC_Process
                0x00000000d0604a94      0x1b8 CMakeFiles/freertos_stm32h750.elf.dir/Middlewares/ST/STM32_USB_Host_Library/Class/MSC/Src/usbh_msc.c.obj
 .text.USBH_MSC_ClassRequest
                0x00000000d0604c4c       0x64 CMakeFiles/freertos_stm32h750.elf.dir/Middlewares/ST/STM32_USB_Host_Library/Class/MSC/Src/usbh_msc.c.obj
 .text.USBH_MSC_InterfaceDeInit
                0x00000000d0604cb0       0x4c CMakeFiles/freertos_stm32h750.elf.dir/Middlewares/ST/STM32_USB_Host_Library/Class/MSC/Src/usbh_msc.c.obj
 .text.USBH_MSC_InterfaceInit
                0x00000000d0604cfc      0x108 CMakeFiles/freertos_stm32h750.elf.dir/Middlewares/ST/STM32_USB_Host_Library/Class/MSC/Src/usbh_msc.c.obj
 .text.USBH_MSC_RdWrProcess
                0x00000000d0604e04       0x74 CMakeFiles/freertos_stm32h750.elf.dir/Middlewares/ST/STM32_USB_Host_Library/Class/MSC/Src/usbh_msc.c.obj
 .text.USBH_MSC_IsReady
                0x00000000d0604e78       0x1a CMakeFiles/freertos_stm32h750.elf.dir/Middlewares/ST/STM32_USB_Host_Library/Class/MSC/Src/usbh_msc.c.obj
                0x00000000d0604e78                USBH_MSC_IsReady
 .text.USBH_MSC_UnitIsReady
                0x00000000d0604e92       0x22 CMakeFiles/freertos_stm32h750.elf.dir/Middlewares/ST/STM32_USB_Host_Library/Class/MSC/Src/usbh_msc.c.obj
                0x00000000d0604e92                USBH_MSC_UnitIsReady
 .text.USBH_MSC_GetLUNInfo
                0x00000000d0604eb4       0x2e CMakeFiles/freertos_stm32h750.elf.dir/Middlewares/ST/STM32_USB_Host_Library/Class/MSC/Src/usbh_msc.c.obj
                0x00000000d0604eb4                USBH_MSC_GetLUNInfo
 .text.USBH_MSC_Read
                0x00000000d0604ee2       0x82 CMakeFiles/freertos_stm32h750.elf.dir/Middlewares/ST/STM32_USB_Host_Library/Class/MSC/Src/usbh_msc.c.obj
                0x00000000d0604ee2                USBH_MSC_Read
 .text.USBH_MSC_Write
                0x00000000d0604f64       0x82 CMakeFiles/freertos_stm32h750.elf.dir/Middlewares/ST/STM32_USB_Host_Library/Class/MSC/Src/usbh_msc.c.obj
                0x00000000d0604f64                USBH_MSC_Write
 .text.USBH_MSC_BOT_REQ_Reset
                0x00000000d0604fe6       0x10 CMakeFiles/freertos_stm32h750.elf.dir/Middlewares/ST/STM32_USB_Host_Library/Class/MSC/Src/usbh_msc_bot.c.obj
                0x00000000d0604fe6                USBH_MSC_BOT_REQ_Reset
 .text.USBH_MSC_BOT_REQ_GetMaxLUN
                0x00000000d0604ff6       0x12 CMakeFiles/freertos_stm32h750.elf.dir/Middlewares/ST/STM32_USB_Host_Library/Class/MSC/Src/usbh_msc_bot.c.obj
                0x00000000d0604ff6                USBH_MSC_BOT_REQ_GetMaxLUN
 .text.USBH_MSC_BOT_Init
                0x00000000d0605008       0x24 CMakeFiles/freertos_stm32h750.elf.dir/Middlewares/ST/STM32_USB_Host_Library/Class/MSC/Src/usbh_msc_bot.c.obj
                0x00000000d0605008                USBH_MSC_BOT_Init
 .text.USBH_MSC_BOT_Process
                0x00000000d060502c      0x1cc CMakeFiles/freertos_stm32h750.elf.dir/Middlewares/ST/STM32_USB_Host_Library/Class/MSC/Src/usbh_msc_bot.c.obj
                0x00000000d060502c                USBH_MSC_BOT_Process
 .text.USBH_MSC_SCSI_TestUnitReady
                0x00000000d06051f8       0x46 CMakeFiles/freertos_stm32h750.elf.dir/Middlewares/ST/STM32_USB_Host_Library/Class/MSC/Src/usbh_msc_scsi.c.obj
                0x00000000d06051f8                USBH_MSC_SCSI_TestUnitReady
 .text.USBH_MSC_SCSI_ReadCapacity
                0x00000000d060523e       0x6a CMakeFiles/freertos_stm32h750.elf.dir/Middlewares/ST/STM32_USB_Host_Library/Class/MSC/Src/usbh_msc_scsi.c.obj
                0x00000000d060523e                USBH_MSC_SCSI_ReadCapacity
 .text.USBH_MSC_SCSI_Inquiry
                0x00000000d06052a8       0xc0 CMakeFiles/freertos_stm32h750.elf.dir/Middlewares/ST/STM32_USB_Host_Library/Class/MSC/Src/usbh_msc_scsi.c.obj
                0x00000000d06052a8                USBH_MSC_SCSI_Inquiry
 .text.USBH_MSC_SCSI_RequestSense
                0x00000000d0605368       0x7a CMakeFiles/freertos_stm32h750.elf.dir/Middlewares/ST/STM32_USB_Host_Library/Class/MSC/Src/usbh_msc_scsi.c.obj
                0x00000000d0605368                USBH_MSC_SCSI_RequestSense
 .text.USBH_MSC_SCSI_Write
                0x00000000d06053e2       0x7e CMakeFiles/freertos_stm32h750.elf.dir/Middlewares/ST/STM32_USB_Host_Library/Class/MSC/Src/usbh_msc_scsi.c.obj
                0x00000000d06053e2                USBH_MSC_SCSI_Write
 .text.USBH_MSC_SCSI_Read
                0x00000000d0605460       0x80 CMakeFiles/freertos_stm32h750.elf.dir/Middlewares/ST/STM32_USB_Host_Library/Class/MSC/Src/usbh_msc_scsi.c.obj
                0x00000000d0605460                USBH_MSC_SCSI_Read
 .text.USBH_OpenPipe
                0x00000000d06054e0       0x1e CMakeFiles/freertos_stm32h750.elf.dir/Middlewares/ST/STM32_USB_Host_Library/Core/Src/usbh_pipes.c.obj
                0x00000000d06054e0                USBH_OpenPipe
 .text.USBH_ClosePipe
                0x00000000d06054fe        0xa CMakeFiles/freertos_stm32h750.elf.dir/Middlewares/ST/STM32_USB_Host_Library/Core/Src/usbh_pipes.c.obj
                0x00000000d06054fe                USBH_ClosePipe
 .text.USBH_AllocPipe
                0x00000000d0605508       0x30 CMakeFiles/freertos_stm32h750.elf.dir/Middlewares/ST/STM32_USB_Host_Library/Core/Src/usbh_pipes.c.obj
                0x00000000d0605508                USBH_AllocPipe
 .text.USBH_FreePipe
                0x00000000d0605538       0x1c CMakeFiles/freertos_stm32h750.elf.dir/Middlewares/ST/STM32_USB_Host_Library/Core/Src/usbh_pipes.c.obj
                0x00000000d0605538                USBH_FreePipe
 .text.prvInsertBlockIntoFreeList
                0x00000000d0605554       0x48 CMakeFiles/freertos_stm32h750.elf.dir/Middlewares/Third_Party/FreeRTOS/Source/portable/MemMang/heap_4.c.obj
 .text.pvPortMalloc
                0x00000000d060559c      0x12c CMakeFiles/freertos_stm32h750.elf.dir/Middlewares/Third_Party/FreeRTOS/Source/portable/MemMang/heap_4.c.obj
                0x00000000d060559c                pvPortMalloc
 .text.vPortFree
                0x00000000d06056c8       0x7c CMakeFiles/freertos_stm32h750.elf.dir/Middlewares/Third_Party/FreeRTOS/Source/portable/MemMang/heap_4.c.obj
                0x00000000d06056c8                vPortFree
 .text.prvPortStartFirstTask
                0x00000000d0605744       0x28 CMakeFiles/freertos_stm32h750.elf.dir/Middlewares/Third_Party/FreeRTOS/Source/portable/GCC/ARM_CM4F/port.c.obj
 .text.vPortEnableVFP
                0x00000000d060576c       0x14 CMakeFiles/freertos_stm32h750.elf.dir/Middlewares/Third_Party/FreeRTOS/Source/portable/GCC/ARM_CM4F/port.c.obj
 .text.prvTaskExitError
                0x00000000d0605780       0x40 CMakeFiles/freertos_stm32h750.elf.dir/Middlewares/Third_Party/FreeRTOS/Source/portable/GCC/ARM_CM4F/port.c.obj
 .text.pxPortInitialiseStack
                0x00000000d06057c0       0x24 CMakeFiles/freertos_stm32h750.elf.dir/Middlewares/Third_Party/FreeRTOS/Source/portable/GCC/ARM_CM4F/port.c.obj
                0x00000000d06057c0                pxPortInitialiseStack
 *fill*         0x00000000d06057e4        0xc 
 .text.SVC_Handler
                0x00000000d06057f0       0x24 CMakeFiles/freertos_stm32h750.elf.dir/Middlewares/Third_Party/FreeRTOS/Source/portable/GCC/ARM_CM4F/port.c.obj
                0x00000000d06057f0                SVC_Handler
 .text.vPortEnterCritical
                0x00000000d0605814       0x40 CMakeFiles/freertos_stm32h750.elf.dir/Middlewares/Third_Party/FreeRTOS/Source/portable/GCC/ARM_CM4F/port.c.obj
                0x00000000d0605814                vPortEnterCritical
 .text.vPortExitCritical
                0x00000000d0605854       0x28 CMakeFiles/freertos_stm32h750.elf.dir/Middlewares/Third_Party/FreeRTOS/Source/portable/GCC/ARM_CM4F/port.c.obj
                0x00000000d0605854                vPortExitCritical
 *fill*         0x00000000d060587c        0x4 
 .text.PendSV_Handler
                0x00000000d0605880       0x64 CMakeFiles/freertos_stm32h750.elf.dir/Middlewares/Third_Party/FreeRTOS/Source/portable/GCC/ARM_CM4F/port.c.obj
                0x00000000d0605880                PendSV_Handler
 .text.SysTick_Handler
                0x00000000d06058e4       0x2c CMakeFiles/freertos_stm32h750.elf.dir/Middlewares/Third_Party/FreeRTOS/Source/portable/GCC/ARM_CM4F/port.c.obj
                0x00000000d06058e4                SysTick_Handler
 .text.vPortSetupTimerInterrupt
                0x00000000d0605910       0x24 CMakeFiles/freertos_stm32h750.elf.dir/Middlewares/Third_Party/FreeRTOS/Source/portable/GCC/ARM_CM4F/port.c.obj
                0x00000000d0605910                vPortSetupTimerInterrupt
 .text.xPortStartScheduler
                0x00000000d0605934      0x10c CMakeFiles/freertos_stm32h750.elf.dir/Middlewares/Third_Party/FreeRTOS/Source/portable/GCC/ARM_CM4F/port.c.obj
                0x00000000d0605934                xPortStartScheduler
 .text.vPortValidateInterruptPriority
                0x00000000d0605a40       0x5c CMakeFiles/freertos_stm32h750.elf.dir/Middlewares/Third_Party/FreeRTOS/Source/portable/GCC/ARM_CM4F/port.c.obj
                0x00000000d0605a40                vPortValidateInterruptPriority
 .text.osKernelSysTick
                0x00000000d0605a9c        0xe CMakeFiles/freertos_stm32h750.elf.dir/Middlewares/Third_Party/FreeRTOS/Source/CMSIS_RTOS/cmsis_os.c.obj
                0x00000000d0605a9c                osKernelSysTick
 .text.osThreadCreate
                0x00000000d0605aaa       0x30 CMakeFiles/freertos_stm32h750.elf.dir/Middlewares/Third_Party/FreeRTOS/Source/CMSIS_RTOS/cmsis_os.c.obj
                0x00000000d0605aaa                osThreadCreate
 .text.osThreadTerminate
                0x00000000d0605ada        0xa CMakeFiles/freertos_stm32h750.elf.dir/Middlewares/Third_Party/FreeRTOS/Source/CMSIS_RTOS/cmsis_os.c.obj
                0x00000000d0605ada                osThreadTerminate
 .text.osDelay  0x00000000d0605ae4       0x10 CMakeFiles/freertos_stm32h750.elf.dir/Middlewares/Third_Party/FreeRTOS/Source/CMSIS_RTOS/cmsis_os.c.obj
                0x00000000d0605ae4                osDelay
 .text.osMutexCreate
                0x00000000d0605af4        0x6 CMakeFiles/freertos_stm32h750.elf.dir/Middlewares/Third_Party/FreeRTOS/Source/CMSIS_RTOS/cmsis_os.c.obj
                0x00000000d0605af4                osMutexCreate
 .text.osMutexWait
                0x00000000d0605afa       0x4a CMakeFiles/freertos_stm32h750.elf.dir/Middlewares/Third_Party/FreeRTOS/Source/CMSIS_RTOS/cmsis_os.c.obj
                0x00000000d0605afa                osMutexWait
 .text.osMutexRelease
                0x00000000d0605b44       0x46 CMakeFiles/freertos_stm32h750.elf.dir/Middlewares/Third_Party/FreeRTOS/Source/CMSIS_RTOS/cmsis_os.c.obj
                0x00000000d0605b44                osMutexRelease
 .text.osSemaphoreWait
                0x00000000d0605b8a       0x4a CMakeFiles/freertos_stm32h750.elf.dir/Middlewares/Third_Party/FreeRTOS/Source/CMSIS_RTOS/cmsis_os.c.obj
                0x00000000d0605b8a                osSemaphoreWait
 .text.osSemaphoreRelease
                0x00000000d0605bd4        0x4 CMakeFiles/freertos_stm32h750.elf.dir/Middlewares/Third_Party/FreeRTOS/Source/CMSIS_RTOS/cmsis_os.c.obj
                0x00000000d0605bd4                osSemaphoreRelease
 .text.osMessageCreate
                0x00000000d0605bd8        0xa CMakeFiles/freertos_stm32h750.elf.dir/Middlewares/Third_Party/FreeRTOS/Source/CMSIS_RTOS/cmsis_os.c.obj
                0x00000000d0605bd8                osMessageCreate
 .text.osMessagePut
                0x00000000d0605be2       0x50 CMakeFiles/freertos_stm32h750.elf.dir/Middlewares/Third_Party/FreeRTOS/Source/CMSIS_RTOS/cmsis_os.c.obj
                0x00000000d0605be2                osMessagePut
 .text.osMessageGet
                0x00000000d0605c32       0x70 CMakeFiles/freertos_stm32h750.elf.dir/Middlewares/Third_Party/FreeRTOS/Source/CMSIS_RTOS/cmsis_os.c.obj
                0x00000000d0605c32                osMessageGet
 .text.vListInitialise
                0x00000000d0605ca2       0x16 CMakeFiles/freertos_stm32h750.elf.dir/Middlewares/Third_Party/FreeRTOS/Source/list.c.obj
                0x00000000d0605ca2                vListInitialise
 .text.vListInitialiseItem
                0x00000000d0605cb8        0x6 CMakeFiles/freertos_stm32h750.elf.dir/Middlewares/Third_Party/FreeRTOS/Source/list.c.obj
                0x00000000d0605cb8                vListInitialiseItem
 .text.vListInsertEnd
                0x00000000d0605cbe       0x18 CMakeFiles/freertos_stm32h750.elf.dir/Middlewares/Third_Party/FreeRTOS/Source/list.c.obj
                0x00000000d0605cbe                vListInsertEnd
 .text.vListInsert
                0x00000000d0605cd6       0x2e CMakeFiles/freertos_stm32h750.elf.dir/Middlewares/Third_Party/FreeRTOS/Source/list.c.obj
                0x00000000d0605cd6                vListInsert
 .text.uxListRemove
                0x00000000d0605d04       0x20 CMakeFiles/freertos_stm32h750.elf.dir/Middlewares/Third_Party/FreeRTOS/Source/list.c.obj
                0x00000000d0605d04                uxListRemove
 .text.prvIsQueueEmpty
                0x00000000d0605d24       0x16 CMakeFiles/freertos_stm32h750.elf.dir/Middlewares/Third_Party/FreeRTOS/Source/queue.c.obj
 .text.prvCopyDataToQueue
                0x00000000d0605d3a       0x6a CMakeFiles/freertos_stm32h750.elf.dir/Middlewares/Third_Party/FreeRTOS/Source/queue.c.obj
 .text.prvCopyDataFromQueue
                0x00000000d0605da4       0x2a CMakeFiles/freertos_stm32h750.elf.dir/Middlewares/Third_Party/FreeRTOS/Source/queue.c.obj
 .text.prvUnlockQueue
                0x00000000d0605dce       0x70 CMakeFiles/freertos_stm32h750.elf.dir/Middlewares/Third_Party/FreeRTOS/Source/queue.c.obj
 .text.xQueueGenericReset
                0x00000000d0605e3e       0x7e CMakeFiles/freertos_stm32h750.elf.dir/Middlewares/Third_Party/FreeRTOS/Source/queue.c.obj
                0x00000000d0605e3e                xQueueGenericReset
 .text.xQueueGenericCreate
                0x00000000d0605ebc       0x48 CMakeFiles/freertos_stm32h750.elf.dir/Middlewares/Third_Party/FreeRTOS/Source/queue.c.obj
                0x00000000d0605ebc                xQueueGenericCreate
 .text.xQueueGenericSend
                0x00000000d0605f04      0x166 CMakeFiles/freertos_stm32h750.elf.dir/Middlewares/Third_Party/FreeRTOS/Source/queue.c.obj
                0x00000000d0605f04                xQueueGenericSend
 .text.xQueueCreateMutex
                0x00000000d060606a       0x36 CMakeFiles/freertos_stm32h750.elf.dir/Middlewares/Third_Party/FreeRTOS/Source/queue.c.obj
                0x00000000d060606a                xQueueCreateMutex
 .text.xQueueGenericSendFromISR
                0x00000000d06060a0       0xc4 CMakeFiles/freertos_stm32h750.elf.dir/Middlewares/Third_Party/FreeRTOS/Source/queue.c.obj
                0x00000000d06060a0                xQueueGenericSendFromISR
 .text.xQueueGiveFromISR
                0x00000000d0606164       0xa8 CMakeFiles/freertos_stm32h750.elf.dir/Middlewares/Third_Party/FreeRTOS/Source/queue.c.obj
                0x00000000d0606164                xQueueGiveFromISR
 .text.xQueueReceive
                0x00000000d060620c      0x13e CMakeFiles/freertos_stm32h750.elf.dir/Middlewares/Third_Party/FreeRTOS/Source/queue.c.obj
                0x00000000d060620c                xQueueReceive
 .text.xQueueSemaphoreTake
                0x00000000d060634a      0x186 CMakeFiles/freertos_stm32h750.elf.dir/Middlewares/Third_Party/FreeRTOS/Source/queue.c.obj
                0x00000000d060634a                xQueueSemaphoreTake
 .text.xQueueReceiveFromISR
                0x00000000d06064d0       0x9e CMakeFiles/freertos_stm32h750.elf.dir/Middlewares/Third_Party/FreeRTOS/Source/queue.c.obj
                0x00000000d06064d0                xQueueReceiveFromISR
 *fill*         0x00000000d060656e        0x2 
 .text.prvAddCurrentTaskToDelayedList
                0x00000000d0606570       0x88 CMakeFiles/freertos_stm32h750.elf.dir/Middlewares/Third_Party/FreeRTOS/Source/tasks.c.obj
 .text.prvResetNextTaskUnblockTime
                0x00000000d06065f8       0x24 CMakeFiles/freertos_stm32h750.elf.dir/Middlewares/Third_Party/FreeRTOS/Source/tasks.c.obj
 .text.prvIdleTask
                0x00000000d060661c       0x68 CMakeFiles/freertos_stm32h750.elf.dir/Middlewares/Third_Party/FreeRTOS/Source/tasks.c.obj
 .text.xTaskCreate
                0x00000000d0606684      0x1ac CMakeFiles/freertos_stm32h750.elf.dir/Middlewares/Third_Party/FreeRTOS/Source/tasks.c.obj
                0x00000000d0606684                xTaskCreate
 .text.vTaskDelete
                0x00000000d0606830       0xd8 CMakeFiles/freertos_stm32h750.elf.dir/Middlewares/Third_Party/FreeRTOS/Source/tasks.c.obj
                0x00000000d0606830                vTaskDelete
 .text.vTaskStartScheduler
                0x00000000d0606908       0x78 CMakeFiles/freertos_stm32h750.elf.dir/Middlewares/Third_Party/FreeRTOS/Source/tasks.c.obj
                0x00000000d0606908                vTaskStartScheduler
 .text.vTaskSuspendAll
                0x00000000d0606980       0x10 CMakeFiles/freertos_stm32h750.elf.dir/Middlewares/Third_Party/FreeRTOS/Source/tasks.c.obj
                0x00000000d0606980                vTaskSuspendAll
 .text.xTaskGetTickCount
                0x00000000d0606990        0xc CMakeFiles/freertos_stm32h750.elf.dir/Middlewares/Third_Party/FreeRTOS/Source/tasks.c.obj
                0x00000000d0606990                xTaskGetTickCount
 .text.xTaskGetTickCountFromISR
                0x00000000d060699c       0x10 CMakeFiles/freertos_stm32h750.elf.dir/Middlewares/Third_Party/FreeRTOS/Source/tasks.c.obj
                0x00000000d060699c                xTaskGetTickCountFromISR
 .text.xTaskIncrementTick
                0x00000000d06069ac      0x124 CMakeFiles/freertos_stm32h750.elf.dir/Middlewares/Third_Party/FreeRTOS/Source/tasks.c.obj
                0x00000000d06069ac                xTaskIncrementTick
 .text.xTaskResumeAll
                0x00000000d0606ad0       0xe8 CMakeFiles/freertos_stm32h750.elf.dir/Middlewares/Third_Party/FreeRTOS/Source/tasks.c.obj
                0x00000000d0606ad0                xTaskResumeAll
 .text.vTaskDelay
                0x00000000d0606bb8       0x48 CMakeFiles/freertos_stm32h750.elf.dir/Middlewares/Third_Party/FreeRTOS/Source/tasks.c.obj
                0x00000000d0606bb8                vTaskDelay
 .text.vTaskSwitchContext
                0x00000000d0606c00       0x74 CMakeFiles/freertos_stm32h750.elf.dir/Middlewares/Third_Party/FreeRTOS/Source/tasks.c.obj
                0x00000000d0606c00                vTaskSwitchContext
 .text.vTaskPlaceOnEventList
                0x00000000d0606c74       0x34 CMakeFiles/freertos_stm32h750.elf.dir/Middlewares/Third_Party/FreeRTOS/Source/tasks.c.obj
                0x00000000d0606c74                vTaskPlaceOnEventList
 .text.xTaskRemoveFromEventList
                0x00000000d0606ca8       0x8c CMakeFiles/freertos_stm32h750.elf.dir/Middlewares/Third_Party/FreeRTOS/Source/tasks.c.obj
                0x00000000d0606ca8                xTaskRemoveFromEventList
 .text.vTaskInternalSetTimeOutState
                0x00000000d0606d34       0x18 CMakeFiles/freertos_stm32h750.elf.dir/Middlewares/Third_Party/FreeRTOS/Source/tasks.c.obj
                0x00000000d0606d34                vTaskInternalSetTimeOutState
 .text.xTaskCheckForTimeOut
                0x00000000d0606d4c       0x78 CMakeFiles/freertos_stm32h750.elf.dir/Middlewares/Third_Party/FreeRTOS/Source/tasks.c.obj
                0x00000000d0606d4c                xTaskCheckForTimeOut
 .text.vTaskMissedYield
                0x00000000d0606dc4        0xc CMakeFiles/freertos_stm32h750.elf.dir/Middlewares/Third_Party/FreeRTOS/Source/tasks.c.obj
                0x00000000d0606dc4                vTaskMissedYield
 .text.xTaskGetSchedulerState
                0x00000000d0606dd0       0x20 CMakeFiles/freertos_stm32h750.elf.dir/Middlewares/Third_Party/FreeRTOS/Source/tasks.c.obj
                0x00000000d0606dd0                xTaskGetSchedulerState
 .text.xTaskPriorityInherit
                0x00000000d0606df0       0x98 CMakeFiles/freertos_stm32h750.elf.dir/Middlewares/Third_Party/FreeRTOS/Source/tasks.c.obj
                0x00000000d0606df0                xTaskPriorityInherit
 .text.xTaskPriorityDisinherit
                0x00000000d0606e88       0xa4 CMakeFiles/freertos_stm32h750.elf.dir/Middlewares/Third_Party/FreeRTOS/Source/tasks.c.obj
                0x00000000d0606e88                xTaskPriorityDisinherit
 .text.vTaskPriorityDisinheritAfterTimeout
                0x00000000d0606f2c       0xb4 CMakeFiles/freertos_stm32h750.elf.dir/Middlewares/Third_Party/FreeRTOS/Source/tasks.c.obj
                0x00000000d0606f2c                vTaskPriorityDisinheritAfterTimeout
 .text.pvTaskIncrementMutexHeldCount
                0x00000000d0606fe0       0x18 CMakeFiles/freertos_stm32h750.elf.dir/Middlewares/Third_Party/FreeRTOS/Source/tasks.c.obj
                0x00000000d0606fe0                pvTaskIncrementMutexHeldCount
 .text.disk_status
                0x00000000d0606ff8       0x14 CMakeFiles/freertos_stm32h750.elf.dir/Middlewares/Third_Party/FatFs/src/diskio.c.obj
                0x00000000d0606ff8                disk_status
 .text.disk_initialize
                0x00000000d060700c       0x20 CMakeFiles/freertos_stm32h750.elf.dir/Middlewares/Third_Party/FatFs/src/diskio.c.obj
                0x00000000d060700c                disk_initialize
 .text.disk_read
                0x00000000d060702c       0x1c CMakeFiles/freertos_stm32h750.elf.dir/Middlewares/Third_Party/FatFs/src/diskio.c.obj
                0x00000000d060702c                disk_read
 .text.disk_write
                0x00000000d0607048       0x1c CMakeFiles/freertos_stm32h750.elf.dir/Middlewares/Third_Party/FatFs/src/diskio.c.obj
                0x00000000d0607048                disk_write
 .text.disk_ioctl
                0x00000000d0607064       0x1c CMakeFiles/freertos_stm32h750.elf.dir/Middlewares/Third_Party/FatFs/src/diskio.c.obj
                0x00000000d0607064                disk_ioctl
 .text.ld_dword
                0x00000000d0607080        0x4 CMakeFiles/freertos_stm32h750.elf.dir/Middlewares/Third_Party/FatFs/src/ff.c.obj
 .text.st_dword
                0x00000000d0607084       0x10 CMakeFiles/freertos_stm32h750.elf.dir/Middlewares/Third_Party/FatFs/src/ff.c.obj
 .text.mem_set  0x00000000d0607094        0xc CMakeFiles/freertos_stm32h750.elf.dir/Middlewares/Third_Party/FatFs/src/ff.c.obj
 .text.chk_lock
                0x00000000d06070a0       0x74 CMakeFiles/freertos_stm32h750.elf.dir/Middlewares/Third_Party/FatFs/src/ff.c.obj
 .text.inc_lock
                0x00000000d0607114       0x84 CMakeFiles/freertos_stm32h750.elf.dir/Middlewares/Third_Party/FatFs/src/ff.c.obj
 .text.dec_lock
                0x00000000d0607198       0x3c CMakeFiles/freertos_stm32h750.elf.dir/Middlewares/Third_Party/FatFs/src/ff.c.obj
 .text.clear_lock
                0x00000000d06071d4       0x1c CMakeFiles/freertos_stm32h750.elf.dir/Middlewares/Third_Party/FatFs/src/ff.c.obj
 .text.clust2sect
                0x00000000d06071f0       0x16 CMakeFiles/freertos_stm32h750.elf.dir/Middlewares/Third_Party/FatFs/src/ff.c.obj
 .text.clmt_clust
                0x00000000d0607206       0x22 CMakeFiles/freertos_stm32h750.elf.dir/Middlewares/Third_Party/FatFs/src/ff.c.obj
 .text.st_clust
                0x00000000d0607228       0x18 CMakeFiles/freertos_stm32h750.elf.dir/Middlewares/Third_Party/FatFs/src/ff.c.obj
 .text.get_ldnumber
                0x00000000d0607240       0x30 CMakeFiles/freertos_stm32h750.elf.dir/Middlewares/Third_Party/FatFs/src/ff.c.obj
 .text.validate
                0x00000000d0607270       0x34 CMakeFiles/freertos_stm32h750.elf.dir/Middlewares/Third_Party/FatFs/src/ff.c.obj
 .text.mem_cpy.part.0
                0x00000000d06072a4       0x12 CMakeFiles/freertos_stm32h750.elf.dir/Middlewares/Third_Party/FatFs/src/ff.c.obj
 .text.sync_window.part.0
                0x00000000d06072b6       0x4c CMakeFiles/freertos_stm32h750.elf.dir/Middlewares/Third_Party/FatFs/src/ff.c.obj
 .text.sync_window
                0x00000000d0607302        0xc CMakeFiles/freertos_stm32h750.elf.dir/Middlewares/Third_Party/FatFs/src/ff.c.obj
 .text.move_window
                0x00000000d060730e       0x32 CMakeFiles/freertos_stm32h750.elf.dir/Middlewares/Third_Party/FatFs/src/ff.c.obj
 .text.check_fs
                0x00000000d0607340       0x74 CMakeFiles/freertos_stm32h750.elf.dir/Middlewares/Third_Party/FatFs/src/ff.c.obj
 .text.find_volume
                0x00000000d06073b4      0x248 CMakeFiles/freertos_stm32h750.elf.dir/Middlewares/Third_Party/FatFs/src/ff.c.obj
 .text.put_fat  0x00000000d06075fc       0xfc CMakeFiles/freertos_stm32h750.elf.dir/Middlewares/Third_Party/FatFs/src/ff.c.obj
 .text.sync_fs  0x00000000d06076f8       0x96 CMakeFiles/freertos_stm32h750.elf.dir/Middlewares/Third_Party/FatFs/src/ff.c.obj
 .text.get_fileinfo.part.0.isra.0
                0x00000000d060778e       0x54 CMakeFiles/freertos_stm32h750.elf.dir/Middlewares/Third_Party/FatFs/src/ff.c.obj
 .text.ld_clust.isra.0
                0x00000000d06077e2       0x10 CMakeFiles/freertos_stm32h750.elf.dir/Middlewares/Third_Party/FatFs/src/ff.c.obj
 .text.get_fat.isra.0
                0x00000000d06077f2       0xac CMakeFiles/freertos_stm32h750.elf.dir/Middlewares/Third_Party/FatFs/src/ff.c.obj
 .text.remove_chain.isra.0
                0x00000000d060789e       0x6c CMakeFiles/freertos_stm32h750.elf.dir/Middlewares/Third_Party/FatFs/src/ff.c.obj
 .text.create_chain.isra.0
                0x00000000d060790a       0xa6 CMakeFiles/freertos_stm32h750.elf.dir/Middlewares/Third_Party/FatFs/src/ff.c.obj
 .text.dir_sdi.constprop.0
                0x00000000d06079b0       0x64 CMakeFiles/freertos_stm32h750.elf.dir/Middlewares/Third_Party/FatFs/src/ff.c.obj
 .text.dir_next
                0x00000000d0607a14       0xea CMakeFiles/freertos_stm32h750.elf.dir/Middlewares/Third_Party/FatFs/src/ff.c.obj
 *fill*         0x00000000d0607afe        0x2 
 .text.follow_path
                0x00000000d0607b00      0x184 CMakeFiles/freertos_stm32h750.elf.dir/Middlewares/Third_Party/FatFs/src/ff.c.obj
 .text.dir_read.constprop.0
                0x00000000d0607c84       0x54 CMakeFiles/freertos_stm32h750.elf.dir/Middlewares/Third_Party/FatFs/src/ff.c.obj
 .text.dir_register
                0x00000000d0607cd8       0x62 CMakeFiles/freertos_stm32h750.elf.dir/Middlewares/Third_Party/FatFs/src/ff.c.obj
 *fill*         0x00000000d0607d3a        0x2 
 .text.f_mount  0x00000000d0607d3c       0x54 CMakeFiles/freertos_stm32h750.elf.dir/Middlewares/Third_Party/FatFs/src/ff.c.obj
                0x00000000d0607d3c                f_mount
 .text.f_open   0x00000000d0607d90      0x200 CMakeFiles/freertos_stm32h750.elf.dir/Middlewares/Third_Party/FatFs/src/ff.c.obj
                0x00000000d0607d90                f_open
 .text.f_read   0x00000000d0607f90      0x16a CMakeFiles/freertos_stm32h750.elf.dir/Middlewares/Third_Party/FatFs/src/ff.c.obj
                0x00000000d0607f90                f_read
 .text.f_sync   0x00000000d06080fa       0x92 CMakeFiles/freertos_stm32h750.elf.dir/Middlewares/Third_Party/FatFs/src/ff.c.obj
                0x00000000d06080fa                f_sync
 .text.f_close  0x00000000d060818c       0x22 CMakeFiles/freertos_stm32h750.elf.dir/Middlewares/Third_Party/FatFs/src/ff.c.obj
                0x00000000d060818c                f_close
 .text.f_opendir
                0x00000000d06081ae       0x84 CMakeFiles/freertos_stm32h750.elf.dir/Middlewares/Third_Party/FatFs/src/ff.c.obj
                0x00000000d06081ae                f_opendir
 .text.f_closedir
                0x00000000d0608232       0x28 CMakeFiles/freertos_stm32h750.elf.dir/Middlewares/Third_Party/FatFs/src/ff.c.obj
                0x00000000d0608232                f_closedir
 .text.f_readdir
                0x00000000d060825a       0x42 CMakeFiles/freertos_stm32h750.elf.dir/Middlewares/Third_Party/FatFs/src/ff.c.obj
                0x00000000d060825a                f_readdir
 .text.FATFS_LinkDriverEx
                0x00000000d060829c       0x40 CMakeFiles/freertos_stm32h750.elf.dir/Middlewares/Third_Party/FatFs/src/ff_gen_drv.c.obj
                0x00000000d060829c                FATFS_LinkDriverEx
 .text.FATFS_LinkDriver
                0x00000000d06082dc        0x6 CMakeFiles/freertos_stm32h750.elf.dir/Middlewares/Third_Party/FatFs/src/ff_gen_drv.c.obj
                0x00000000d06082dc                FATFS_LinkDriver
 *fill*         0x00000000d06082e2        0x2 
 .text.HAL_Init
                0x00000000d06082e4       0x5c CMakeFiles/freertos_stm32h750.elf.dir/Drivers/STM32H7xx_HAL_Driver/Src/stm32h7xx_hal.c.obj
                0x00000000d06082e4                HAL_Init
 .text.HAL_IncTick
                0x00000000d0608340       0x18 CMakeFiles/freertos_stm32h750.elf.dir/Drivers/STM32H7xx_HAL_Driver/Src/stm32h7xx_hal.c.obj
                0x00000000d0608340                HAL_IncTick
 .text.HAL_GetTick
                0x00000000d0608358        0xc CMakeFiles/freertos_stm32h750.elf.dir/Drivers/STM32H7xx_HAL_Driver/Src/stm32h7xx_hal.c.obj
                0x00000000d0608358                HAL_GetTick
 .text.HAL_Delay
                0x00000000d0608364       0x24 CMakeFiles/freertos_stm32h750.elf.dir/Drivers/STM32H7xx_HAL_Driver/Src/stm32h7xx_hal.c.obj
                0x00000000d0608364                HAL_Delay
 .text.HAL_GetREVID
                0x00000000d0608388        0xc CMakeFiles/freertos_stm32h750.elf.dir/Drivers/STM32H7xx_HAL_Driver/Src/stm32h7xx_hal.c.obj
                0x00000000d0608388                HAL_GetREVID
 .text.HAL_SYSCFG_VREFBUF_HighImpedanceConfig
                0x00000000d0608394       0x14 CMakeFiles/freertos_stm32h750.elf.dir/Drivers/STM32H7xx_HAL_Driver/Src/stm32h7xx_hal.c.obj
                0x00000000d0608394                HAL_SYSCFG_VREFBUF_HighImpedanceConfig
 .text.HAL_SYSCFG_DisableVREFBUF
                0x00000000d06083a8       0x10 CMakeFiles/freertos_stm32h750.elf.dir/Drivers/STM32H7xx_HAL_Driver/Src/stm32h7xx_hal.c.obj
                0x00000000d06083a8                HAL_SYSCFG_DisableVREFBUF
 .text.HAL_SYSCFG_ETHInterfaceSelect
                0x00000000d06083b8       0x14 CMakeFiles/freertos_stm32h750.elf.dir/Drivers/STM32H7xx_HAL_Driver/Src/stm32h7xx_hal.c.obj
                0x00000000d06083b8                HAL_SYSCFG_ETHInterfaceSelect
 .text.HAL_SYSCFG_AnalogSwitchConfig
                0x00000000d06083cc       0x14 CMakeFiles/freertos_stm32h750.elf.dir/Drivers/STM32H7xx_HAL_Driver/Src/stm32h7xx_hal.c.obj
                0x00000000d06083cc                HAL_SYSCFG_AnalogSwitchConfig
 .text.LL_ADC_SetChannelSamplingTime
                0x00000000d06083e0       0x22 CMakeFiles/freertos_stm32h750.elf.dir/Drivers/STM32H7xx_HAL_Driver/Src/stm32h7xx_hal_adc.c.obj
 .text.LL_ADC_REG_IsConversionOngoing
                0x00000000d0608402        0x8 CMakeFiles/freertos_stm32h750.elf.dir/Drivers/STM32H7xx_HAL_Driver/Src/stm32h7xx_hal_adc.c.obj
 *fill*         0x00000000d060840a        0x2 
 .text.HAL_ADC_PollForConversion
                0x00000000d060840c      0x128 CMakeFiles/freertos_stm32h750.elf.dir/Drivers/STM32H7xx_HAL_Driver/Src/stm32h7xx_hal_adc.c.obj
                0x00000000d060840c                HAL_ADC_PollForConversion
 .text.HAL_ADC_GetValue
                0x00000000d0608534        0x6 CMakeFiles/freertos_stm32h750.elf.dir/Drivers/STM32H7xx_HAL_Driver/Src/stm32h7xx_hal_adc.c.obj
                0x00000000d0608534                HAL_ADC_GetValue
 *fill*         0x00000000d060853a        0x2 
 .text.HAL_ADC_ConfigChannel
                0x00000000d060853c      0x3a8 CMakeFiles/freertos_stm32h750.elf.dir/Drivers/STM32H7xx_HAL_Driver/Src/stm32h7xx_hal_adc.c.obj
                0x00000000d060853c                HAL_ADC_ConfigChannel
 .text.HAL_ADC_GetError
                0x00000000d06088e4        0x4 CMakeFiles/freertos_stm32h750.elf.dir/Drivers/STM32H7xx_HAL_Driver/Src/stm32h7xx_hal_adc.c.obj
                0x00000000d06088e4                HAL_ADC_GetError
 .text.ADC_ConversionStop
                0x00000000d06088e8       0xd0 CMakeFiles/freertos_stm32h750.elf.dir/Drivers/STM32H7xx_HAL_Driver/Src/stm32h7xx_hal_adc.c.obj
                0x00000000d06088e8                ADC_ConversionStop
 .text.ADC_Enable
                0x00000000d06089b8       0xb0 CMakeFiles/freertos_stm32h750.elf.dir/Drivers/STM32H7xx_HAL_Driver/Src/stm32h7xx_hal_adc.c.obj
                0x00000000d06089b8                ADC_Enable
 .text.HAL_ADC_Start
                0x00000000d0608a68       0xfc CMakeFiles/freertos_stm32h750.elf.dir/Drivers/STM32H7xx_HAL_Driver/Src/stm32h7xx_hal_adc.c.obj
                0x00000000d0608a68                HAL_ADC_Start
 .text.ADC_Disable
                0x00000000d0608b64       0x68 CMakeFiles/freertos_stm32h750.elf.dir/Drivers/STM32H7xx_HAL_Driver/Src/stm32h7xx_hal_adc.c.obj
                0x00000000d0608b64                ADC_Disable
 .text.HAL_ADC_DeInit
                0x00000000d0608bcc      0x1b4 CMakeFiles/freertos_stm32h750.elf.dir/Drivers/STM32H7xx_HAL_Driver/Src/stm32h7xx_hal_adc.c.obj
                0x00000000d0608bcc                HAL_ADC_DeInit
 .text.ADC_ConfigureBoostMode
                0x00000000d0608d80      0x12c CMakeFiles/freertos_stm32h750.elf.dir/Drivers/STM32H7xx_HAL_Driver/Src/stm32h7xx_hal_adc.c.obj
                0x00000000d0608d80                ADC_ConfigureBoostMode
 .text.HAL_ADC_Init
                0x00000000d0608eac      0x210 CMakeFiles/freertos_stm32h750.elf.dir/Drivers/STM32H7xx_HAL_Driver/Src/stm32h7xx_hal_adc.c.obj
                0x00000000d0608eac                HAL_ADC_Init
 .text.HAL_ADCEx_Calibration_Start
                0x00000000d06090bc       0xa0 CMakeFiles/freertos_stm32h750.elf.dir/Drivers/STM32H7xx_HAL_Driver/Src/stm32h7xx_hal_adc_ex.c.obj
                0x00000000d06090bc                HAL_ADCEx_Calibration_Start
 .text.HAL_NVIC_SetPriorityGrouping
                0x00000000d060915c       0x24 CMakeFiles/freertos_stm32h750.elf.dir/Drivers/STM32H7xx_HAL_Driver/Src/stm32h7xx_hal_cortex.c.obj
                0x00000000d060915c                HAL_NVIC_SetPriorityGrouping
 .text.HAL_NVIC_SetPriority
                0x00000000d0609180       0x64 CMakeFiles/freertos_stm32h750.elf.dir/Drivers/STM32H7xx_HAL_Driver/Src/stm32h7xx_hal_cortex.c.obj
                0x00000000d0609180                HAL_NVIC_SetPriority
 .text.HAL_NVIC_EnableIRQ
                0x00000000d06091e4       0x1c CMakeFiles/freertos_stm32h750.elf.dir/Drivers/STM32H7xx_HAL_Driver/Src/stm32h7xx_hal_cortex.c.obj
                0x00000000d06091e4                HAL_NVIC_EnableIRQ
 .text.HAL_NVIC_DisableIRQ
                0x00000000d0609200       0x28 CMakeFiles/freertos_stm32h750.elf.dir/Drivers/STM32H7xx_HAL_Driver/Src/stm32h7xx_hal_cortex.c.obj
                0x00000000d0609200                HAL_NVIC_DisableIRQ
 .text.HAL_NVIC_SystemReset
                0x00000000d0609228       0x24 CMakeFiles/freertos_stm32h750.elf.dir/Drivers/STM32H7xx_HAL_Driver/Src/stm32h7xx_hal_cortex.c.obj
                0x00000000d0609228                HAL_NVIC_SystemReset
 .text.HAL_NVIC_ClearPendingIRQ
                0x00000000d060924c       0x20 CMakeFiles/freertos_stm32h750.elf.dir/Drivers/STM32H7xx_HAL_Driver/Src/stm32h7xx_hal_cortex.c.obj
                0x00000000d060924c                HAL_NVIC_ClearPendingIRQ
 .text.DMA_SetConfig
                0x00000000d060926c      0x184 CMakeFiles/freertos_stm32h750.elf.dir/Drivers/STM32H7xx_HAL_Driver/Src/stm32h7xx_hal_dma.c.obj
 .text.DMA_CalcBaseAndBitshift
                0x00000000d06093f0       0x9c CMakeFiles/freertos_stm32h750.elf.dir/Drivers/STM32H7xx_HAL_Driver/Src/stm32h7xx_hal_dma.c.obj
 .text.DMA_CalcDMAMUXChannelBaseAndMask
                0x00000000d060948c       0x90 CMakeFiles/freertos_stm32h750.elf.dir/Drivers/STM32H7xx_HAL_Driver/Src/stm32h7xx_hal_dma.c.obj
 .text.DMA_CalcDMAMUXRequestGenBaseAndMask
                0x00000000d060951c       0x70 CMakeFiles/freertos_stm32h750.elf.dir/Drivers/STM32H7xx_HAL_Driver/Src/stm32h7xx_hal_dma.c.obj
 .text.HAL_DMA_Init
                0x00000000d060958c      0x384 CMakeFiles/freertos_stm32h750.elf.dir/Drivers/STM32H7xx_HAL_Driver/Src/stm32h7xx_hal_dma.c.obj
                0x00000000d060958c                HAL_DMA_Init
 .text.HAL_DMA_DeInit
                0x00000000d0609910      0x1b4 CMakeFiles/freertos_stm32h750.elf.dir/Drivers/STM32H7xx_HAL_Driver/Src/stm32h7xx_hal_dma.c.obj
                0x00000000d0609910                HAL_DMA_DeInit
 .text.HAL_DMA_Start_IT
                0x00000000d0609ac4      0x238 CMakeFiles/freertos_stm32h750.elf.dir/Drivers/STM32H7xx_HAL_Driver/Src/stm32h7xx_hal_dma.c.obj
                0x00000000d0609ac4                HAL_DMA_Start_IT
 .text.HAL_DMA_Abort
                0x00000000d0609cfc      0x34c CMakeFiles/freertos_stm32h750.elf.dir/Drivers/STM32H7xx_HAL_Driver/Src/stm32h7xx_hal_dma.c.obj
                0x00000000d0609cfc                HAL_DMA_Abort
 .text.HAL_DMA_Abort_IT
                0x00000000d060a048      0x168 CMakeFiles/freertos_stm32h750.elf.dir/Drivers/STM32H7xx_HAL_Driver/Src/stm32h7xx_hal_dma.c.obj
                0x00000000d060a048                HAL_DMA_Abort_IT
 .text.HAL_DMA_IRQHandler
                0x00000000d060a1b0      0x54c CMakeFiles/freertos_stm32h750.elf.dir/Drivers/STM32H7xx_HAL_Driver/Src/stm32h7xx_hal_dma.c.obj
                0x00000000d060a1b0                HAL_DMA_IRQHandler
 .text.HAL_DMA_GetState
                0x00000000d060a6fc        0x6 CMakeFiles/freertos_stm32h750.elf.dir/Drivers/STM32H7xx_HAL_Driver/Src/stm32h7xx_hal_dma.c.obj
                0x00000000d060a6fc                HAL_DMA_GetState
 .text.DMA2D_SetConfig
                0x00000000d060a702       0x8e CMakeFiles/freertos_stm32h750.elf.dir/Drivers/STM32H7xx_HAL_Driver/Src/stm32h7xx_hal_dma2d.c.obj
 .text.HAL_DMA2D_Init
                0x00000000d060a790       0x7a CMakeFiles/freertos_stm32h750.elf.dir/Drivers/STM32H7xx_HAL_Driver/Src/stm32h7xx_hal_dma2d.c.obj
                0x00000000d060a790                HAL_DMA2D_Init
 .text.HAL_DMA2D_Start
                0x00000000d060a80a       0x34 CMakeFiles/freertos_stm32h750.elf.dir/Drivers/STM32H7xx_HAL_Driver/Src/stm32h7xx_hal_dma2d.c.obj
                0x00000000d060a80a                HAL_DMA2D_Start
 .text.HAL_DMA2D_PollForTransfer
                0x00000000d060a83e      0x102 CMakeFiles/freertos_stm32h750.elf.dir/Drivers/STM32H7xx_HAL_Driver/Src/stm32h7xx_hal_dma2d.c.obj
                0x00000000d060a83e                HAL_DMA2D_PollForTransfer
 .text.HAL_DMA2D_ConfigLayer
                0x00000000d060a940       0xc0 CMakeFiles/freertos_stm32h750.elf.dir/Drivers/STM32H7xx_HAL_Driver/Src/stm32h7xx_hal_dma2d.c.obj
                0x00000000d060a940                HAL_DMA2D_ConfigLayer
 .text.HAL_GPIO_Init
                0x00000000d060aa00      0x1d4 CMakeFiles/freertos_stm32h750.elf.dir/Drivers/STM32H7xx_HAL_Driver/Src/stm32h7xx_hal_gpio.c.obj
                0x00000000d060aa00                HAL_GPIO_Init
 .text.HAL_GPIO_DeInit
                0x00000000d060abd4      0x140 CMakeFiles/freertos_stm32h750.elf.dir/Drivers/STM32H7xx_HAL_Driver/Src/stm32h7xx_hal_gpio.c.obj
                0x00000000d060abd4                HAL_GPIO_DeInit
 .text.HAL_GPIO_ReadPin
                0x00000000d060ad14        0xc CMakeFiles/freertos_stm32h750.elf.dir/Drivers/STM32H7xx_HAL_Driver/Src/stm32h7xx_hal_gpio.c.obj
                0x00000000d060ad14                HAL_GPIO_ReadPin
 .text.HAL_GPIO_WritePin
                0x00000000d060ad20        0xa CMakeFiles/freertos_stm32h750.elf.dir/Drivers/STM32H7xx_HAL_Driver/Src/stm32h7xx_hal_gpio.c.obj
                0x00000000d060ad20                HAL_GPIO_WritePin
 .text.HAL_GPIO_TogglePin
                0x00000000d060ad2a       0x12 CMakeFiles/freertos_stm32h750.elf.dir/Drivers/STM32H7xx_HAL_Driver/Src/stm32h7xx_hal_gpio.c.obj
                0x00000000d060ad2a                HAL_GPIO_TogglePin
 .text.HAL_GPIO_EXTI_IRQHandler
                0x00000000d060ad3c       0x18 CMakeFiles/freertos_stm32h750.elf.dir/Drivers/STM32H7xx_HAL_Driver/Src/stm32h7xx_hal_gpio.c.obj
                0x00000000d060ad3c                HAL_GPIO_EXTI_IRQHandler
 .text.HAL_HCD_HC_Init
                0x00000000d060ad54       0x6c CMakeFiles/freertos_stm32h750.elf.dir/Drivers/STM32H7xx_HAL_Driver/Src/stm32h7xx_hal_hcd.c.obj
                0x00000000d060ad54                HAL_HCD_HC_Init
 .text.HAL_HCD_HC_Halt
                0x00000000d060adc0       0x24 CMakeFiles/freertos_stm32h750.elf.dir/Drivers/STM32H7xx_HAL_Driver/Src/stm32h7xx_hal_hcd.c.obj
                0x00000000d060adc0                HAL_HCD_HC_Halt
 .text.HAL_HCD_Init
                0x00000000d060ade4       0x98 CMakeFiles/freertos_stm32h750.elf.dir/Drivers/STM32H7xx_HAL_Driver/Src/stm32h7xx_hal_hcd.c.obj
                0x00000000d060ade4                HAL_HCD_Init
 .text.HAL_HCD_HC_SubmitRequest
                0x00000000d060ae7c       0xc8 CMakeFiles/freertos_stm32h750.elf.dir/Drivers/STM32H7xx_HAL_Driver/Src/stm32h7xx_hal_hcd.c.obj
                0x00000000d060ae7c                HAL_HCD_HC_SubmitRequest
 .text.HAL_HCD_IRQHandler
                0x00000000d060af44      0x788 CMakeFiles/freertos_stm32h750.elf.dir/Drivers/STM32H7xx_HAL_Driver/Src/stm32h7xx_hal_hcd.c.obj
                0x00000000d060af44                HAL_HCD_IRQHandler
 .text.HAL_HCD_Start
                0x00000000d060b6cc       0x2a CMakeFiles/freertos_stm32h750.elf.dir/Drivers/STM32H7xx_HAL_Driver/Src/stm32h7xx_hal_hcd.c.obj
                0x00000000d060b6cc                HAL_HCD_Start
 .text.HAL_HCD_Stop
                0x00000000d060b6f6       0x24 CMakeFiles/freertos_stm32h750.elf.dir/Drivers/STM32H7xx_HAL_Driver/Src/stm32h7xx_hal_hcd.c.obj
                0x00000000d060b6f6                HAL_HCD_Stop
 .text.HAL_HCD_ResetPort
                0x00000000d060b71a        0x6 CMakeFiles/freertos_stm32h750.elf.dir/Drivers/STM32H7xx_HAL_Driver/Src/stm32h7xx_hal_hcd.c.obj
                0x00000000d060b71a                HAL_HCD_ResetPort
 .text.HAL_HCD_HC_GetURBState
                0x00000000d060b720        0xc CMakeFiles/freertos_stm32h750.elf.dir/Drivers/STM32H7xx_HAL_Driver/Src/stm32h7xx_hal_hcd.c.obj
                0x00000000d060b720                HAL_HCD_HC_GetURBState
 .text.HAL_HCD_HC_GetXferCount
                0x00000000d060b72c        0xa CMakeFiles/freertos_stm32h750.elf.dir/Drivers/STM32H7xx_HAL_Driver/Src/stm32h7xx_hal_hcd.c.obj
                0x00000000d060b72c                HAL_HCD_HC_GetXferCount
 .text.HAL_HCD_GetCurrentFrame
                0x00000000d060b736        0x6 CMakeFiles/freertos_stm32h750.elf.dir/Drivers/STM32H7xx_HAL_Driver/Src/stm32h7xx_hal_hcd.c.obj
                0x00000000d060b736                HAL_HCD_GetCurrentFrame
 .text.HAL_HCD_GetCurrentSpeed
                0x00000000d060b73c        0x6 CMakeFiles/freertos_stm32h750.elf.dir/Drivers/STM32H7xx_HAL_Driver/Src/stm32h7xx_hal_hcd.c.obj
                0x00000000d060b73c                HAL_HCD_GetCurrentSpeed
 .text.I2C_Flush_TXDR
                0x00000000d060b742       0x1c CMakeFiles/freertos_stm32h750.elf.dir/Drivers/STM32H7xx_HAL_Driver/Src/stm32h7xx_hal_i2c.c.obj
 *fill*         0x00000000d060b75e        0x2 
 .text.I2C_TransferConfig
                0x00000000d060b760       0x2c CMakeFiles/freertos_stm32h750.elf.dir/Drivers/STM32H7xx_HAL_Driver/Src/stm32h7xx_hal_i2c.c.obj
 .text.I2C_Enable_IRQ
                0x00000000d060b78c       0x74 CMakeFiles/freertos_stm32h750.elf.dir/Drivers/STM32H7xx_HAL_Driver/Src/stm32h7xx_hal_i2c.c.obj
 .text.I2C_Disable_IRQ
                0x00000000d060b800       0x42 CMakeFiles/freertos_stm32h750.elf.dir/Drivers/STM32H7xx_HAL_Driver/Src/stm32h7xx_hal_i2c.c.obj
 .text.I2C_WaitOnFlagUntilTimeout
                0x00000000d060b842       0x66 CMakeFiles/freertos_stm32h750.elf.dir/Drivers/STM32H7xx_HAL_Driver/Src/stm32h7xx_hal_i2c.c.obj
 .text.HAL_I2C_Init
                0x00000000d060b8a8       0xa2 CMakeFiles/freertos_stm32h750.elf.dir/Drivers/STM32H7xx_HAL_Driver/Src/stm32h7xx_hal_i2c.c.obj
                0x00000000d060b8a8                HAL_I2C_Init
 *fill*         0x00000000d060b94a        0x2 
 .text.HAL_I2C_Mem_Write_IT
                0x00000000d060b94c       0xa8 CMakeFiles/freertos_stm32h750.elf.dir/Drivers/STM32H7xx_HAL_Driver/Src/stm32h7xx_hal_i2c.c.obj
                0x00000000d060b94c                HAL_I2C_Mem_Write_IT
 .text.HAL_I2C_Mem_Read_IT
                0x00000000d060b9f4       0xa4 CMakeFiles/freertos_stm32h750.elf.dir/Drivers/STM32H7xx_HAL_Driver/Src/stm32h7xx_hal_i2c.c.obj
                0x00000000d060b9f4                HAL_I2C_Mem_Read_IT
 .text.HAL_I2C_IsDeviceReady
                0x00000000d060ba98      0x134 CMakeFiles/freertos_stm32h750.elf.dir/Drivers/STM32H7xx_HAL_Driver/Src/stm32h7xx_hal_i2c.c.obj
                0x00000000d060ba98                HAL_I2C_IsDeviceReady
 .text.HAL_I2C_EV_IRQHandler
                0x00000000d060bbcc        0xe CMakeFiles/freertos_stm32h750.elf.dir/Drivers/STM32H7xx_HAL_Driver/Src/stm32h7xx_hal_i2c.c.obj
                0x00000000d060bbcc                HAL_I2C_EV_IRQHandler
 .text.HAL_I2C_MasterTxCpltCallback
                0x00000000d060bbda        0x2 CMakeFiles/freertos_stm32h750.elf.dir/Drivers/STM32H7xx_HAL_Driver/Src/stm32h7xx_hal_i2c.c.obj
                0x00000000d060bbda                HAL_I2C_MasterTxCpltCallback
 .text.HAL_I2C_MasterRxCpltCallback
                0x00000000d060bbdc        0x2 CMakeFiles/freertos_stm32h750.elf.dir/Drivers/STM32H7xx_HAL_Driver/Src/stm32h7xx_hal_i2c.c.obj
                0x00000000d060bbdc                HAL_I2C_MasterRxCpltCallback
 .text.I2C_ITMasterSeqCplt
                0x00000000d060bbde       0x44 CMakeFiles/freertos_stm32h750.elf.dir/Drivers/STM32H7xx_HAL_Driver/Src/stm32h7xx_hal_i2c.c.obj
 .text.HAL_I2C_SlaveTxCpltCallback
                0x00000000d060bc22        0x2 CMakeFiles/freertos_stm32h750.elf.dir/Drivers/STM32H7xx_HAL_Driver/Src/stm32h7xx_hal_i2c.c.obj
                0x00000000d060bc22                HAL_I2C_SlaveTxCpltCallback
 .text.HAL_I2C_SlaveRxCpltCallback
                0x00000000d060bc24        0x2 CMakeFiles/freertos_stm32h750.elf.dir/Drivers/STM32H7xx_HAL_Driver/Src/stm32h7xx_hal_i2c.c.obj
                0x00000000d060bc24                HAL_I2C_SlaveRxCpltCallback
 .text.I2C_ITSlaveSeqCplt
                0x00000000d060bc26       0x6c CMakeFiles/freertos_stm32h750.elf.dir/Drivers/STM32H7xx_HAL_Driver/Src/stm32h7xx_hal_i2c.c.obj
 .text.HAL_I2C_AddrCallback
                0x00000000d060bc92        0x2 CMakeFiles/freertos_stm32h750.elf.dir/Drivers/STM32H7xx_HAL_Driver/Src/stm32h7xx_hal_i2c.c.obj
                0x00000000d060bc92                HAL_I2C_AddrCallback
 .text.I2C_ITAddrCplt.constprop.0
                0x00000000d060bc94       0x88 CMakeFiles/freertos_stm32h750.elf.dir/Drivers/STM32H7xx_HAL_Driver/Src/stm32h7xx_hal_i2c.c.obj
 .text.HAL_I2C_ListenCpltCallback
                0x00000000d060bd1c        0x2 CMakeFiles/freertos_stm32h750.elf.dir/Drivers/STM32H7xx_HAL_Driver/Src/stm32h7xx_hal_i2c.c.obj
                0x00000000d060bd1c                HAL_I2C_ListenCpltCallback
 *fill*         0x00000000d060bd1e        0x2 
 .text.I2C_ITListenCplt
                0x00000000d060bd20       0x60 CMakeFiles/freertos_stm32h750.elf.dir/Drivers/STM32H7xx_HAL_Driver/Src/stm32h7xx_hal_i2c.c.obj
 .text.HAL_I2C_AbortCpltCallback
                0x00000000d060bd80        0x2 CMakeFiles/freertos_stm32h750.elf.dir/Drivers/STM32H7xx_HAL_Driver/Src/stm32h7xx_hal_i2c.c.obj
                0x00000000d060bd80                HAL_I2C_AbortCpltCallback
 .text.I2C_TreatErrorCallback
                0x00000000d060bd82       0x2c CMakeFiles/freertos_stm32h750.elf.dir/Drivers/STM32H7xx_HAL_Driver/Src/stm32h7xx_hal_i2c.c.obj
 *fill*         0x00000000d060bdae        0x2 
 .text.I2C_ITError
                0x00000000d060bdb0      0x108 CMakeFiles/freertos_stm32h750.elf.dir/Drivers/STM32H7xx_HAL_Driver/Src/stm32h7xx_hal_i2c.c.obj
 .text.I2C_ITSlaveCplt
                0x00000000d060beb8      0x170 CMakeFiles/freertos_stm32h750.elf.dir/Drivers/STM32H7xx_HAL_Driver/Src/stm32h7xx_hal_i2c.c.obj
 .text.I2C_Slave_ISR_IT
                0x00000000d060c028      0x112 CMakeFiles/freertos_stm32h750.elf.dir/Drivers/STM32H7xx_HAL_Driver/Src/stm32h7xx_hal_i2c.c.obj
 .text.I2C_ITMasterCplt
                0x00000000d060c13a       0xf0 CMakeFiles/freertos_stm32h750.elf.dir/Drivers/STM32H7xx_HAL_Driver/Src/stm32h7xx_hal_i2c.c.obj
 *fill*         0x00000000d060c22a        0x2 
 .text.I2C_Slave_ISR_DMA
                0x00000000d060c22c      0x184 CMakeFiles/freertos_stm32h750.elf.dir/Drivers/STM32H7xx_HAL_Driver/Src/stm32h7xx_hal_i2c.c.obj
 .text.I2C_Master_ISR_DMA
                0x00000000d060c3b0      0x106 CMakeFiles/freertos_stm32h750.elf.dir/Drivers/STM32H7xx_HAL_Driver/Src/stm32h7xx_hal_i2c.c.obj
 *fill*         0x00000000d060c4b6        0x2 
 .text.I2C_Mem_ISR_IT
                0x00000000d060c4b8      0x10c CMakeFiles/freertos_stm32h750.elf.dir/Drivers/STM32H7xx_HAL_Driver/Src/stm32h7xx_hal_i2c.c.obj
 .text.HAL_I2C_ER_IRQHandler
                0x00000000d060c5c4       0x60 CMakeFiles/freertos_stm32h750.elf.dir/Drivers/STM32H7xx_HAL_Driver/Src/stm32h7xx_hal_i2c.c.obj
                0x00000000d060c5c4                HAL_I2C_ER_IRQHandler
 .text.I2C_DMAAbort
                0x00000000d060c624       0x16 CMakeFiles/freertos_stm32h750.elf.dir/Drivers/STM32H7xx_HAL_Driver/Src/stm32h7xx_hal_i2c.c.obj
 .text.HAL_I2C_GetState
                0x00000000d060c63a        0x6 CMakeFiles/freertos_stm32h750.elf.dir/Drivers/STM32H7xx_HAL_Driver/Src/stm32h7xx_hal_i2c.c.obj
                0x00000000d060c63a                HAL_I2C_GetState
 .text.HAL_I2C_GetError
                0x00000000d060c640        0x4 CMakeFiles/freertos_stm32h750.elf.dir/Drivers/STM32H7xx_HAL_Driver/Src/stm32h7xx_hal_i2c.c.obj
                0x00000000d060c640                HAL_I2C_GetError
 .text.HAL_I2CEx_EnableFastModePlus
                0x00000000d060c644       0x30 CMakeFiles/freertos_stm32h750.elf.dir/Drivers/STM32H7xx_HAL_Driver/Src/stm32h7xx_hal_i2c_ex.c.obj
                0x00000000d060c644                HAL_I2CEx_EnableFastModePlus
 .text.HAL_IWDG_Init
                0x00000000d060c674       0x5c CMakeFiles/freertos_stm32h750.elf.dir/Drivers/STM32H7xx_HAL_Driver/Src/stm32h7xx_hal_iwdg.c.obj
                0x00000000d060c674                HAL_IWDG_Init
 .text.HAL_IWDG_Refresh
                0x00000000d060c6d0        0xc CMakeFiles/freertos_stm32h750.elf.dir/Drivers/STM32H7xx_HAL_Driver/Src/stm32h7xx_hal_iwdg.c.obj
                0x00000000d060c6d0                HAL_IWDG_Refresh
 .text.HAL_PWREx_ConfigSupply
                0x00000000d060c6dc       0x48 CMakeFiles/freertos_stm32h750.elf.dir/Drivers/STM32H7xx_HAL_Driver/Src/stm32h7xx_hal_pwr_ex.c.obj
                0x00000000d060c6dc                HAL_PWREx_ConfigSupply
 .text.HAL_PWREx_EnableUSBVoltageDetector
                0x00000000d060c724       0x10 CMakeFiles/freertos_stm32h750.elf.dir/Drivers/STM32H7xx_HAL_Driver/Src/stm32h7xx_hal_pwr_ex.c.obj
                0x00000000d060c724                HAL_PWREx_EnableUSBVoltageDetector
 .text.HAL_RCC_OscConfig
                0x00000000d060c734      0x570 CMakeFiles/freertos_stm32h750.elf.dir/Drivers/STM32H7xx_HAL_Driver/Src/stm32h7xx_hal_rcc.c.obj
                0x00000000d060c734                HAL_RCC_OscConfig
 .text.HAL_RCC_GetSysClockFreq
                0x00000000d060cca4      0x140 CMakeFiles/freertos_stm32h750.elf.dir/Drivers/STM32H7xx_HAL_Driver/Src/stm32h7xx_hal_rcc.c.obj
                0x00000000d060cca4                HAL_RCC_GetSysClockFreq
 .text.HAL_RCC_ClockConfig
                0x00000000d060cde4      0x24c CMakeFiles/freertos_stm32h750.elf.dir/Drivers/STM32H7xx_HAL_Driver/Src/stm32h7xx_hal_rcc.c.obj
                0x00000000d060cde4                HAL_RCC_ClockConfig
 .text.HAL_RCC_GetHCLKFreq
                0x00000000d060d030       0x44 CMakeFiles/freertos_stm32h750.elf.dir/Drivers/STM32H7xx_HAL_Driver/Src/stm32h7xx_hal_rcc.c.obj
                0x00000000d060d030                HAL_RCC_GetHCLKFreq
 .text.HAL_RCC_GetPCLK1Freq
                0x00000000d060d074       0x24 CMakeFiles/freertos_stm32h750.elf.dir/Drivers/STM32H7xx_HAL_Driver/Src/stm32h7xx_hal_rcc.c.obj
                0x00000000d060d074                HAL_RCC_GetPCLK1Freq
 .text.HAL_RCC_GetPCLK2Freq
                0x00000000d060d098       0x24 CMakeFiles/freertos_stm32h750.elf.dir/Drivers/STM32H7xx_HAL_Driver/Src/stm32h7xx_hal_rcc.c.obj
                0x00000000d060d098                HAL_RCC_GetPCLK2Freq
 .text.HAL_RCC_GetClockConfig
                0x00000000d060d0bc       0x54 CMakeFiles/freertos_stm32h750.elf.dir/Drivers/STM32H7xx_HAL_Driver/Src/stm32h7xx_hal_rcc.c.obj
                0x00000000d060d0bc                HAL_RCC_GetClockConfig
 .text.RCCEx_PLL2_Config
                0x00000000d060d110       0xf0 CMakeFiles/freertos_stm32h750.elf.dir/Drivers/STM32H7xx_HAL_Driver/Src/stm32h7xx_hal_rcc_ex.c.obj
 .text.RCCEx_PLL3_Config
                0x00000000d060d200       0xf0 CMakeFiles/freertos_stm32h750.elf.dir/Drivers/STM32H7xx_HAL_Driver/Src/stm32h7xx_hal_rcc_ex.c.obj
 .text.HAL_RCCEx_PeriphCLKConfig
                0x00000000d060d2f0      0xa28 CMakeFiles/freertos_stm32h750.elf.dir/Drivers/STM32H7xx_HAL_Driver/Src/stm32h7xx_hal_rcc_ex.c.obj
                0x00000000d060d2f0                HAL_RCCEx_PeriphCLKConfig
 .text.HAL_RCCEx_GetD3PCLK1Freq
                0x00000000d060dd18       0x24 CMakeFiles/freertos_stm32h750.elf.dir/Drivers/STM32H7xx_HAL_Driver/Src/stm32h7xx_hal_rcc_ex.c.obj
                0x00000000d060dd18                HAL_RCCEx_GetD3PCLK1Freq
 .text.HAL_RCCEx_GetPLL2ClockFreq