drivers/mtd/ubi/wl.c:405:12:prot_queue_del	24	static
drivers/mtd/ubi/wl.c:193:12:do_work	16	static
drivers/mtd/ubi/wl.c:282:13:prot_queue_add	16	static
drivers/mtd/ubi/wl.c:561:13:__schedule_ubi_work	8	static
drivers/mtd/ubi/wl.c:1497:13:shutdown_work	16	static
drivers/mtd/ubi/wl.c:302:29:find_wl_entry	24	static
drivers/mtd/ubi/fastmap-wl.c:33:29:find_anchor_wl_entry	16	static
drivers/mtd/ubi/wl.c:144:13:wl_tree_add	32	static
drivers/mtd/ubi/fastmap-wl.c:54:13:return_unused_pool_pebs	24	static
drivers/mtd/ubi/wl.c:980:12:ensure_wear_leveling	24	static
drivers/mtd/ubi/wl.c:345:29:find_mean_wl_entry	16	static
drivers/mtd/ubi/wl.c:241:12:in_wl_tree.isra	16	static
drivers/mtd/ubi/wl.c:1746:12:self_check_in_wl_tree.isra	24	static
drivers/mtd/ubi/wl.c:180:13:wl_entry_destroy.isra	0	static
drivers/mtd/ubi/wl.c:1409:13:tree_destroy.isra	16	static
drivers/mtd/ubi/wl.c:527:6:ubi_do_worker	32	static
drivers/mtd/ubi/wl.c:603:12:schedule_erase	24	static
drivers/mtd/ubi/wl.c:1058:12:erase_worker	72	static
drivers/mtd/ubi/wl.c:640:12:do_sync_erase	24	static
drivers/mtd/ubi/wl.c:1196:5:ubi_wl_put_peb	40	static
drivers/mtd/ubi/wl.c:1288:5:ubi_wl_scrub_peb	24	static
drivers/mtd/ubi/wl.c:1353:5:ubi_wl_flush	32	static
drivers/mtd/ubi/wl.c:1440:5:ubi_thread	40	static
drivers/mtd/ubi/wl.c:1525:5:ubi_wl_init	48	static
drivers/mtd/ubi/wl.c:1680:6:ubi_wl_close	24	static
drivers/mtd/ubi/fastmap-wl.c:16:6:update_fastmap_work_fn	8	static
drivers/mtd/ubi/fastmap-wl.c:258:29:get_peb_for_wl	8	static
drivers/mtd/ubi/wl.c:670:12:wear_leveling_worker	56	static
drivers/mtd/ubi/fastmap-wl.c:88:22:ubi_wl_get_fm_peb	16	static
drivers/mtd/ubi/fastmap-wl.c:117:6:ubi_refill_pools	16	static
drivers/mtd/ubi/fastmap-wl.c:204:5:ubi_wl_get_peb	16	static
drivers/mtd/ubi/fastmap-wl.c:289:5:ubi_ensure_anchor_pebs	16	static
drivers/mtd/ubi/fastmap-wl.c:325:5:ubi_wl_put_fm_peb	32	static
drivers/mtd/ubi/fastmap-wl.c:359:5:ubi_is_erase_work	0	static
