include/bootcount.h:130:6:bootcount_store	0	static
include/bootcount.h:131:7:bootcount_load	0	static
common/spl/spl.c:55:13:show_boot_progress	0	static
common/spl/spl.c:385:12:spl_common_init.constprop	8	static
common/spl/spl.c:95:13:spl_perform_fixups	0	static
common/spl/spl.c:99:6:spl_fixup_fdt	0	static
common/spl/spl.c:131:13:spl_board_prepare_for_linux	0	static
common/spl/spl.c:136:13:spl_board_prepare_for_boot	0	static
common/spl/spl.c:141:29:spl_get_load_buffer	0	static
common/spl/spl.c:146:6:spl_set_header_raw_uboot	0	static
common/spl/spl.c:237:5:spl_parse_image_header	16	static
common/spl/spl.c:336:24:jump_to_image_no_args	8	static
common/spl/spl.c:450:6:spl_set_bd	0	static
common/spl/spl.c:460:5:spl_early_init	8	static
common/spl/spl.c:474:5:spl_init	8	static
common/spl/spl.c:496:13:board_boot_order	8	static
common/spl/spl.c:574:6:board_init_r	80	static
common/spl/spl.c:708:6:preloader_console_init	8	static
common/spl/spl.c:744:7:spl_relocate_stack_gd	0	static
