common/spl/spl_shell.c:1809:13:shellexit	0	static
common/spl/spl_shell.c:1885:13:shellClearCtrlC	0	static
common/spl/spl_shell.c:828:21:shell_nprintf	20	static
common/spl/spl_shell.c:867:12:shell_snprintf	16	static
common/spl/spl_shell.c:357:6:shell_getArgumentList.part.0	88	static
common/spl/spl_shell.c:1914:21:shellInput.constprop	8	static
common/spl/spl_shell.c:796:14:shell_puts.isra	16	static
common/spl/spl_shell.c:1575:13:shellRegister4	24	static
common/spl/spl_shell.c:1618:13:shellRegister2	24	static
common/spl/spl_shell.c:1661:13:shellRegister1	24	static
common/spl/spl_shell.c:1704:13:shellloadb	24	static
common/spl/spl_shell.c:1744:13:shellgo	16	static
common/spl/spl_shell.c:1182:13:shellDumpMemory	136	static
common/spl/spl_shell.c:1160:13:shellShowHelp	24	static
common/spl/spl_shell.c:1199:13:shellDumpMemory4	136	static
common/spl/spl_shell.c:237:6:spl_shell	80	static
common/spl/spl_shell.c:294:14:shell_addCommand	32	static
common/spl/spl_shell.c:179:10:spl_shell_init	8	static
common/spl/spl_shell.c:357:6:shell_getArgumentList	4	static
common/spl/spl_shell.c:401:14:shell_scanf_detail	40	static
common/spl/spl_shell.c:1216:13:shellEditMemory	96	static
