fs/ubifs/io.c:75:6:ubifs_ro_mode	0	static
fs/ubifs/io.c:349:27:next_sqnum	32	static
fs/ubifs/io.c:92:5:ubifs_leb_read	48	static
fs/ubifs/io.c:110:5:ubifs_leb_write	56	static
fs/ubifs/io.c:133:5:ubifs_leb_change	40	static
fs/ubifs/io.c:155:5:ubifs_leb_unmap	40	static
fs/ubifs/io.c:176:5:ubifs_leb_map	40	static
fs/ubifs/io.c:197:5:ubifs_is_mapped	32	static
fs/ubifs/io.c:238:5:ubifs_check_node	40	static
fs/ubifs/io.c:319:6:ubifs_pad	16	static
fs/ubifs/io.c:380:6:ubifs_prepare_node	32	static
fs/ubifs/io.c:413:6:ubifs_prep_grp_node	24	static
fs/ubifs/io.c:498:5:ubifs_wbuf_sync_nolock	32	static
fs/ubifs/io.c:573:5:ubifs_wbuf_seek_nolock	24	static
fs/ubifs/io.c:608:5:ubifs_bg_wbufs_sync	8	static
fs/ubifs/io.c:680:5:ubifs_wbuf_write_nolock	64	static
fs/ubifs/io.c:865:5:ubifs_write_node	40	static
fs/ubifs/io.c:981:5:ubifs_read_node	48	static
fs/ubifs/io.c:904:5:ubifs_read_node_wbuf	56	static
fs/ubifs/io.c:1035:5:ubifs_wbuf_init	16	static
fs/ubifs/io.c:1085:6:ubifs_wbuf_add_ino_nolock	8	static
fs/ubifs/io.c:1129:5:ubifs_sync_wbufs_by_inode	24	static
