fs/ubifs/lpt.c:53:13:do_calc_lpt_geom	48	static
fs/ubifs/lpt.c:553:12:calc_nnode_num_from_parent	0	static
fs/ubifs/lpt.c:1089:12:validate_nnode	16	static
fs/ubifs/lpt.c:228:13:pack_bits	32	static
fs/ubifs/lpt.c:474:13:set_ltab	24	static
fs/ubifs/lpt.c:864:13:update_cats	16	static
fs/ubifs/lpt.c:578:12:calc_pnode_num_from_parent.isra	12	static
fs/ubifs/lpt.c:1133:12:validate_pnode	24	static
fs/ubifs/lpt.c:132:5:ubifs_calc_lpt_geom	24	static
fs/ubifs/lpt.c:278:10:ubifs_unpack_bits	40	static
fs/ubifs/lpt.c:909:12:check_lpt_crc	48	static
fs/ubifs/lpt.c:936:12:check_lpt_type.constprop	32	static
fs/ubifs/lpt.c:959:12:unpack_pnode	32	static
fs/ubifs/lpt.c:1847:28:scan_get_pnode	40	static
fs/ubifs/lpt.c:345:6:ubifs_pack_pnode	32	static
fs/ubifs/lpt.c:378:6:ubifs_pack_nnode	32	static
fs/ubifs/lpt.c:410:6:ubifs_pack_ltab	32	static
fs/ubifs/lpt.c:435:6:ubifs_pack_lsave	32	static
fs/ubifs/lpt.c:457:6:ubifs_add_lpt_dirt	16	static
fs/ubifs/lpt.c:489:6:ubifs_add_nnode_dirt	8	static
fs/ubifs/lpt.c:1480:28:dirty_cow_nnode	16	static
fs/ubifs/lpt.c:603:5:ubifs_create_dflt_lpt	104	static
fs/ubifs/lpt.c:996:5:ubifs_unpack_nnode	32	static
fs/ubifs/lpt.c:1788:28:scan_get_nnode	40	static
fs/ubifs/lpt.c:1188:5:ubifs_read_nnode	56	static
fs/ubifs/lpt.c:1389:21:ubifs_get_nnode	8	static
fs/ubifs/lpt.c:1415:21:ubifs_get_pnode	56	static
fs/ubifs/lpt.c:1441:22:ubifs_lpt_lookup	24	static
fs/ubifs/lpt.c:1574:22:ubifs_lpt_lookup_dirty	32	static
fs/ubifs/lpt.c:1727:5:ubifs_lpt_init	48	static
fs/ubifs/lpt.c:1916:5:ubifs_lpt_scan_nolock	48	static
fs/ubifs/lpt.c:2218:5:dbg_check_lpt_nodes	0	static
