fs/ubifs/lpt_commit.c:156:12:alloc_lpt_leb	28	static
fs/ubifs/lpt_commit.c:340:12:realloc_lpt_leb	20	static
fs/ubifs/lpt_commit.c:720:12:need_write_all	20	static
fs/ubifs/lpt_commit.c:747:13:lpt_tgc_start	20	static
fs/ubifs/lpt_commit.c:38:28:first_dirty_cnode	8	static
fs/ubifs/lpt_commit.c:136:13:upd_ltab	24	static
fs/ubifs/lpt_commit.c:1110:12:is_a_node	32	static
fs/ubifs/lpt_commit.c:624:28:pnode_lookup	24	static
fs/ubifs/lpt_commit.c:1293:13:free_obsolete_cnodes	16	static
fs/ubifs/lpt_commit.c:664:13:do_make_pnode_dirty	16	static
fs/ubifs/lpt_commit.c:1191:12:lpt_gc	56	static
fs/ubifs/lpt_commit.c:1347:5:ubifs_lpt_post_commit	24	static
fs/ubifs/lpt_commit.c:1453:6:ubifs_lpt_free	32	static
fs/ubifs/lpt_commit.c:1699:5:dbg_check_ltab	0	static
fs/ubifs/lpt_commit.c:1741:5:dbg_chk_lpt_free_spc	0	static
fs/ubifs/lpt_commit.c:1782:5:dbg_chk_lpt_sz	0	static
fs/ubifs/lpt_commit.c:1984:6:ubifs_dump_lpt_lebs	128	static
fs/ubifs/lpt_commit.c:1222:5:ubifs_lpt_start_commit	64	static
fs/ubifs/lpt_commit.c:1320:5:ubifs_lpt_end_commit	72	static
