fs/ubifs/super.c:565:13:ubifs_dirty_inode	0	static
fs/ubifs/super.c:2322:12:sb_test	0	static
fs/ubifs/super.c:2330:12:sb_set	0	static
fs/ubifs/super.c:2504:13:kill_ubifs_super	0	static
fs/ubifs/super.c:1031:13:free_orphans	32	static
fs/ubifs/super.c:1254:13:destroy_journal	16	static
fs/ubifs/super.c:439:22:ubifs_alloc_inode	8	static
fs/ubifs/super.c:819:12:bud_wbuf_callback	16	static
fs/ubifs/super.c:1013:13:free_wbufs.part.0	16	static
fs/ubifs/super.c:956:12:take_gc_lnum	24	static
fs/ubifs/super.c:53:5:set_anon_super	0	static
fs/ubifs/super.c:58:15:iget_locked	16	static
fs/ubifs/super.c:74:6:iget_failed	0	static
fs/ubifs/super.c:78:5:ubifs_iput	8	static
fs/ubifs/super.c:89:6:iput	24	static
fs/ubifs/super.c:128:6:clear_nlink	0	static
fs/ubifs/super.c:145:6:set_nlink	0	static
fs/ubifs/super.c:170:6:unlock_new_inode	0	static
fs/ubifs/super.c:238:15:ubifs_iget	56	static
fs/ubifs/super.c:1705:6:ubifs_umount	32	static
fs/ubifs/super.c:2363:21:sget	24	static
fs/ubifs/super.c:2431:23:ubifs_mount	56	static
fs/ubifs/super.c:2533:5:ubifs_init	16	static
fs/ubifs/super.c:2668:5:uboot_ubifs_mount	8	static
