fs/ubifs/tnc.c:1900:13:insert_zbranch	32	static
fs/ubifs/tnc.c:367:13:lnc_free	8	static
fs/ubifs/tnc.c:71:12:insert_old_idx	32	static
fs/ubifs/tnc.c:566:28:get_znode	4	static
fs/ubifs/tnc.c:633:12:tnc_prev	16	static
fs/ubifs/tnc.c:588:12:tnc_next	16	static
fs/ubifs/tnc.c:2876:28:left_znode	16	static
fs/ubifs/tnc.c:2966:28:lookup_znode	48	static
fs/ubifs/tnc.c:343:12:lnc_add_directly	24	static
fs/ubifs/tnc.c:386:12:tnc_read_node_nm	24	static
fs/ubifs/tnc.c:481:12:fallible_read_node	64	static
fs/ubifs/tnc.c:516:12:matches_name	24	static
fs/ubifs/tnc.c:685:12:resolve_collision	48	static
fs/ubifs/tnc.c:803:12:fallible_matches_name	24	static
fs/ubifs/tnc.c:873:12:fallible_resolve_collision	48	static
fs/ubifs/tnc.c:1868:13:correct_parent_keys.constprop	16	static
fs/ubifs/tnc.c:1952:12:tnc_insert.constprop	56	static
fs/ubifs/tnc.c:245:28:dirty_cow_znode	32	static
fs/ubifs/tnc.c:1074:28:dirty_cow_bottom_up	40	static
fs/ubifs/tnc.c:1289:12:lookup_level0_dirty	40	static
fs/ubifs/tnc.c:112:5:insert_old_idx_znode	4	static
fs/ubifs/tnc.c:2368:12:tnc_delete	40	static
fs/ubifs/tnc.c:173:6:destroy_old_idx	16	static
fs/ubifs/tnc.c:1153:5:ubifs_lookup_level0	40	static
fs/ubifs/tnc.c:1424:5:ubifs_tnc_locate	64	static
fs/ubifs/tnc.c:1498:5:ubifs_tnc_get_bu_keys	48	static
fs/ubifs/tnc.c:1729:5:ubifs_tnc_bulk_read	64	static
fs/ubifs/tnc.c:1834:5:ubifs_tnc_lookup_nm	40	static
fs/ubifs/tnc.c:2144:5:ubifs_tnc_add	72	static
fs/ubifs/tnc.c:2193:5:ubifs_tnc_replace	56	static
fs/ubifs/tnc.c:2481:5:ubifs_tnc_remove	16	static
fs/ubifs/tnc.c:2511:5:ubifs_tnc_remove_nm	32	static
fs/ubifs/tnc.c:2276:5:ubifs_tnc_add_nm	88	static
fs/ubifs/tnc.c:2581:5:ubifs_tnc_remove_range	64	static
fs/ubifs/tnc.c:2743:25:ubifs_tnc_next_ent	48	static
fs/ubifs/tnc.c:2663:5:ubifs_tnc_remove_ino	64	static
fs/ubifs/tnc.c:2852:6:ubifs_tnc_close	16	static
fs/ubifs/tnc.c:3095:5:is_idx_node_in_tnc	16	static
fs/ubifs/tnc.c:3192:5:ubifs_tnc_has_node	48	static
fs/ubifs/tnc.c:3232:5:ubifs_dirty_idx_node	24	static
fs/ubifs/tnc.c:3268:5:dbg_check_inode_size	0	static
