fs/ubifs/ubifs.c:30:12:gzip_decompress	16	static
fs/ubifs/ubifs.c:250:19:compr_init	32	static
fs/ubifs/ubifs.c:519:22:ubifs_findfile	512	static
fs/ubifs/ubifs.c:80:7:kmemdup	16	static
fs/ubifs/ubifs.c:166:5:ubifs_decompress	56	static
fs/ubifs/ubifs.c:741:12:read_block	64	static
fs/ubifs/ubifs.c:203:6:ubifs_compress	8	static
fs/ubifs/ubifs.c:279:12:ubifs_compressors_init	8	static
fs/ubifs/ubifs.c:616:5:ubifs_set_blk_dev	8	static
fs/ubifs/ubifs.c:635:5:ubifs_ls	136	static
fs/ubifs/ubifs.c:688:5:ubifs_exists	16	static
fs/ubifs/ubifs.c:700:5:ubifs_size	24	static
fs/ubifs/ubifs.c:899:5:ubifs_read	80	static
fs/ubifs/ubifs.c:1026:6:ubifs_set_inode_flags	0	static
fs/ubifs/ubifs.c:1051:15:ubifs_new_inode	32	static
fs/ubifs/ubifs.c:1129:22:ubifs_create.constprop	64	static
fs/ubifs/ubifs.c:1289:5:ubifs_rmdir	104	static
fs/ubifs/ubifs.c:1402:5:ubifs_mkdir	32	static
fs/ubifs/ubifs.c:1453:5:ubifs_write	160	static
fs/ubifs/ubifs.c:1569:5:ubifs_unlink	88	static
fs/ubifs/ubifs.c:1680:6:ubifs_close	0	static
fs/ubifs/ubifs.c:1685:5:ubifs_load	32	static
fs/ubifs/ubifs.c:1701:6:uboot_ubifs_umount	8	static
