drivers/video/video-uclass.c:208:12:video_pre_remove	8	static
drivers/video/video-uclass.c:197:12:video_pre_probe	8	static
drivers/video/video-uclass.c:51:14:alloc_fb.isra	8	static
drivers/video/video-uclass.c:283:12:video_post_bind	16	static
drivers/video/video-uclass.c:44:6:video_set_flush_dcache	8	static
drivers/video/video-uclass.c:69:5:video_reserve	16	static
drivers/video/video-uclass.c:89:5:video_clear	8	static
drivers/video/video-uclass.c:118:6:video_set_default_colors	16	static
drivers/video/video-uclass.c:218:12:video_post_probe	80	static
drivers/video/video-uclass.c:144:6:video_sync	8	static
drivers/video/video-uclass.c:170:6:video_sync_all	16	static
drivers/video/video-uclass.c:182:5:video_get_xsize	8	static
drivers/video/video-uclass.c:189:5:video_get_ysize	8	static
